  Determining projects to restore...
  All projects are up-to-date for restore.
  LankaConnect.Domain -> C:\Work\LankaConnect\src\LankaConnect.Domain\bin\Debug\net8.0\LankaConnect.Domain.dll
  LankaConnect.Application -> C:\Work\LankaConnect\src\LankaConnect.Application\bin\Debug\net8.0\LankaConnect.Application.dll
  LankaConnect.Infrastructure -> C:\Work\LankaConnect\src\LankaConnect.Infrastructure\bin\Debug\net8.0\LankaConnect.Infrastructure.dll
  LankaConnect.TestUtilities -> C:\Work\LankaConnect\tests\LankaConnect.TestUtilities\bin\Debug\net8.0\LankaConnect.TestUtilities.dll
  LankaConnect.API -> C:\Work\LankaConnect\src\LankaConnect.API\bin\Debug\net8.0\LankaConnect.API.dll
  LankaConnect.Application.Tests -> C:\Work\LankaConnect\tests\LankaConnect.Application.Tests\bin\Debug\net8.0\LankaConnect.Application.Tests.dll
  LankaConnect.IntegrationTests -> C:\Work\LankaConnect\tests\LankaConnect.IntegrationTests\bin\Debug\net8.0\LankaConnect.IntegrationTests.dll

Build succeeded.
    0 Warning(s)
    0 Error(s)

Time Elapsed 00:02:13.08
