Build started 1/3/2026 5:28:59 PM.
     1>Project "C:\Work\LankaConnect\tests\LankaConnect.Infrastructure.Tests\LankaConnect.Infrastructure.Tests.csproj" on node 1 (Restore target(s)).
     1>_GetAllRestoreProjectPathItems:
         Determining projects to restore...
       Restore:
         X.509 certificate chain validation will use the default trust store selected by .NET for code signing.
         X.509 certificate chain validation will use the default trust store selected by .NET for timestamping.
         Restoring packages for C:\Work\LankaConnect\src\LankaConnect.Domain\LankaConnect.Domain.csproj...
         Restoring packages for C:\Work\LankaConnect\src\LankaConnect.Application\LankaConnect.Application.csproj...
         Restoring packages for C:\Work\LankaConnect\src\LankaConnect.Infrastructure\LankaConnect.Infrastructure.csproj...
         Assets file has not changed. Skipping assets file writing. Path: C:\Work\LankaConnect\tests\LankaConnect.Infrastructure.Tests\obj\project.assets.json
         Assets file has not changed. Skipping assets file writing. Path: C:\Work\LankaConnect\tests\LankaConnect.TestUtilities\obj\project.assets.json
         Restored C:\Work\LankaConnect\tests\LankaConnect.Infrastructure.Tests\LankaConnect.Infrastructure.Tests.csproj (in 116 ms).
         Restored C:\Work\LankaConnect\tests\LankaConnect.TestUtilities\LankaConnect.TestUtilities.csproj (in 116 ms).
         Assets file has not changed. Skipping assets file writing. Path: C:\Work\LankaConnect\src\LankaConnect.Domain\obj\project.assets.json
         Restored C:\Work\LankaConnect\src\LankaConnect.Domain\LankaConnect.Domain.csproj (in 235 ms).
           CACHE https://api.nuget.org/v3/vulnerabilities/index.json
           CACHE https://api.nuget.org/v3-vulnerabilities/2026.01.03.11.41.01/vulnerability.base.json
           CACHE https://api.nuget.org/v3-vulnerabilities/2026.01.03.11.41.01/2026.01.03.11.41.01/vulnerability.update.json
         Writing assets file to disk. Path: C:\Work\LankaConnect\src\LankaConnect.Application\obj\project.assets.json
         Restored C:\Work\LankaConnect\src\LankaConnect.Application\LankaConnect.Application.csproj (in 800 ms).
         Writing assets file to disk. Path: C:\Work\LankaConnect\src\LankaConnect.Infrastructure\obj\project.assets.json
         Restored C:\Work\LankaConnect\src\LankaConnect.Infrastructure\LankaConnect.Infrastructure.csproj (in 1.06 sec).
         
         NuGet Config files used:
             C:\Users\Niroshana\AppData\Roaming\NuGet\NuGet.Config
             C:\Program Files (x86)\NuGet\Config\Microsoft.VisualStudio.Offline.config
         
         Feeds used:
             https://api.nuget.org/v3/index.json
             C:\Program Files (x86)\Microsoft SDKs\NuGetPackages\
         2 of 5 projects are up-to-date for restore.
     1>Done Building Project "C:\Work\LankaConnect\tests\LankaConnect.Infrastructure.Tests\LankaConnect.Infrastructure.Tests.csproj" (Restore target(s)).
   1:7>Project "C:\Work\LankaConnect\tests\LankaConnect.Infrastructure.Tests\LankaConnect.Infrastructure.Tests.csproj" on node 4 (VSTest target(s)).
     1>BuildProject:
         Build started, please wait...
   1:7>Project "C:\Work\LankaConnect\tests\LankaConnect.Infrastructure.Tests\LankaConnect.Infrastructure.Tests.csproj" (1:7) is building "C:\Work\LankaConnect\tests\LankaConnect.Infrastructure.Tests\LankaConnect.Infrastructure.Tests.csproj" (1:8) on node 4 (default targets).
   1:8>Project "C:\Work\LankaConnect\tests\LankaConnect.Infrastructure.Tests\LankaConnect.Infrastructure.Tests.csproj" (1:8) is building "C:\Work\LankaConnect\src\LankaConnect.Domain\LankaConnect.Domain.csproj" (2:8) on node 2 (default targets).
     2>GenerateTargetFrameworkMonikerAttribute:
       Skipping target "GenerateTargetFrameworkMonikerAttribute" because all output files are up-to-date with respect to the input files.
       CoreGenerateAssemblyInfo:
       Skipping target "CoreGenerateAssemblyInfo" because all output files are up-to-date with respect to the input files.
       _GenerateSourceLinkFile:
         Updating Source Link file 'obj\Debug\net8.0\LankaConnect.Domain.sourcelink.json'.
       CoreCompile:
         C:\Program Files\dotnet\dotnet.exe exec "C:\Program Files\dotnet\sdk\8.0.416\Roslyn\bincore\csc.dll" /noconfig /unsafe- /checked- /nowarn:1701,1702,1701,1702 /fullpaths /nostdlib+ /errorreport:prompt /warn:8 /define:TRACE;DEBUG;NET;NET8_0;NETCOREAPP;NET5_0_OR_GREATER;NET6_0_OR_GREATER;NET7_0_OR_GREATER;NET8_0_OR_GREATER;NETCOREAPP1_0_OR_GREATER;NETCOREAPP1_1_OR_GREATER;NETCOREAPP2_0_OR_GREATER;NETCOREAPP2_1_OR_GREATER;NETCOREAPP2_2_OR_GREATER;NETCOREAPP3_0_OR_GREATER;NETCOREAPP3_1_OR_GREATER /preferreduilang:en-US /highentropyva+ /nullable:enable /reference:"C:\Program Files\dotnet\packs\Microsoft.NETCore.App.Ref\8.0.22\ref\net8.0\Microsoft.CSharp.dll" /reference:"C:\Program Files\dotnet\packs\Microsoft.NETCore.App.Ref\8.0.22\ref\net8.0\Microsoft.VisualBasic.Core.dll" /reference:"C:\Program Files\dotnet\packs\Microsoft.NETCore.App.Ref\8.0.22\ref\net8.0\Microsoft.VisualBasic.dll" /reference:"C:\Program Files\dotnet\packs\Microsoft.NETCore.App.Ref\8.0.22\ref\net8.0\Microsoft.Win32.Primitives.dll" /reference:"C:\Program Files\dotnet\packs\Microsoft.NETCore.App.Ref\8.0.22\ref\net8.0\Microsoft.Win32.Registry.dll" /reference:"C:\Program Files\dotnet\packs\Microsoft.NETCore.App.Ref\8.0.22\ref\net8.0\mscorlib.dll" /reference:"C:\Program Files\dotnet\packs\Microsoft.NETCore.App.Ref\8.0.22\ref\net8.0\netstandard.dll" /reference:"C:\Program Files\dotnet\packs\Microsoft.NETCore.App.Ref\8.0.22\ref\net8.0\System.AppContext.dll" /reference:"C:\Program Files\dotnet\packs\Microsoft.NETCore.App.Ref\8.0.22\ref\net8.0\System.Buffers.dll" /reference:"C:\Program Files\dotnet\packs\Microsoft.NETCore.App.Ref\8.0.22\ref\net8.0\System.Collections.Concurrent.dll" /reference:"C:\Program Files\dotnet\packs\Microsoft.NETCore.App.Ref\8.0.22\ref\net8.0\System.Collections.dll" /reference:"C:\Program Files\dotnet\packs\Microsoft.NETCore.App.Ref\8.0.22\ref\net8.0\System.Collections.Immutable.dll" /reference:"C:\Program Files\dotnet\packs\Microsoft.NETCore.App.Ref\8.0.22\ref\net8.0\System.Collections.NonGeneric.dll" /reference:"C:\Program Files\dotnet\packs\Microsoft.NETCore.App.Ref\8.0.22\ref\net8.0\System.Collections.Specialized.dll" /reference:"C:\Program Files\dotnet\packs\Microsoft.NETCore.App.Ref\8.0.22\ref\net8.0\System.ComponentModel.Annotations.dll" /reference:"C:\Program Files\dotnet\packs\Microsoft.NETCore.App.Ref\8.0.22\ref\net8.0\System.ComponentModel.DataAnnotations.dll" /reference:"C:\Program Files\dotnet\packs\Microsoft.NETCore.App.Ref\8.0.22\ref\net8.0\System.ComponentModel.dll" /reference:"C:\Program Files\dotnet\packs\Microsoft.NETCore.App.Ref\8.0.22\ref\net8.0\System.ComponentModel.EventBasedAsync.dll" /reference:"C:\Program Files\dotnet\packs\Microsoft.NETCore.App.Ref\8.0.22\ref\net8.0\System.ComponentModel.Primitives.dll" /reference:"C:\Program Files\dotnet\packs\Microsoft.NETCore.App.Ref\8.0.22\ref\net8.0\System.ComponentModel.TypeConverter.dll" /reference:"C:\Program Files\dotnet\packs\Microsoft.NETCore.App.Ref\8.0.22\ref\net8.0\System.Configuration.dll" /reference:"C:\Program Files\dotnet\packs\Microsoft.NETCore.App.Ref\8.0.22\ref\net8.0\System.Console.dll" /reference:"C:\Program Files\dotnet\packs\Microsoft.NETCore.App.Ref\8.0.22\ref\net8.0\System.Core.dll" /reference:"C:\Program Files\dotnet\packs\Microsoft.NETCore.App.Ref\8.0.22\ref\net8.0\System.Data.Common.dll" /reference:"C:\Program Files\dotnet\packs\Microsoft.NETCore.App.Ref\8.0.22\ref\net8.0\System.Data.DataSetExtensions.dll" /reference:"C:\Program Files\dotnet\packs\Microsoft.NETCore.App.Ref\8.0.22\ref\net8.0\System.Data.dll" /reference:"C:\Program Files\dotnet\packs\Microsoft.NETCore.App.Ref\8.0.22\ref\net8.0\System.Diagnostics.Contracts.dll" /reference:"C:\Program Files\dotnet\packs\Microsoft.NETCore.App.Ref\8.0.22\ref\net8.0\System.Diagnostics.Debug.dll" /reference:"C:\Program Files\dotnet\packs\Microsoft.NETCore.App.Ref\8.0.22\ref\net8.0\System.Diagnostics.DiagnosticSource.dll" /reference:"C:\Program Files\dotnet\packs\Microsoft.NETCore.App.Ref\8.0.22\ref\net8.0\System.Diagnostics.FileVersionInfo.dll" /reference:"C:\Program Files\dotnet\packs\Microsoft.NETCore.App.Ref\8.0.22\ref\net8.0\System.Diagnostics.Process.dll" /reference:"C:\Program Files\dotnet\packs\Microsoft.NETCore.App.Ref\8.0.22\ref\net8.0\System.Diagnostics.StackTrace.dll" /reference:"C:\Program Files\dotnet\packs\Microsoft.NETCore.App.Ref\8.0.22\ref\net8.0\System.Diagnostics.TextWriterTraceListener.dll" /reference:"C:\Program Files\dotnet\packs\Microsoft.NETCore.App.Ref\8.0.22\ref\net8.0\System.Diagnostics.Tools.dll" /reference:"C:\Program Files\dotnet\packs\Microsoft.NETCore.App.Ref\8.0.22\ref\net8.0\System.Diagnostics.TraceSource.dll" /reference:"C:\Program Files\dotnet\packs\Microsoft.NETCore.App.Ref\8.0.22\ref\net8.0\System.Diagnostics.Tracing.dll" /reference:"C:\Program Files\dotnet\packs\Microsoft.NETCore.App.Ref\8.0.22\ref\net8.0\System.dll" /reference:"C:\Program Files\dotnet\packs\Microsoft.NETCore.App.Ref\8.0.22\ref\net8.0\System.Drawing.dll" /reference:"C:\Program Files\dotnet\packs\Microsoft.NETCore.App.Ref\8.0.22\ref\net8.0\System.Drawing.Primitives.dll" /reference:"C:\Program Files\dotnet\packs\Microsoft.NETCore.App.Ref\8.0.22\ref\net8.0\System.Dynamic.Runtime.dll" /reference:"C:\Program Files\dotnet\packs\Microsoft.NETCore.App.Ref\8.0.22\ref\net8.0\System.Formats.Asn1.dll" /reference:"C:\Program Files\dotnet\packs\Microsoft.NETCore.App.Ref\8.0.22\ref\net8.0\System.Formats.Tar.dll" /reference:"C:\Program Files\dotnet\packs\Microsoft.NETCore.App.Ref\8.0.22\ref\net8.0\System.Globalization.Calendars.dll" /reference:"C:\Program Files\dotnet\packs\Microsoft.NETCore.App.Ref\8.0.22\ref\net8.0\System.Globalization.dll" /reference:"C:\Program Files\dotnet\packs\Microsoft.NETCore.App.Ref\8.0.22\ref\net8.0\System.Globalization.Extensions.dll" /reference:"C:\Program Files\dotnet\packs\Microsoft.NETCore.App.Ref\8.0.22\ref\net8.0\System.IO.Compression.Brotli.dll" /reference:"C:\Program Files\dotnet\packs\Microsoft.NETCore.App.Ref\8.0.22\ref\net8.0\System.IO.Compression.dll" /reference:"C:\Program Files\dotnet\packs\Microsoft.NETCore.App.Ref\8.0.22\ref\net8.0\System.IO.Compression.FileSystem.dll" /reference:"C:\Program Files\dotnet\packs\Microsoft.NETCore.App.Ref\8.0.22\ref\net8.0\System.IO.Compression.ZipFile.dll" /reference:"C:\Program Files\dotnet\packs\Microsoft.NETCore.App.Ref\8.0.22\ref\net8.0\System.IO.dll" /reference:"C:\Program Files\dotnet\packs\Microsoft.NETCore.App.Ref\8.0.22\ref\net8.0\System.IO.FileSystem.AccessControl.dll" /reference:"C:\Program Files\dotnet\packs\Microsoft.NETCore.App.Ref\8.0.22\ref\net8.0\System.IO.FileSystem.dll" /reference:"C:\Program Files\dotnet\packs\Microsoft.NETCore.App.Ref\8.0.22\ref\net8.0\System.IO.FileSystem.DriveInfo.dll" /reference:"C:\Program Files\dotnet\packs\Microsoft.NETCore.App.Ref\8.0.22\ref\net8.0\System.IO.FileSystem.Primitives.dll" /reference:"C:\Program Files\dotnet\packs\Microsoft.NETCore.App.Ref\8.0.22\ref\net8.0\System.IO.FileSystem.Watcher.dll" /reference:"C:\Program Files\dotnet\packs\Microsoft.NETCore.App.Ref\8.0.22\ref\net8.0\System.IO.IsolatedStorage.dll" /reference:"C:\Program Files\dotnet\packs\Microsoft.NETCore.App.Ref\8.0.22\ref\net8.0\System.IO.MemoryMappedFiles.dll" /reference:"C:\Program Files\dotnet\packs\Microsoft.NETCore.App.Ref\8.0.22\ref\net8.0\System.IO.Pipes.AccessControl.dll" /reference:"C:\Program Files\dotnet\packs\Microsoft.NETCore.App.Ref\8.0.22\ref\net8.0\System.IO.Pipes.dll" /reference:"C:\Program Files\dotnet\packs\Microsoft.NETCore.App.Ref\8.0.22\ref\net8.0\System.IO.UnmanagedMemoryStream.dll" /reference:"C:\Program Files\dotnet\packs\Microsoft.NETCore.App.Ref\8.0.22\ref\net8.0\System.Linq.dll" /reference:"C:\Program Files\dotnet\packs\Microsoft.NETCore.App.Ref\8.0.22\ref\net8.0\System.Linq.Expressions.dll" /reference:"C:\Program Files\dotnet\packs\Microsoft.NETCore.App.Ref\8.0.22\ref\net8.0\System.Linq.Parallel.dll" /reference:"C:\Program Files\dotnet\packs\Microsoft.NETCore.App.Ref\8.0.22\ref\net8.0\System.Linq.Queryable.dll" /reference:"C:\Program Files\dotnet\packs\Microsoft.NETCore.App.Ref\8.0.22\ref\net8.0\System.Memory.dll" /reference:"C:\Program Files\dotnet\packs\Microsoft.NETCore.App.Ref\8.0.22\ref\net8.0\System.Net.dll" /reference:"C:\Program Files\dotnet\packs\Microsoft.NETCore.App.Ref\8.0.22\ref\net8.0\System.Net.Http.dll" /reference:"C:\Program Files\dotnet\packs\Microsoft.NETCore.App.Ref\8.0.22\ref\net8.0\System.Net.Http.Json.dll" /reference:"C:\Program Files\dotnet\packs\Microsoft.NETCore.App.Ref\8.0.22\ref\net8.0\System.Net.HttpListener.dll" /reference:"C:\Program Files\dotnet\packs\Microsoft.NETCore.App.Ref\8.0.22\ref\net8.0\System.Net.Mail.dll" /reference:"C:\Program Files\dotnet\packs\Microsoft.NETCore.App.Ref\8.0.22\ref\net8.0\System.Net.NameResolution.dll" /reference:"C:\Program Files\dotnet\packs\Microsoft.NETCore.App.Ref\8.0.22\ref\net8.0\System.Net.NetworkInformation.dll" /reference:"C:\Program Files\dotnet\packs\Microsoft.NETCore.App.Ref\8.0.22\ref\net8.0\System.Net.Ping.dll" /reference:"C:\Program Files\dotnet\packs\Microsoft.NETCore.App.Ref\8.0.22\ref\net8.0\System.Net.Primitives.dll" /reference:"C:\Program Files\dotnet\packs\Microsoft.NETCore.App.Ref\8.0.22\ref\net8.0\System.Net.Quic.dll" /reference:"C:\Program Files\dotnet\packs\Microsoft.NETCore.App.Ref\8.0.22\ref\net8.0\System.Net.Requests.dll" /reference:"C:\Program Files\dotnet\packs\Microsoft.NETCore.App.Ref\8.0.22\ref\net8.0\System.Net.Security.dll" /reference:"C:\Program Files\dotnet\packs\Microsoft.NETCore.App.Ref\8.0.22\ref\net8.0\System.Net.ServicePoint.dll" /reference:"C:\Program Files\dotnet\packs\Microsoft.NETCore.App.Ref\8.0.22\ref\net8.0\System.Net.Sockets.dll" /reference:"C:\Program Files\dotnet\packs\Microsoft.NETCore.App.Ref\8.0.22\ref\net8.0\System.Net.WebClient.dll" /reference:"C:\Program Files\dotnet\packs\Microsoft.NETCore.App.Ref\8.0.22\ref\net8.0\System.Net.WebHeaderCollection.dll" /reference:"C:\Program Files\dotnet\packs\Microsoft.NETCore.App.Ref\8.0.22\ref\net8.0\System.Net.WebProxy.dll" /reference:"C:\Program Files\dotnet\packs\Microsoft.NETCore.App.Ref\8.0.22\ref\net8.0\System.Net.WebSockets.Client.dll" /reference:"C:\Program Files\dotnet\packs\Microsoft.NETCore.App.Ref\8.0.22\ref\net8.0\System.Net.WebSockets.dll" /reference:"C:\Program Files\dotnet\packs\Microsoft.NETCore.App.Ref\8.0.22\ref\net8.0\System.Numerics.dll" /reference:"C:\Program Files\dotnet\packs\Microsoft.NETCore.App.Ref\8.0.22\ref\net8.0\System.Numerics.Vectors.dll" /reference:"C:\Program Files\dotnet\packs\Microsoft.NETCore.App.Ref\8.0.22\ref\net8.0\System.ObjectModel.dll" /reference:"C:\Program Files\dotnet\packs\Microsoft.NETCore.App.Ref\8.0.22\ref\net8.0\System.Reflection.DispatchProxy.dll" /reference:"C:\Program Files\dotnet\packs\Microsoft.NETCore.App.Ref\8.0.22\ref\net8.0\System.Reflection.dll" /reference:"C:\Program Files\dotnet\packs\Microsoft.NETCore.App.Ref\8.0.22\ref\net8.0\System.Reflection.Emit.dll" /reference:"C:\Program Files\dotnet\packs\Microsoft.NETCore.App.Ref\8.0.22\ref\net8.0\System.Reflection.Emit.ILGeneration.dll" /reference:"C:\Program Files\dotnet\packs\Microsoft.NETCore.App.Ref\8.0.22\ref\net8.0\System.Reflection.Emit.Lightweight.dll" /reference:"C:\Program Files\dotnet\packs\Microsoft.NETCore.App.Ref\8.0.22\ref\net8.0\System.Reflection.Extensions.dll" /reference:"C:\Program Files\dotnet\packs\Microsoft.NETCore.App.Ref\8.0.22\ref\net8.0\System.Reflection.Metadata.dll" /reference:"C:\Program Files\dotnet\packs\Microsoft.NETCore.App.Ref\8.0.22\ref\net8.0\System.Reflection.Primitives.dll" /reference:"C:\Program Files\dotnet\packs\Microsoft.NETCore.App.Ref\8.0.22\ref\net8.0\System.Reflection.TypeExtensions.dll" /reference:"C:\Program Files\dotnet\packs\Microsoft.NETCore.App.Ref\8.0.22\ref\net8.0\System.Resources.Reader.dll" /reference:"C:\Program Files\dotnet\packs\Microsoft.NETCore.App.Ref\8.0.22\ref\net8.0\System.Resources.ResourceManager.dll" /reference:"C:\Program Files\dotnet\packs\Microsoft.NETCore.App.Ref\8.0.22\ref\net8.0\System.Resources.Writer.dll" /reference:"C:\Program Files\dotnet\packs\Microsoft.NETCore.App.Ref\8.0.22\ref\net8.0\System.Runtime.CompilerServices.Unsafe.dll" /reference:"C:\Program Files\dotnet\packs\Microsoft.NETCore.App.Ref\8.0.22\ref\net8.0\System.Runtime.CompilerServices.VisualC.dll" /reference:"C:\Program Files\dotnet\packs\Microsoft.NETCore.App.Ref\8.0.22\ref\net8.0\System.Runtime.dll" /reference:"C:\Program Files\dotnet\packs\Microsoft.NETCore.App.Ref\8.0.22\ref\net8.0\System.Runtime.Extensions.dll" /reference:"C:\Program Files\dotnet\packs\Microsoft.NETCore.App.Ref\8.0.22\ref\net8.0\System.Runtime.Handles.dll" /reference:"C:\Program Files\dotnet\packs\Microsoft.NETCore.App.Ref\8.0.22\ref\net8.0\System.Runtime.InteropServices.dll" /reference:"C:\Program Files\dotnet\packs\Microsoft.NETCore.App.Ref\8.0.22\ref\net8.0\System.Runtime.InteropServices.JavaScript.dll" /reference:"C:\Program Files\dotnet\packs\Microsoft.NETCore.App.Ref\8.0.22\ref\net8.0\System.Runtime.InteropServices.RuntimeInformation.dll" /reference:"C:\Program Files\dotnet\packs\Microsoft.NETCore.App.Ref\8.0.22\ref\net8.0\System.Runtime.Intrinsics.dll" /reference:"C:\Program Files\dotnet\packs\Microsoft.NETCore.App.Ref\8.0.22\ref\net8.0\System.Runtime.Loader.dll" /reference:"C:\Program Files\dotnet\packs\Microsoft.NETCore.App.Ref\8.0.22\ref\net8.0\System.Runtime.Numerics.dll" /reference:"C:\Program Files\dotnet\packs\Microsoft.NETCore.App.Ref\8.0.22\ref\net8.0\System.Runtime.Serialization.dll" /reference:"C:\Program Files\dotnet\packs\Microsoft.NETCore.App.Ref\8.0.22\ref\net8.0\System.Runtime.Serialization.Formatters.dll" /reference:"C:\Program Files\dotnet\packs\Microsoft.NETCore.App.Ref\8.0.22\ref\net8.0\System.Runtime.Serialization.Json.dll" /reference:"C:\Program Files\dotnet\packs\Microsoft.NETCore.App.Ref\8.0.22\ref\net8.0\System.Runtime.Serialization.Primitives.dll" /reference:"C:\Program Files\dotnet\packs\Microsoft.NETCore.App.Ref\8.0.22\ref\net8.0\System.Runtime.Serialization.Xml.dll" /reference:"C:\Program Files\dotnet\packs\Microsoft.NETCore.App.Ref\8.0.22\ref\net8.0\System.Security.AccessControl.dll" /reference:"C:\Program Files\dotnet\packs\Microsoft.NETCore.App.Ref\8.0.22\ref\net8.0\System.Security.Claims.dll" /reference:"C:\Program Files\dotnet\packs\Microsoft.NETCore.App.Ref\8.0.22\ref\net8.0\System.Security.Cryptography.Algorithms.dll" /reference:"C:\Program Files\dotnet\packs\Microsoft.NETCore.App.Ref\8.0.22\ref\net8.0\System.Security.Cryptography.Cng.dll" /reference:"C:\Program Files\dotnet\packs\Microsoft.NETCore.App.Ref\8.0.22\ref\net8.0\System.Security.Cryptography.Csp.dll" /reference:"C:\Program Files\dotnet\packs\Microsoft.NETCore.App.Ref\8.0.22\ref\net8.0\System.Security.Cryptography.dll" /reference:"C:\Program Files\dotnet\packs\Microsoft.NETCore.App.Ref\8.0.22\ref\net8.0\System.Security.Cryptography.Encoding.dll" /reference:"C:\Program Files\dotnet\packs\Microsoft.NETCore.App.Ref\8.0.22\ref\net8.0\System.Security.Cryptography.OpenSsl.dll" /reference:"C:\Program Files\dotnet\packs\Microsoft.NETCore.App.Ref\8.0.22\ref\net8.0\System.Security.Cryptography.Primitives.dll" /reference:"C:\Program Files\dotnet\packs\Microsoft.NETCore.App.Ref\8.0.22\ref\net8.0\System.Security.Cryptography.X509Certificates.dll" /reference:"C:\Program Files\dotnet\packs\Microsoft.NETCore.App.Ref\8.0.22\ref\net8.0\System.Security.dll" /reference:"C:\Program Files\dotnet\packs\Microsoft.NETCore.App.Ref\8.0.22\ref\net8.0\System.Security.Principal.dll" /reference:"C:\Program Files\dotnet\packs\Microsoft.NETCore.App.Ref\8.0.22\ref\net8.0\System.Security.Principal.Windows.dll" /reference:"C:\Program Files\dotnet\packs\Microsoft.NETCore.App.Ref\8.0.22\ref\net8.0\System.Security.SecureString.dll" /reference:"C:\Program Files\dotnet\packs\Microsoft.NETCore.App.Ref\8.0.22\ref\net8.0\System.ServiceModel.Web.dll" /reference:"C:\Program Files\dotnet\packs\Microsoft.NETCore.App.Ref\8.0.22\ref\net8.0\System.ServiceProcess.dll" /reference:"C:\Program Files\dotnet\packs\Microsoft.NETCore.App.Ref\8.0.22\ref\net8.0\System.Text.Encoding.CodePages.dll" /reference:"C:\Program Files\dotnet\packs\Microsoft.NETCore.App.Ref\8.0.22\ref\net8.0\System.Text.Encoding.dll" /reference:"C:\Program Files\dotnet\packs\Microsoft.NETCore.App.Ref\8.0.22\ref\net8.0\System.Text.Encoding.Extensions.dll" /reference:"C:\Program Files\dotnet\packs\Microsoft.NETCore.App.Ref\8.0.22\ref\net8.0\System.Text.Encodings.Web.dll" /reference:"C:\Program Files\dotnet\packs\Microsoft.NETCore.App.Ref\8.0.22\ref\net8.0\System.Text.Json.dll" /reference:"C:\Program Files\dotnet\packs\Microsoft.NETCore.App.Ref\8.0.22\ref\net8.0\System.Text.RegularExpressions.dll" /reference:"C:\Program Files\dotnet\packs\Microsoft.NETCore.App.Ref\8.0.22\ref\net8.0\System.Threading.Channels.dll" /reference:"C:\Program Files\dotnet\packs\Microsoft.NETCore.App.Ref\8.0.22\ref\net8.0\System.Threading.dll" /reference:"C:\Program Files\dotnet\packs\Microsoft.NETCore.App.Ref\8.0.22\ref\net8.0\System.Threading.Overlapped.dll" /reference:"C:\Program Files\dotnet\packs\Microsoft.NETCore.App.Ref\8.0.22\ref\net8.0\System.Threading.Tasks.Dataflow.dll" /reference:"C:\Program Files\dotnet\packs\Microsoft.NETCore.App.Ref\8.0.22\ref\net8.0\System.Threading.Tasks.dll" /reference:"C:\Program Files\dotnet\packs\Microsoft.NETCore.App.Ref\8.0.22\ref\net8.0\System.Threading.Tasks.Extensions.dll" /reference:"C:\Program Files\dotnet\packs\Microsoft.NETCore.App.Ref\8.0.22\ref\net8.0\System.Threading.Tasks.Parallel.dll" /reference:"C:\Program Files\dotnet\packs\Microsoft.NETCore.App.Ref\8.0.22\ref\net8.0\System.Threading.Thread.dll" /reference:"C:\Program Files\dotnet\packs\Microsoft.NETCore.App.Ref\8.0.22\ref\net8.0\System.Threading.ThreadPool.dll" /reference:"C:\Program Files\dotnet\packs\Microsoft.NETCore.App.Ref\8.0.22\ref\net8.0\System.Threading.Timer.dll" /reference:"C:\Program Files\dotnet\packs\Microsoft.NETCore.App.Ref\8.0.22\ref\net8.0\System.Transactions.dll" /reference:"C:\Program Files\dotnet\packs\Microsoft.NETCore.App.Ref\8.0.22\ref\net8.0\System.Transactions.Local.dll" /reference:"C:\Program Files\dotnet\packs\Microsoft.NETCore.App.Ref\8.0.22\ref\net8.0\System.ValueTuple.dll" /reference:"C:\Program Files\dotnet\packs\Microsoft.NETCore.App.Ref\8.0.22\ref\net8.0\System.Web.dll" /reference:"C:\Program Files\dotnet\packs\Microsoft.NETCore.App.Ref\8.0.22\ref\net8.0\System.Web.HttpUtility.dll" /reference:"C:\Program Files\dotnet\packs\Microsoft.NETCore.App.Ref\8.0.22\ref\net8.0\System.Windows.dll" /reference:"C:\Program Files\dotnet\packs\Microsoft.NETCore.App.Ref\8.0.22\ref\net8.0\System.Xml.dll" /reference:"C:\Program Files\dotnet\packs\Microsoft.NETCore.App.Ref\8.0.22\ref\net8.0\System.Xml.Linq.dll" /reference:"C:\Program Files\dotnet\packs\Microsoft.NETCore.App.Ref\8.0.22\ref\net8.0\System.Xml.ReaderWriter.dll" /reference:"C:\Program Files\dotnet\packs\Microsoft.NETCore.App.Ref\8.0.22\ref\net8.0\System.Xml.Serialization.dll" /reference:"C:\Program Files\dotnet\packs\Microsoft.NETCore.App.Ref\8.0.22\ref\net8.0\System.Xml.XDocument.dll" /reference:"C:\Program Files\dotnet\packs\Microsoft.NETCore.App.Ref\8.0.22\ref\net8.0\System.Xml.XmlDocument.dll" /reference:"C:\Program Files\dotnet\packs\Microsoft.NETCore.App.Ref\8.0.22\ref\net8.0\System.Xml.XmlSerializer.dll" /reference:"C:\Program Files\dotnet\packs\Microsoft.NETCore.App.Ref\8.0.22\ref\net8.0\System.Xml.XPath.dll" /reference:"C:\Program Files\dotnet\packs\Microsoft.NETCore.App.Ref\8.0.22\ref\net8.0\System.Xml.XPath.XDocument.dll" /reference:"C:\Program Files\dotnet\packs\Microsoft.NETCore.App.Ref\8.0.22\ref\net8.0\WindowsBase.dll" /debug+ /debug:portable /filealign:512 /optimize- /out:obj\Debug\net8.0\LankaConnect.Domain.dll /refout:obj\Debug\net8.0\refint\LankaConnect.Domain.dll /target:library /warnaserror+ /utf8output /deterministic+ /sourcelink:obj\Debug\net8.0\LankaConnect.Domain.sourcelink.json /langversion:12.0 /embed:obj\Debug\net8.0\LankaConnect.Domain.GlobalUsings.g.cs /embed:"obj\Debug\net8.0\.NETCoreApp,Version=v8.0.AssemblyAttributes.cs" /embed:obj\Debug\net8.0\LankaConnect.Domain.AssemblyInfo.cs /analyzerconfig:C:\Work\LankaConnect\.editorconfig /analyzerconfig:obj\Debug\net8.0\LankaConnect.Domain.GeneratedMSBuildEditorConfig.editorconfig /analyzerconfig:"C:\Program Files\dotnet\sdk\8.0.416\Sdks\Microsoft.NET.Sdk\analyzers\build\config\analysislevel_8_default.globalconfig" /analyzer:"C:\Program Files\dotnet\sdk\8.0.416\Sdks\Microsoft.NET.Sdk\targets\..\analyzers\Microsoft.CodeAnalysis.CSharp.NetAnalyzers.dll" /analyzer:"C:\Program Files\dotnet\sdk\8.0.416\Sdks\Microsoft.NET.Sdk\targets\..\analyzers\Microsoft.CodeAnalysis.NetAnalyzers.dll" /analyzer:"C:\Program Files\dotnet\sdk\8.0.416\Sdks\Microsoft.NET.Sdk\targets\..\codestyle\cs\Microsoft.CodeAnalysis.CodeStyle.dll" /analyzer:"C:\Program Files\dotnet\sdk\8.0.416\Sdks\Microsoft.NET.Sdk\targets\..\codestyle\cs\Microsoft.CodeAnalysis.CodeStyle.Fixes.dll" /analyzer:"C:\Program Files\dotnet\sdk\8.0.416\Sdks\Microsoft.NET.Sdk\targets\..\codestyle\cs\Microsoft.CodeAnalysis.CSharp.CodeStyle.dll" /analyzer:"C:\Program Files\dotnet\sdk\8.0.416\Sdks\Microsoft.NET.Sdk\targets\..\codestyle\cs\Microsoft.CodeAnalysis.CSharp.CodeStyle.Fixes.dll" /analyzer:"C:\Program Files\dotnet\packs\Microsoft.NETCore.App.Ref\8.0.22\analyzers/dotnet/cs/Microsoft.Interop.ComInterfaceGenerator.dll" /analyzer:"C:\Program Files\dotnet\packs\Microsoft.NETCore.App.Ref\8.0.22\analyzers/dotnet/cs/Microsoft.Interop.JavaScript.JSImportGenerator.dll" /analyzer:"C:\Program Files\dotnet\packs\Microsoft.NETCore.App.Ref\8.0.22\analyzers/dotnet/cs/Microsoft.Interop.LibraryImportGenerator.dll" /analyzer:"C:\Program Files\dotnet\packs\Microsoft.NETCore.App.Ref\8.0.22\analyzers/dotnet/cs/Microsoft.Interop.SourceGeneration.dll" /analyzer:"C:\Program Files\dotnet\packs\Microsoft.NETCore.App.Ref\8.0.22\analyzers/dotnet/cs/System.Text.Json.SourceGeneration.dll" /analyzer:"C:\Program Files\dotnet\packs\Microsoft.NETCore.App.Ref\8.0.22\analyzers/dotnet/cs/System.Text.RegularExpressions.Generator.dll" Analytics\DomainEvents\EventViewRecordedDomainEvent.cs Analytics\EventAnalytics.cs Analytics\IEventAnalyticsRepository.cs Analytics\IEventViewRecordRepository.cs Badges\Badge.cs Badges\BadgeLocationConfig.cs Badges\Enums\BadgePosition.cs Badges\IBadgeRepository.cs Billing\BillingSupportingTypes.cs Billing\BillingValueObjects.cs Billing\CulturalIntelligenceBilling.cs Billing\CulturalIntelligenceTier.cs Business\Business.cs Business\Enums\BusinessCategory.cs Business\Enums\BusinessStatus.cs Business\Enums\ReviewStatus.cs Business\Enums\ServiceType.cs Business\RevenueProtectionStrategy.cs Business\Review.cs Business\Service.cs Business\ServiceLevelAgreement.cs Business\Specifications\BusinessSearchSpecification.cs Business\ValueObjects\Address.cs Business\ValueObjects\BusinessHours.cs Business\ValueObjects\BusinessImage.cs Business\ValueObjects\BusinessLocation.cs Business\ValueObjects\BusinessProfile.cs Business\ValueObjects\ContactInformation.cs Business\ValueObjects\GeoCoordinate.cs Business\ValueObjects\OperatingHours.cs Business\ValueObjects\Rating.cs Business\ValueObjects\ReviewContent.cs Business\ValueObjects\ServiceOffering.cs Business\ValueObjects\SocialMediaLinks.cs Class1.cs Common\Abstractions\IFailoverOrchestrator.cs Common\AggregateRoot.cs Common\BaseEntity.cs Common\Configuration\SystemConfigurationTypes.cs Common\Contracts\IDomainEvent.cs Common\Contracts\IEntity.cs Common\CulturalCacheKey.cs Common\CulturalIntelligence\MultiLanguageRoutingTypes.cs Common\Database\AdditionalConnectionPoolTypes.cs Common\Database\AdditionalMissingModels.cs Common\Database\AdditionalPerformanceTypes.cs Common\Database\AutoScalingModels.cs Common\Database\BackupRecoveryModels.cs Common\Database\CompromisedDataIdentifier.cs Common\Database\ConflictManagementTypes.cs Common\Database\ConnectionPoolModels.cs Common\Database\ConsistencyModels.cs Common\Database\CrossRegionFailoverTypes.cs Common\Database\CulturalActivityPattern.cs Common\Database\CulturalCalendarModels.cs Common\Database\CulturalConflictModels.cs Common\Database\CulturalDataPriorityExtensions.cs Common\Database\CulturalEvent.cs Common\Database\CulturalEventModels.cs Common\Database\DatabaseMonitoringModels.cs Common\Database\DatabasePerformanceTypes.cs Common\Database\DatabaseSecurityModels.cs Common\Database\ErrorHandlingTypes.cs Common\Database\EventArgsModels.cs Common\Database\FailoverModels.cs Common\Database\FinalMissingTypes.cs Common\Database\ForensicAnalysisResult.cs Common\Database\ForensicAnalysisScope.cs Common\Database\GeographicCulturalRoutingModels.cs Common\Database\LastMissingTypes.cs Common\Database\LoadBalancingConfiguration.cs Common\Database\LoadBalancingModels.cs Common\Database\MissingEventModels.cs Common\Database\MultiLanguageRoutingModels.cs Common\Database\MultiRegionPerformanceTypes.cs Common\Database\PerformanceCulturalEvent.cs Common\Database\PerformanceMissingTypes.cs Common\Database\PricingOptimizationTypes.cs Common\Database\RegionalAnalysisTypes.cs Common\Database\RevenueOptimizationTypes.cs Common\Database\SecurityComplianceTypes.cs Common\Database\SecurityMissingTypes.cs Common\Database\SecurityPrivilegeTypes.cs Common\Database\ShardingModels.cs Common\DisasterRecovery\DisasterRecoveryContext.cs Common\DisasterRecovery\DisasterRecoveryTypes.cs Common\DisasterRecovery\EmergencyRecoveryTypes.cs Common\DomainEvent.cs Common\Entities\EntityBase.cs Common\Entity.cs Common\Enums\ClientSegment.cs Common\Enums\ContentType.cs Common\Enums\CulturalDataType.cs Common\Enums\CulturalEventType.cs Common\Enums\CulturalIntelligenceBackupStatus.cs Common\Enums\DiasporaEngagementType.cs Common\Enums\EnterpriseContractTier.cs Common\Enums\GeographicRegion.cs Common\Enums\PerformanceObjective.cs Common\Enums\ReportFormat.cs Common\Enums\SouthAsianLanguage.cs Common\Enums\SubscriptionTier.cs Common\Enums\SynchronizationPriority.cs Common\Error.cs Common\Exceptions\BusinessNotFoundException.cs Common\Exceptions\DomainException.cs Common\Exceptions\ValidationException.cs Common\IAggregateRoot.cs Common\IDomainEvent.cs Common\IRepository.cs Common\ISpecification.cs Common\IUnitOfWork.cs Common\Models\EngineResults.cs Common\Monitoring\AlertingTypes.cs Common\Monitoring\ComplianceTypes.cs Common\Monitoring\ComplianceValidationModels.cs Common\Monitoring\CulturalImpactAssessment.cs Common\Monitoring\CulturalIntelligenceEndpoint.cs Common\Monitoring\CulturalIntelligenceMetrics.cs Common\Monitoring\DashboardModels.cs Common\Monitoring\HealthMonitoringTypes.cs Common\Notifications\NotificationTypes.cs Common\Performance\APMTypes.cs Common\Performance\AutoScalingModels.cs Common\Performance\CostAwareScalingTypes.cs Common\Performance\DistributedTracingTypes.cs Common\Performance\EmergencyPerformanceTypes.cs Common\Performance\PredictiveScalingTypes.cs Common\Performance\ThresholdManagementTypes.cs Common\Privacy\PrivacyProtectionTypes.cs Common\Recovery\RecoveryTypes.cs Common\Result.cs Common\Security\EmergencySecurityTypes.cs Common\Security\RegionalMonitoringTypes.cs Common\Security\RegionalSecurityTypes.cs Common\Security\SecurityIncident.cs Common\Security\SecurityOptimizationTypes.cs Common\Security\SecurityTypes.cs Common\Security\SecurityViolation.cs Common\StronglyTypedId.cs Common\Users\CulturalUserProfile.cs Common\ValidationResult.cs Common\ValueObject.cs Common\ValueObjects\AlertSeverity.cs Common\ValueObjects\AnalysisPeriod.cs Common\ValueObjects\DateRange.cs Common\ValueObjects\PerformanceThreshold.cs Common\ValueObjects\ReportFormat.cs Common\ValueObjects\ReportingConfiguration.cs Common\ValueObjects\SLAReportingConfiguration.cs Common\ValueObjects\UserSegment.cs Communications\DomainEvents\NewsletterSubscriptionCancelledEvent.cs Communications\DomainEvents\NewsletterSubscriptionConfirmedEvent.cs Communications\DomainEvents\NewsletterSubscriptionCreatedEvent.cs Communications\Entities\EmailGroup.cs Communications\Entities\EmailMessage.cs Communications\Entities\EmailTemplate.cs Communications\Entities\NewsletterSubscriber.cs Communications\Entities\UserEmailPreferences.cs Communications\Entities\WhatsAppMessage.cs Communications\Enums\BuddhistFestival.cs Communications\Enums\CalendarSystem.cs Communications\Enums\CulturalBackground.cs Communications\Enums\CulturalCommunity.cs Communications\Enums\EmailDeliveryStatus.cs Communications\Enums\EmailPriority.cs Communications\Enums\EmailStatus.cs Communications\Enums\EmailType.cs Communications\Enums\GeographicRegion.cs Communications\Enums\HinduFestival.cs Communications\Enums\ReligiousContext.cs Communications\Enums\SriLankanLanguage.cs Communications\Enums\WhatsAppMessageStatus.cs Communications\Enums\WhatsAppMessageType.cs Communications\IEmailGroupRepository.cs Communications\Services\BuddhistContentAdapter.cs Communications\Services\ChristmasEmailOptimizer.cs Communications\Services\CulturalIntelligenceOrchestrator.cs Communications\Services\CulturalMessageValidator.cs Communications\Services\CulturalTemplateSelector.cs Communications\Services\CulturalTimingOptimizer.cs Communications\Services\CulturalWhatsAppService.cs Communications\Services\DeepavaliEmailOptimizer.cs Communications\Services\DiasporaEmailOptimizer.cs Communications\Services\DiasporaNotificationService.cs Communications\Services\EidEmailOptimizer.cs Communications\Services\EmailCulturalOptimizer.cs Communications\Services\EmailTemplateCategoryService.cs Communications\Services\GeographicEmailOptimizer.cs Communications\Services\ICulturalCalendarService.cs Communications\Services\ICulturalSensitivityAnalyzer.cs Communications\Services\ICulturalWhatsAppService.cs Communications\Services\IGeographicTimeZoneService.cs Communications\Services\IGoogleCalendarCulturalService.cs Communications\Services\IMultiCulturalCalendarEngine.cs Communications\Services\IMultiLanguageTemplateService.cs Communications\Services\IReligiousObservanceService.cs Communications\Services\MultiCulturalCalendarEngine.cs Communications\Services\MultiCulturalCalendarEngineSimple.cs Communications\Services\SimpleWhatsAppService.cs Communications\Services\VesakDayEmailOptimizer.cs Communications\ValueObjects\CrossCulturalEvent.cs Communications\ValueObjects\CulturalAppropriateness.cs Communications\ValueObjects\CulturalCalendarSync.cs Communications\ValueObjects\CulturalConflict.cs Communications\ValueObjects\CulturalContext.cs Communications\ValueObjects\CulturalEmailContext.cs Communications\ValueObjects\CulturalEvent.cs Communications\ValueObjects\CulturalProfile.cs Communications\ValueObjects\CulturalTimingPreference.cs Communications\ValueObjects\DiasporaCommunityProfile.cs Communications\ValueObjects\DiasporaRelevance.cs Communications\ValueObjects\EmailQueueStats.cs Communications\ValueObjects\EmailSubject.cs Communications\ValueObjects\EmailTemplateCategory.cs Communications\ValueObjects\GoogleCalendarCredentials.cs Communications\ValueObjects\GoogleCalendarCulturalEvent.cs Communications\ValueObjects\MultiCulturalCommunity.cs Communications\ValueObjects\MultiCulturalSupporting.cs Communications\ValueObjects\MultilingualContent.cs Communications\ValueObjects\MultilingualDescription.cs Communications\ValueObjects\RecipientCulturalProfile.cs Communications\ValueObjects\TempleScheduleIntegration.cs Communications\ValueObjects\VerificationToken.cs Community\Enums\ForumCategory.cs Community\Enums\TopicStatus.cs Community\ForumTopic.cs Community\IForumTopicRepository.cs Community\IReplyRepository.cs Community\Reply.cs Community\ValueObjects\ForumTitle.cs Community\ValueObjects\PostContent.cs CulturalIntelligence\CulturalIntelligenceState.cs CulturalIntelligence\Models\CulturalRoutingModels.cs CulturalIntelligence\ValueObjects\PriorityRecoveryPlan.cs CulturalIntelligence\ValueObjects\RecoveryStep.cs CulturalIntelligence\ValueObjects\SacredEventRecoveryResult.cs Enterprise\DomainEvents\EnterpriseContractCreatedEvent.cs Enterprise\EnterpriseContract.cs Enterprise\Services\IEnterpriseAPIGatewayService.cs Enterprise\ValueObjects\AnalyticsRequest.cs Enterprise\ValueObjects\CalendarDataSynchronization.cs Enterprise\ValueObjects\CapacityAssessment.cs Enterprise\ValueObjects\ComplianceValidation.cs Enterprise\ValueObjects\ContractValue.cs Enterprise\ValueObjects\CulturalDataAudit.cs Enterprise\ValueObjects\CulturalIntelligenceFeatures.cs Enterprise\ValueObjects\CulturalIntelligenceInsights.cs Enterprise\ValueObjects\DataIntegrityValidation.cs Enterprise\ValueObjects\DisasterRecoveryInitiation.cs Enterprise\ValueObjects\DisasterRecoveryTrigger.cs Enterprise\ValueObjects\EnterpriseAnalytics.cs Enterprise\ValueObjects\EnterpriseClientId.cs Enterprise\ValueObjects\EnterpriseCulturalRequest.cs Enterprise\ValueObjects\EnterpriseGatewayHealth.cs Enterprise\ValueObjects\EnterprisePerformanceReport.cs Enterprise\ValueObjects\EnterpriseUsageLimits.cs Enterprise\ValueObjects\FailoverTestResult.cs Enterprise\ValueObjects\GDPRComplianceCheck.cs Enterprise\ValueObjects\RateLimitingDecision.cs Enterprise\ValueObjects\SLAPerformanceMetrics.cs Enterprise\ValueObjects\SLARequirements.cs Events\CulturalInterestsUpdatedEvent.cs Events\DomainEvents\AnonymousRegistrationConfirmedEvent.cs Events\DomainEvents\CommitmentCancelledEvent.cs Events\DomainEvents\EventActivatedEvent.cs Events\DomainEvents\EventApprovedEvent.cs Events\DomainEvents\EventArchivedEvent.cs Events\DomainEvents\EventCancelledEvent.cs Events\DomainEvents\EventCapacityUpdatedEvent.cs Events\DomainEvents\EventLocationRemovedEvent.cs Events\DomainEvents\EventLocationUpdatedEvent.cs Events\DomainEvents\EventPostponedEvent.cs Events\DomainEvents\EventPricingUpdatedEvent.cs Events\DomainEvents\EventPublishedEvent.cs Events\DomainEvents\EventRejectedEvent.cs Events\DomainEvents\EventSubmittedForReviewEvent.cs Events\DomainEvents\EventUnpublishedEvent.cs Events\DomainEvents\ImageAddedToEventDomainEvent.cs Events\DomainEvents\ImageRemovedFromEventDomainEvent.cs Events\DomainEvents\ImageReplacedInEventDomainEvent.cs Events\DomainEvents\ImagesReorderedDomainEvent.cs Events\DomainEvents\PassAddedToEventDomainEvent.cs Events\DomainEvents\PassCancelledEvent.cs Events\DomainEvents\PassPurchasedEvent.cs Events\DomainEvents\PassRemovedFromEventDomainEvent.cs Events\DomainEvents\PaymentCompletedEvent.cs Events\DomainEvents\PrimaryImageSetDomainEvent.cs Events\DomainEvents\RegistrationCancelledEvent.cs Events\DomainEvents\RegistrationConfirmedEvent.cs Events\DomainEvents\RegistrationDetailsUpdatedEvent.cs Events\DomainEvents\RegistrationQuantityUpdatedEvent.cs Events\DomainEvents\SignUpListAddedToEventDomainEvent.cs Events\DomainEvents\SignUpListRemovedFromEventDomainEvent.cs Events\DomainEvents\SignUpListUpdatedEvent.cs Events\DomainEvents\UserAddedToWaitingListDomainEvent.cs Events\DomainEvents\UserCancelledSignUpCommitmentEvent.cs Events\DomainEvents\UserCommittedToSignUpEvent.cs Events\DomainEvents\UserPromotedFromWaitingListDomainEvent.cs Events\DomainEvents\UserRemovedFromWaitingListDomainEvent.cs Events\DomainEvents\VideoAddedToEventDomainEvent.cs Events\DomainEvents\VideoRemovedFromEventDomainEvent.cs Events\DomainEvents\WaitingListSpotAvailableDomainEvent.cs Events\Entities\EventBadge.cs Events\Entities\EventPass.cs Events\Entities\PassPurchase.cs Events\Entities\SignUpCommitment.cs Events\Entities\SignUpItem.cs Events\Entities\SignUpList.cs Events\Entities\Ticket.cs Events\Enums\AgeCategory.cs Events\Enums\CulturalConflictLevel.cs Events\Enums\EventCategory.cs Events\Enums\EventStatus.cs Events\Enums\EventType.cs Events\Enums\Gender.cs Events\Enums\GeographicRegion.cs Events\Enums\PassPurchaseStatus.cs Events\Enums\PaymentStatus.cs Events\Enums\PoyadayType.cs Events\Enums\PricingType.cs Events\Enums\RegistrationStatus.cs Events\Enums\SignUpItemCategory.cs Events\Enums\SignUpType.cs Events\Event.cs Events\EventImage.cs Events\EventTemplate.cs Events\EventVideo.cs Events\ExternalProviderLinkedEvent.cs Events\ExternalProviderUnlinkedEvent.cs Events\IEventRepository.cs Events\IMetroAreaRepository.cs Events\IRegistrationRepository.cs Events\LanguagesUpdatedEvent.cs Events\MetroArea.cs Events\Registration.cs Events\Repositories\ITicketRepository.cs Events\Services\CulturalCalendar.cs Events\Services\EventRecommendationEngine.cs Events\Services\GeoLocationService.cs Events\Services\IEventNotificationRecipientService.cs Events\Services\IEventRecommendationEngine.cs Events\Services\IGeoLocationService.cs Events\UserAccountLockedEvent.cs Events\UserCreatedEvent.cs Events\UserCreatedFromExternalProviderEvent.cs Events\UserEmailVerifiedEvent.cs Events\UserLocationUpdatedEvent.cs Events\UserLoggedInEvent.cs Events\UserPasswordChangedEvent.cs Events\UserPreferredMetroAreasUpdatedEvent.cs Events\UserProfilePhotoRemovedEvent.cs Events\UserProfilePhotoUpdatedEvent.cs Events\UserRoleChangedEvent.cs Events\UserRoleUpgradeRejectedEvent.cs Events\UserRoleUpgradeRequestedEvent.cs Events\ValueObjects\AttendeeDetails.cs Events\ValueObjects\AttendeeInfo.cs Events\ValueObjects\ConflictResolutionSuggestions.cs Events\ValueObjects\CulturalConflict.cs Events\ValueObjects\CulturalDate.cs Events\ValueObjects\CulturalPeriod.cs Events\ValueObjects\EventDescription.cs Events\ValueObjects\EventLocation.cs Events\ValueObjects\EventTitle.cs Events\ValueObjects\GeographicLocation.cs Events\ValueObjects\GroupPricingTier.cs Events\ValueObjects\PassConfiguration.cs Events\ValueObjects\PassDescription.cs Events\ValueObjects\PassName.cs Events\ValueObjects\Recommendations\EventRecommendation.cs Events\ValueObjects\Recommendations\GeographicValueObjects.cs Events\ValueObjects\Recommendations\ScoringValueObjects.cs Events\ValueObjects\Recommendations\UserPreferenceValueObjects.cs Events\ValueObjects\RegistrationContact.cs Events\ValueObjects\TicketPricing.cs Events\ValueObjects\TicketType.cs Events\ValueObjects\WaitingListEntry.cs Infrastructure\Failover\CulturalIntelligenceFailoverOrchestrator.cs Infrastructure\Failover\CulturalStateReplicationService.cs Infrastructure\Failover\SacredEventConsistencyManager.cs Infrastructure\Scaling\AutoScalingTriggers.cs Infrastructure\Scaling\CulturalIntelligencePredictiveScaling.cs Infrastructure\Scaling\GeographicLoadBalancing.cs Notifications\Enums\NotificationType.cs Notifications\INotificationRepository.cs Notifications\Notification.cs Payments\IStripeCustomerRepository.cs Payments\IStripeWebhookEventRepository.cs ReferenceData\Entities\EventCategoryRef.cs ReferenceData\Entities\EventStatusRef.cs ReferenceData\Entities\ReferenceDataBase.cs ReferenceData\Entities\ReferenceValue.cs ReferenceData\Entities\UserRoleRef.cs ReferenceData\Interfaces\IReferenceDataRepository.cs Shared\BackupTypes.cs Shared\CacheOptimizationTypes.cs Shared\ConsistencyTypes.cs Shared\CulturalBackupTypes.cs Shared\CulturalPriorityTypes.cs Shared\CulturalSyncTypes.cs Shared\CulturalTypes.cs Shared\Enums\Currency.cs Shared\HeritageLanguageTypes.cs Shared\LanguageRoutingTypes.cs Shared\MissingTypeStubs.cs Shared\MultiLanguageRoutingTypes.cs Shared\NamespaceAliases.cs Shared\Types\CriticalTypes.cs Shared\ValueObjects\Email.cs Shared\ValueObjects\Money.cs Shared\ValueObjects\PhoneNumber.cs Shared\ValueObjects\UserId.cs Users\DomainEvents\MemberVerificationRequestedEvent.cs Users\Enums\FederatedProvider.cs Users\Enums\IdentityProvider.cs Users\Enums\ProficiencyLevel.cs Users\Enums\SubscriptionStatus.cs Users\Enums\UserRole.cs Users\Events\StripeEvents.cs Users\IUserRepository.cs Users\User.cs Users\ValueObjects\CulturalInterest.cs Users\ValueObjects\ExternalLogin.cs Users\ValueObjects\LanguageCode.cs Users\ValueObjects\LanguagePreference.cs Users\ValueObjects\RefreshToken.cs Users\ValueObjects\UserLocation.cs obj\Debug\net8.0\LankaConnect.Domain.GlobalUsings.g.cs "obj\Debug\net8.0\.NETCoreApp,Version=v8.0.AssemblyAttributes.cs" obj\Debug\net8.0\LankaConnect.Domain.AssemblyInfo.cs /warnaserror+:NU1605,SYSLIB0011 /warnaserror-:CS1591,NU1902,NU1605
         CompilerServer: server - server processed compilation - LankaConnect.Domain (net8.0)
       CopyFilesToOutputDirectory:
         Copying file from "C:\Work\LankaConnect\src\LankaConnect.Domain\obj\Debug\net8.0\LankaConnect.Domain.dll" to "C:\Work\LankaConnect\src\LankaConnect.Domain\bin\Debug\net8.0\LankaConnect.Domain.dll".
         LankaConnect.Domain -> C:\Work\LankaConnect\src\LankaConnect.Domain\bin\Debug\net8.0\LankaConnect.Domain.dll
         Copying file from "C:\Work\LankaConnect\src\LankaConnect.Domain\obj\Debug\net8.0\LankaConnect.Domain.pdb" to "C:\Work\LankaConnect\src\LankaConnect.Domain\bin\Debug\net8.0\LankaConnect.Domain.pdb".
     2>Done Building Project "C:\Work\LankaConnect\src\LankaConnect.Domain\LankaConnect.Domain.csproj" (default targets).
   1:8>Project "C:\Work\LankaConnect\tests\LankaConnect.Infrastructure.Tests\LankaConnect.Infrastructure.Tests.csproj" (1:8) is building "C:\Work\LankaConnect\src\LankaConnect.Application\LankaConnect.Application.csproj" (5:8) on node 3 (default targets).
     5>GenerateTargetFrameworkMonikerAttribute:
       Skipping target "GenerateTargetFrameworkMonikerAttribute" because all output files are up-to-date with respect to the input files.
       CoreGenerateAssemblyInfo:
       Skipping target "CoreGenerateAssemblyInfo" because all output files are up-to-date with respect to the input files.
       _GenerateSourceLinkFile:
         Updating Source Link file 'obj\Debug\net8.0\LankaConnect.Application.sourcelink.json'.
       CoreCompile:
         C:\Program Files\dotnet\dotnet.exe exec "C:\Program Files\dotnet\sdk\8.0.416\Roslyn\bincore\csc.dll" /noconfig /unsafe- /checked- /nowarn:1701,1702,1701,1702 /fullpaths /nostdlib+ /errorreport:prompt /warn:8 /define:TRACE;DEBUG;NET;NET8_0;NETCOREAPP;NET5_0_OR_GREATER;NET6_0_OR_GREATER;NET7_0_OR_GREATER;NET8_0_OR_GREATER;NETCOREAPP1_0_OR_GREATER;NETCOREAPP1_1_OR_GREATER;NETCOREAPP2_0_OR_GREATER;NETCOREAPP2_1_OR_GREATER;NETCOREAPP2_2_OR_GREATER;NETCOREAPP3_0_OR_GREATER;NETCOREAPP3_1_OR_GREATER /preferreduilang:en-US /highentropyva+ /nullable:enable /reference:C:\Users\Niroshana\.nuget\packages\automapper\12.0.1\lib\netstandard2.1\AutoMapper.dll /reference:C:\Users\Niroshana\.nuget\packages\automapper.extensions.microsoft.dependencyinjection\12.0.1\lib\netstandard2.1\AutoMapper.Extensions.Microsoft.DependencyInjection.dll /reference:C:\Users\Niroshana\.nuget\packages\fluentvalidation.dependencyinjectionextensions\11.10.0\lib\netstandard2.1\FluentValidation.DependencyInjectionExtensions.dll /reference:C:\Users\Niroshana\.nuget\packages\fluentvalidation\11.10.0\lib\net8.0\FluentValidation.dll /reference:C:\Work\LankaConnect\src\LankaConnect.Domain\obj\Debug\net8.0\ref\LankaConnect.Domain.dll /reference:C:\Users\Niroshana\.nuget\packages\mediatr.contracts\2.0.1\lib\netstandard2.0\MediatR.Contracts.dll /reference:C:\Users\Niroshana\.nuget\packages\mediatr\12.4.1\lib\net6.0\MediatR.dll /reference:C:\Users\Niroshana\.nuget\packages\microsoft.aspnetcore.http.abstractions\2.2.0\lib\netstandard2.0\Microsoft.AspNetCore.Http.Abstractions.dll /reference:C:\Users\Niroshana\.nuget\packages\microsoft.aspnetcore.http\2.2.2\lib\netstandard2.0\Microsoft.AspNetCore.Http.dll /reference:C:\Users\Niroshana\.nuget\packages\microsoft.aspnetcore.http.features\2.2.0\lib\netstandard2.0\Microsoft.AspNetCore.Http.Features.dll /reference:C:\Users\Niroshana\.nuget\packages\microsoft.aspnetcore.webutilities\2.2.0\lib\netstandard2.0\Microsoft.AspNetCore.WebUtilities.dll /reference:"C:\Program Files\dotnet\packs\Microsoft.NETCore.App.Ref\8.0.22\ref\net8.0\Microsoft.CSharp.dll" /reference:C:\Users\Niroshana\.nuget\packages\microsoft.entityframeworkcore.abstractions\8.0.19\lib\net8.0\Microsoft.EntityFrameworkCore.Abstractions.dll /reference:C:\Users\Niroshana\.nuget\packages\microsoft.entityframeworkcore\8.0.19\lib\net8.0\Microsoft.EntityFrameworkCore.dll /reference:C:\Users\Niroshana\.nuget\packages\microsoft.extensions.caching.abstractions\8.0.0\lib\net8.0\Microsoft.Extensions.Caching.Abstractions.dll /reference:C:\Users\Niroshana\.nuget\packages\microsoft.extensions.caching.memory\8.0.1\lib\net8.0\Microsoft.Extensions.Caching.Memory.dll /reference:C:\Users\Niroshana\.nuget\packages\microsoft.extensions.dependencyinjection.abstractions\8.0.2\lib\net8.0\Microsoft.Extensions.DependencyInjection.Abstractions.dll /reference:C:\Users\Niroshana\.nuget\packages\microsoft.extensions.dependencyinjection\8.0.1\lib\net8.0\Microsoft.Extensions.DependencyInjection.dll /reference:C:\Users\Niroshana\.nuget\packages\microsoft.extensions.logging.abstractions\8.0.3\lib\net8.0\Microsoft.Extensions.Logging.Abstractions.dll /reference:C:\Users\Niroshana\.nuget\packages\microsoft.extensions.logging\8.0.1\lib\net8.0\Microsoft.Extensions.Logging.dll /reference:C:\Users\Niroshana\.nuget\packages\microsoft.extensions.objectpool\2.2.0\lib\netstandard2.0\Microsoft.Extensions.ObjectPool.dll /reference:C:\Users\Niroshana\.nuget\packages\microsoft.extensions.options\8.0.2\lib\net8.0\Microsoft.Extensions.Options.dll /reference:C:\Users\Niroshana\.nuget\packages\microsoft.extensions.primitives\8.0.0\lib\net8.0\Microsoft.Extensions.Primitives.dll /reference:C:\Users\Niroshana\.nuget\packages\microsoft.net.http.headers\2.2.0\lib\netstandard2.0\Microsoft.Net.Http.Headers.dll /reference:"C:\Program Files\dotnet\packs\Microsoft.NETCore.App.Ref\8.0.22\ref\net8.0\Microsoft.VisualBasic.Core.dll" /reference:"C:\Program Files\dotnet\packs\Microsoft.NETCore.App.Ref\8.0.22\ref\net8.0\Microsoft.VisualBasic.dll" /reference:"C:\Program Files\dotnet\packs\Microsoft.NETCore.App.Ref\8.0.22\ref\net8.0\Microsoft.Win32.Primitives.dll" /reference:"C:\Program Files\dotnet\packs\Microsoft.NETCore.App.Ref\8.0.22\ref\net8.0\Microsoft.Win32.Registry.dll" /reference:"C:\Program Files\dotnet\packs\Microsoft.NETCore.App.Ref\8.0.22\ref\net8.0\mscorlib.dll" /reference:"C:\Program Files\dotnet\packs\Microsoft.NETCore.App.Ref\8.0.22\ref\net8.0\netstandard.dll" /reference:"C:\Program Files\dotnet\packs\Microsoft.NETCore.App.Ref\8.0.22\ref\net8.0\System.AppContext.dll" /reference:"C:\Program Files\dotnet\packs\Microsoft.NETCore.App.Ref\8.0.22\ref\net8.0\System.Buffers.dll" /reference:"C:\Program Files\dotnet\packs\Microsoft.NETCore.App.Ref\8.0.22\ref\net8.0\System.Collections.Concurrent.dll" /reference:"C:\Program Files\dotnet\packs\Microsoft.NETCore.App.Ref\8.0.22\ref\net8.0\System.Collections.dll" /reference:"C:\Program Files\dotnet\packs\Microsoft.NETCore.App.Ref\8.0.22\ref\net8.0\System.Collections.Immutable.dll" /reference:"C:\Program Files\dotnet\packs\Microsoft.NETCore.App.Ref\8.0.22\ref\net8.0\System.Collections.NonGeneric.dll" /reference:"C:\Program Files\dotnet\packs\Microsoft.NETCore.App.Ref\8.0.22\ref\net8.0\System.Collections.Specialized.dll" /reference:"C:\Program Files\dotnet\packs\Microsoft.NETCore.App.Ref\8.0.22\ref\net8.0\System.ComponentModel.Annotations.dll" /reference:"C:\Program Files\dotnet\packs\Microsoft.NETCore.App.Ref\8.0.22\ref\net8.0\System.ComponentModel.DataAnnotations.dll" /reference:"C:\Program Files\dotnet\packs\Microsoft.NETCore.App.Ref\8.0.22\ref\net8.0\System.ComponentModel.dll" /reference:"C:\Program Files\dotnet\packs\Microsoft.NETCore.App.Ref\8.0.22\ref\net8.0\System.ComponentModel.EventBasedAsync.dll" /reference:"C:\Program Files\dotnet\packs\Microsoft.NETCore.App.Ref\8.0.22\ref\net8.0\System.ComponentModel.Primitives.dll" /reference:"C:\Program Files\dotnet\packs\Microsoft.NETCore.App.Ref\8.0.22\ref\net8.0\System.ComponentModel.TypeConverter.dll" /reference:"C:\Program Files\dotnet\packs\Microsoft.NETCore.App.Ref\8.0.22\ref\net8.0\System.Configuration.dll" /reference:"C:\Program Files\dotnet\packs\Microsoft.NETCore.App.Ref\8.0.22\ref\net8.0\System.Console.dll" /reference:"C:\Program Files\dotnet\packs\Microsoft.NETCore.App.Ref\8.0.22\ref\net8.0\System.Core.dll" /reference:"C:\Program Files\dotnet\packs\Microsoft.NETCore.App.Ref\8.0.22\ref\net8.0\System.Data.Common.dll" /reference:"C:\Program Files\dotnet\packs\Microsoft.NETCore.App.Ref\8.0.22\ref\net8.0\System.Data.DataSetExtensions.dll" /reference:"C:\Program Files\dotnet\packs\Microsoft.NETCore.App.Ref\8.0.22\ref\net8.0\System.Data.dll" /reference:"C:\Program Files\dotnet\packs\Microsoft.NETCore.App.Ref\8.0.22\ref\net8.0\System.Diagnostics.Contracts.dll" /reference:"C:\Program Files\dotnet\packs\Microsoft.NETCore.App.Ref\8.0.22\ref\net8.0\System.Diagnostics.Debug.dll" /reference:"C:\Program Files\dotnet\packs\Microsoft.NETCore.App.Ref\8.0.22\ref\net8.0\System.Diagnostics.DiagnosticSource.dll" /reference:"C:\Program Files\dotnet\packs\Microsoft.NETCore.App.Ref\8.0.22\ref\net8.0\System.Diagnostics.FileVersionInfo.dll" /reference:"C:\Program Files\dotnet\packs\Microsoft.NETCore.App.Ref\8.0.22\ref\net8.0\System.Diagnostics.Process.dll" /reference:"C:\Program Files\dotnet\packs\Microsoft.NETCore.App.Ref\8.0.22\ref\net8.0\System.Diagnostics.StackTrace.dll" /reference:"C:\Program Files\dotnet\packs\Microsoft.NETCore.App.Ref\8.0.22\ref\net8.0\System.Diagnostics.TextWriterTraceListener.dll" /reference:"C:\Program Files\dotnet\packs\Microsoft.NETCore.App.Ref\8.0.22\ref\net8.0\System.Diagnostics.Tools.dll" /reference:"C:\Program Files\dotnet\packs\Microsoft.NETCore.App.Ref\8.0.22\ref\net8.0\System.Diagnostics.TraceSource.dll" /reference:"C:\Program Files\dotnet\packs\Microsoft.NETCore.App.Ref\8.0.22\ref\net8.0\System.Diagnostics.Tracing.dll" /reference:"C:\Program Files\dotnet\packs\Microsoft.NETCore.App.Ref\8.0.22\ref\net8.0\System.dll" /reference:"C:\Program Files\dotnet\packs\Microsoft.NETCore.App.Ref\8.0.22\ref\net8.0\System.Drawing.dll" /reference:"C:\Program Files\dotnet\packs\Microsoft.NETCore.App.Ref\8.0.22\ref\net8.0\System.Drawing.Primitives.dll" /reference:"C:\Program Files\dotnet\packs\Microsoft.NETCore.App.Ref\8.0.22\ref\net8.0\System.Dynamic.Runtime.dll" /reference:"C:\Program Files\dotnet\packs\Microsoft.NETCore.App.Ref\8.0.22\ref\net8.0\System.Formats.Asn1.dll" /reference:"C:\Program Files\dotnet\packs\Microsoft.NETCore.App.Ref\8.0.22\ref\net8.0\System.Formats.Tar.dll" /reference:"C:\Program Files\dotnet\packs\Microsoft.NETCore.App.Ref\8.0.22\ref\net8.0\System.Globalization.Calendars.dll" /reference:"C:\Program Files\dotnet\packs\Microsoft.NETCore.App.Ref\8.0.22\ref\net8.0\System.Globalization.dll" /reference:"C:\Program Files\dotnet\packs\Microsoft.NETCore.App.Ref\8.0.22\ref\net8.0\System.Globalization.Extensions.dll" /reference:"C:\Program Files\dotnet\packs\Microsoft.NETCore.App.Ref\8.0.22\ref\net8.0\System.IO.Compression.Brotli.dll" /reference:"C:\Program Files\dotnet\packs\Microsoft.NETCore.App.Ref\8.0.22\ref\net8.0\System.IO.Compression.dll" /reference:"C:\Program Files\dotnet\packs\Microsoft.NETCore.App.Ref\8.0.22\ref\net8.0\System.IO.Compression.FileSystem.dll" /reference:"C:\Program Files\dotnet\packs\Microsoft.NETCore.App.Ref\8.0.22\ref\net8.0\System.IO.Compression.ZipFile.dll" /reference:"C:\Program Files\dotnet\packs\Microsoft.NETCore.App.Ref\8.0.22\ref\net8.0\System.IO.dll" /reference:"C:\Program Files\dotnet\packs\Microsoft.NETCore.App.Ref\8.0.22\ref\net8.0\System.IO.FileSystem.AccessControl.dll" /reference:"C:\Program Files\dotnet\packs\Microsoft.NETCore.App.Ref\8.0.22\ref\net8.0\System.IO.FileSystem.dll" /reference:"C:\Program Files\dotnet\packs\Microsoft.NETCore.App.Ref\8.0.22\ref\net8.0\System.IO.FileSystem.DriveInfo.dll" /reference:"C:\Program Files\dotnet\packs\Microsoft.NETCore.App.Ref\8.0.22\ref\net8.0\System.IO.FileSystem.Primitives.dll" /reference:"C:\Program Files\dotnet\packs\Microsoft.NETCore.App.Ref\8.0.22\ref\net8.0\System.IO.FileSystem.Watcher.dll" /reference:"C:\Program Files\dotnet\packs\Microsoft.NETCore.App.Ref\8.0.22\ref\net8.0\System.IO.IsolatedStorage.dll" /reference:"C:\Program Files\dotnet\packs\Microsoft.NETCore.App.Ref\8.0.22\ref\net8.0\System.IO.MemoryMappedFiles.dll" /reference:"C:\Program Files\dotnet\packs\Microsoft.NETCore.App.Ref\8.0.22\ref\net8.0\System.IO.Pipes.AccessControl.dll" /reference:"C:\Program Files\dotnet\packs\Microsoft.NETCore.App.Ref\8.0.22\ref\net8.0\System.IO.Pipes.dll" /reference:"C:\Program Files\dotnet\packs\Microsoft.NETCore.App.Ref\8.0.22\ref\net8.0\System.IO.UnmanagedMemoryStream.dll" /reference:"C:\Program Files\dotnet\packs\Microsoft.NETCore.App.Ref\8.0.22\ref\net8.0\System.Linq.dll" /reference:"C:\Program Files\dotnet\packs\Microsoft.NETCore.App.Ref\8.0.22\ref\net8.0\System.Linq.Expressions.dll" /reference:"C:\Program Files\dotnet\packs\Microsoft.NETCore.App.Ref\8.0.22\ref\net8.0\System.Linq.Parallel.dll" /reference:"C:\Program Files\dotnet\packs\Microsoft.NETCore.App.Ref\8.0.22\ref\net8.0\System.Linq.Queryable.dll" /reference:"C:\Program Files\dotnet\packs\Microsoft.NETCore.App.Ref\8.0.22\ref\net8.0\System.Memory.dll" /reference:"C:\Program Files\dotnet\packs\Microsoft.NETCore.App.Ref\8.0.22\ref\net8.0\System.Net.dll" /reference:"C:\Program Files\dotnet\packs\Microsoft.NETCore.App.Ref\8.0.22\ref\net8.0\System.Net.Http.dll" /reference:"C:\Program Files\dotnet\packs\Microsoft.NETCore.App.Ref\8.0.22\ref\net8.0\System.Net.Http.Json.dll" /reference:"C:\Program Files\dotnet\packs\Microsoft.NETCore.App.Ref\8.0.22\ref\net8.0\System.Net.HttpListener.dll" /reference:"C:\Program Files\dotnet\packs\Microsoft.NETCore.App.Ref\8.0.22\ref\net8.0\System.Net.Mail.dll" /reference:"C:\Program Files\dotnet\packs\Microsoft.NETCore.App.Ref\8.0.22\ref\net8.0\System.Net.NameResolution.dll" /reference:"C:\Program Files\dotnet\packs\Microsoft.NETCore.App.Ref\8.0.22\ref\net8.0\System.Net.NetworkInformation.dll" /reference:"C:\Program Files\dotnet\packs\Microsoft.NETCore.App.Ref\8.0.22\ref\net8.0\System.Net.Ping.dll" /reference:"C:\Program Files\dotnet\packs\Microsoft.NETCore.App.Ref\8.0.22\ref\net8.0\System.Net.Primitives.dll" /reference:"C:\Program Files\dotnet\packs\Microsoft.NETCore.App.Ref\8.0.22\ref\net8.0\System.Net.Quic.dll" /reference:"C:\Program Files\dotnet\packs\Microsoft.NETCore.App.Ref\8.0.22\ref\net8.0\System.Net.Requests.dll" /reference:"C:\Program Files\dotnet\packs\Microsoft.NETCore.App.Ref\8.0.22\ref\net8.0\System.Net.Security.dll" /reference:"C:\Program Files\dotnet\packs\Microsoft.NETCore.App.Ref\8.0.22\ref\net8.0\System.Net.ServicePoint.dll" /reference:"C:\Program Files\dotnet\packs\Microsoft.NETCore.App.Ref\8.0.22\ref\net8.0\System.Net.Sockets.dll" /reference:"C:\Program Files\dotnet\packs\Microsoft.NETCore.App.Ref\8.0.22\ref\net8.0\System.Net.WebClient.dll" /reference:"C:\Program Files\dotnet\packs\Microsoft.NETCore.App.Ref\8.0.22\ref\net8.0\System.Net.WebHeaderCollection.dll" /reference:"C:\Program Files\dotnet\packs\Microsoft.NETCore.App.Ref\8.0.22\ref\net8.0\System.Net.WebProxy.dll" /reference:"C:\Program Files\dotnet\packs\Microsoft.NETCore.App.Ref\8.0.22\ref\net8.0\System.Net.WebSockets.Client.dll" /reference:"C:\Program Files\dotnet\packs\Microsoft.NETCore.App.Ref\8.0.22\ref\net8.0\System.Net.WebSockets.dll" /reference:"C:\Program Files\dotnet\packs\Microsoft.NETCore.App.Ref\8.0.22\ref\net8.0\System.Numerics.dll" /reference:"C:\Program Files\dotnet\packs\Microsoft.NETCore.App.Ref\8.0.22\ref\net8.0\System.Numerics.Vectors.dll" /reference:"C:\Program Files\dotnet\packs\Microsoft.NETCore.App.Ref\8.0.22\ref\net8.0\System.ObjectModel.dll" /reference:"C:\Program Files\dotnet\packs\Microsoft.NETCore.App.Ref\8.0.22\ref\net8.0\System.Reflection.DispatchProxy.dll" /reference:"C:\Program Files\dotnet\packs\Microsoft.NETCore.App.Ref\8.0.22\ref\net8.0\System.Reflection.dll" /reference:"C:\Program Files\dotnet\packs\Microsoft.NETCore.App.Ref\8.0.22\ref\net8.0\System.Reflection.Emit.dll" /reference:"C:\Program Files\dotnet\packs\Microsoft.NETCore.App.Ref\8.0.22\ref\net8.0\System.Reflection.Emit.ILGeneration.dll" /reference:"C:\Program Files\dotnet\packs\Microsoft.NETCore.App.Ref\8.0.22\ref\net8.0\System.Reflection.Emit.Lightweight.dll" /reference:"C:\Program Files\dotnet\packs\Microsoft.NETCore.App.Ref\8.0.22\ref\net8.0\System.Reflection.Extensions.dll" /reference:"C:\Program Files\dotnet\packs\Microsoft.NETCore.App.Ref\8.0.22\ref\net8.0\System.Reflection.Metadata.dll" /reference:"C:\Program Files\dotnet\packs\Microsoft.NETCore.App.Ref\8.0.22\ref\net8.0\System.Reflection.Primitives.dll" /reference:"C:\Program Files\dotnet\packs\Microsoft.NETCore.App.Ref\8.0.22\ref\net8.0\System.Reflection.TypeExtensions.dll" /reference:"C:\Program Files\dotnet\packs\Microsoft.NETCore.App.Ref\8.0.22\ref\net8.0\System.Resources.Reader.dll" /reference:"C:\Program Files\dotnet\packs\Microsoft.NETCore.App.Ref\8.0.22\ref\net8.0\System.Resources.ResourceManager.dll" /reference:"C:\Program Files\dotnet\packs\Microsoft.NETCore.App.Ref\8.0.22\ref\net8.0\System.Resources.Writer.dll" /reference:"C:\Program Files\dotnet\packs\Microsoft.NETCore.App.Ref\8.0.22\ref\net8.0\System.Runtime.CompilerServices.Unsafe.dll" /reference:"C:\Program Files\dotnet\packs\Microsoft.NETCore.App.Ref\8.0.22\ref\net8.0\System.Runtime.CompilerServices.VisualC.dll" /reference:"C:\Program Files\dotnet\packs\Microsoft.NETCore.App.Ref\8.0.22\ref\net8.0\System.Runtime.dll" /reference:"C:\Program Files\dotnet\packs\Microsoft.NETCore.App.Ref\8.0.22\ref\net8.0\System.Runtime.Extensions.dll" /reference:"C:\Program Files\dotnet\packs\Microsoft.NETCore.App.Ref\8.0.22\ref\net8.0\System.Runtime.Handles.dll" /reference:"C:\Program Files\dotnet\packs\Microsoft.NETCore.App.Ref\8.0.22\ref\net8.0\System.Runtime.InteropServices.dll" /reference:"C:\Program Files\dotnet\packs\Microsoft.NETCore.App.Ref\8.0.22\ref\net8.0\System.Runtime.InteropServices.JavaScript.dll" /reference:"C:\Program Files\dotnet\packs\Microsoft.NETCore.App.Ref\8.0.22\ref\net8.0\System.Runtime.InteropServices.RuntimeInformation.dll" /reference:"C:\Program Files\dotnet\packs\Microsoft.NETCore.App.Ref\8.0.22\ref\net8.0\System.Runtime.Intrinsics.dll" /reference:"C:\Program Files\dotnet\packs\Microsoft.NETCore.App.Ref\8.0.22\ref\net8.0\System.Runtime.Loader.dll" /reference:"C:\Program Files\dotnet\packs\Microsoft.NETCore.App.Ref\8.0.22\ref\net8.0\System.Runtime.Numerics.dll" /reference:"C:\Program Files\dotnet\packs\Microsoft.NETCore.App.Ref\8.0.22\ref\net8.0\System.Runtime.Serialization.dll" /reference:"C:\Program Files\dotnet\packs\Microsoft.NETCore.App.Ref\8.0.22\ref\net8.0\System.Runtime.Serialization.Formatters.dll" /reference:"C:\Program Files\dotnet\packs\Microsoft.NETCore.App.Ref\8.0.22\ref\net8.0\System.Runtime.Serialization.Json.dll" /reference:"C:\Program Files\dotnet\packs\Microsoft.NETCore.App.Ref\8.0.22\ref\net8.0\System.Runtime.Serialization.Primitives.dll" /reference:"C:\Program Files\dotnet\packs\Microsoft.NETCore.App.Ref\8.0.22\ref\net8.0\System.Runtime.Serialization.Xml.dll" /reference:"C:\Program Files\dotnet\packs\Microsoft.NETCore.App.Ref\8.0.22\ref\net8.0\System.Security.AccessControl.dll" /reference:"C:\Program Files\dotnet\packs\Microsoft.NETCore.App.Ref\8.0.22\ref\net8.0\System.Security.Claims.dll" /reference:"C:\Program Files\dotnet\packs\Microsoft.NETCore.App.Ref\8.0.22\ref\net8.0\System.Security.Cryptography.Algorithms.dll" /reference:"C:\Program Files\dotnet\packs\Microsoft.NETCore.App.Ref\8.0.22\ref\net8.0\System.Security.Cryptography.Cng.dll" /reference:"C:\Program Files\dotnet\packs\Microsoft.NETCore.App.Ref\8.0.22\ref\net8.0\System.Security.Cryptography.Csp.dll" /reference:"C:\Program Files\dotnet\packs\Microsoft.NETCore.App.Ref\8.0.22\ref\net8.0\System.Security.Cryptography.dll" /reference:"C:\Program Files\dotnet\packs\Microsoft.NETCore.App.Ref\8.0.22\ref\net8.0\System.Security.Cryptography.Encoding.dll" /reference:"C:\Program Files\dotnet\packs\Microsoft.NETCore.App.Ref\8.0.22\ref\net8.0\System.Security.Cryptography.OpenSsl.dll" /reference:"C:\Program Files\dotnet\packs\Microsoft.NETCore.App.Ref\8.0.22\ref\net8.0\System.Security.Cryptography.Primitives.dll" /reference:"C:\Program Files\dotnet\packs\Microsoft.NETCore.App.Ref\8.0.22\ref\net8.0\System.Security.Cryptography.X509Certificates.dll" /reference:"C:\Program Files\dotnet\packs\Microsoft.NETCore.App.Ref\8.0.22\ref\net8.0\System.Security.dll" /reference:"C:\Program Files\dotnet\packs\Microsoft.NETCore.App.Ref\8.0.22\ref\net8.0\System.Security.Principal.dll" /reference:"C:\Program Files\dotnet\packs\Microsoft.NETCore.App.Ref\8.0.22\ref\net8.0\System.Security.Principal.Windows.dll" /reference:"C:\Program Files\dotnet\packs\Microsoft.NETCore.App.Ref\8.0.22\ref\net8.0\System.Security.SecureString.dll" /reference:"C:\Program Files\dotnet\packs\Microsoft.NETCore.App.Ref\8.0.22\ref\net8.0\System.ServiceModel.Web.dll" /reference:"C:\Program Files\dotnet\packs\Microsoft.NETCore.App.Ref\8.0.22\ref\net8.0\System.ServiceProcess.dll" /reference:"C:\Program Files\dotnet\packs\Microsoft.NETCore.App.Ref\8.0.22\ref\net8.0\System.Text.Encoding.CodePages.dll" /reference:"C:\Program Files\dotnet\packs\Microsoft.NETCore.App.Ref\8.0.22\ref\net8.0\System.Text.Encoding.dll" /reference:"C:\Program Files\dotnet\packs\Microsoft.NETCore.App.Ref\8.0.22\ref\net8.0\System.Text.Encoding.Extensions.dll" /reference:"C:\Program Files\dotnet\packs\Microsoft.NETCore.App.Ref\8.0.22\ref\net8.0\System.Text.Encodings.Web.dll" /reference:"C:\Program Files\dotnet\packs\Microsoft.NETCore.App.Ref\8.0.22\ref\net8.0\System.Text.Json.dll" /reference:"C:\Program Files\dotnet\packs\Microsoft.NETCore.App.Ref\8.0.22\ref\net8.0\System.Text.RegularExpressions.dll" /reference:"C:\Program Files\dotnet\packs\Microsoft.NETCore.App.Ref\8.0.22\ref\net8.0\System.Threading.Channels.dll" /reference:"C:\Program Files\dotnet\packs\Microsoft.NETCore.App.Ref\8.0.22\ref\net8.0\System.Threading.dll" /reference:"C:\Program Files\dotnet\packs\Microsoft.NETCore.App.Ref\8.0.22\ref\net8.0\System.Threading.Overlapped.dll" /reference:"C:\Program Files\dotnet\packs\Microsoft.NETCore.App.Ref\8.0.22\ref\net8.0\System.Threading.Tasks.Dataflow.dll" /reference:"C:\Program Files\dotnet\packs\Microsoft.NETCore.App.Ref\8.0.22\ref\net8.0\System.Threading.Tasks.dll" /reference:"C:\Program Files\dotnet\packs\Microsoft.NETCore.App.Ref\8.0.22\ref\net8.0\System.Threading.Tasks.Extensions.dll" /reference:"C:\Program Files\dotnet\packs\Microsoft.NETCore.App.Ref\8.0.22\ref\net8.0\System.Threading.Tasks.Parallel.dll" /reference:"C:\Program Files\dotnet\packs\Microsoft.NETCore.App.Ref\8.0.22\ref\net8.0\System.Threading.Thread.dll" /reference:"C:\Program Files\dotnet\packs\Microsoft.NETCore.App.Ref\8.0.22\ref\net8.0\System.Threading.ThreadPool.dll" /reference:"C:\Program Files\dotnet\packs\Microsoft.NETCore.App.Ref\8.0.22\ref\net8.0\System.Threading.Timer.dll" /reference:"C:\Program Files\dotnet\packs\Microsoft.NETCore.App.Ref\8.0.22\ref\net8.0\System.Transactions.dll" /reference:"C:\Program Files\dotnet\packs\Microsoft.NETCore.App.Ref\8.0.22\ref\net8.0\System.Transactions.Local.dll" /reference:"C:\Program Files\dotnet\packs\Microsoft.NETCore.App.Ref\8.0.22\ref\net8.0\System.ValueTuple.dll" /reference:"C:\Program Files\dotnet\packs\Microsoft.NETCore.App.Ref\8.0.22\ref\net8.0\System.Web.dll" /reference:"C:\Program Files\dotnet\packs\Microsoft.NETCore.App.Ref\8.0.22\ref\net8.0\System.Web.HttpUtility.dll" /reference:"C:\Program Files\dotnet\packs\Microsoft.NETCore.App.Ref\8.0.22\ref\net8.0\System.Windows.dll" /reference:"C:\Program Files\dotnet\packs\Microsoft.NETCore.App.Ref\8.0.22\ref\net8.0\System.Xml.dll" /reference:"C:\Program Files\dotnet\packs\Microsoft.NETCore.App.Ref\8.0.22\ref\net8.0\System.Xml.Linq.dll" /reference:"C:\Program Files\dotnet\packs\Microsoft.NETCore.App.Ref\8.0.22\ref\net8.0\System.Xml.ReaderWriter.dll" /reference:"C:\Program Files\dotnet\packs\Microsoft.NETCore.App.Ref\8.0.22\ref\net8.0\System.Xml.Serialization.dll" /reference:"C:\Program Files\dotnet\packs\Microsoft.NETCore.App.Ref\8.0.22\ref\net8.0\System.Xml.XDocument.dll" /reference:"C:\Program Files\dotnet\packs\Microsoft.NETCore.App.Ref\8.0.22\ref\net8.0\System.Xml.XmlDocument.dll" /reference:"C:\Program Files\dotnet\packs\Microsoft.NETCore.App.Ref\8.0.22\ref\net8.0\System.Xml.XmlSerializer.dll" /reference:"C:\Program Files\dotnet\packs\Microsoft.NETCore.App.Ref\8.0.22\ref\net8.0\System.Xml.XPath.dll" /reference:"C:\Program Files\dotnet\packs\Microsoft.NETCore.App.Ref\8.0.22\ref\net8.0\System.Xml.XPath.XDocument.dll" /reference:"C:\Program Files\dotnet\packs\Microsoft.NETCore.App.Ref\8.0.22\ref\net8.0\WindowsBase.dll" /debug+ /debug:portable /filealign:512 /optimize- /out:obj\Debug\net8.0\LankaConnect.Application.dll /refout:obj\Debug\net8.0\refint\LankaConnect.Application.dll /target:library /warnaserror+ /utf8output /deterministic+ /sourcelink:obj\Debug\net8.0\LankaConnect.Application.sourcelink.json /langversion:12.0 /embed:obj\Debug\net8.0\LankaConnect.Application.GlobalUsings.g.cs /embed:"obj\Debug\net8.0\.NETCoreApp,Version=v8.0.AssemblyAttributes.cs" /embed:obj\Debug\net8.0\LankaConnect.Application.AssemblyInfo.cs /analyzerconfig:C:\Work\LankaConnect\.editorconfig /analyzerconfig:obj\Debug\net8.0\LankaConnect.Application.GeneratedMSBuildEditorConfig.editorconfig /analyzerconfig:"C:\Program Files\dotnet\sdk\8.0.416\Sdks\Microsoft.NET.Sdk\analyzers\build\config\analysislevel_8_default.globalconfig" /analyzer:"C:\Program Files\dotnet\sdk\8.0.416\Sdks\Microsoft.NET.Sdk\targets\..\analyzers\Microsoft.CodeAnalysis.CSharp.NetAnalyzers.dll" /analyzer:"C:\Program Files\dotnet\sdk\8.0.416\Sdks\Microsoft.NET.Sdk\targets\..\analyzers\Microsoft.CodeAnalysis.NetAnalyzers.dll" /analyzer:"C:\Program Files\dotnet\sdk\8.0.416\Sdks\Microsoft.NET.Sdk\targets\..\codestyle\cs\Microsoft.CodeAnalysis.CodeStyle.dll" /analyzer:"C:\Program Files\dotnet\sdk\8.0.416\Sdks\Microsoft.NET.Sdk\targets\..\codestyle\cs\Microsoft.CodeAnalysis.CodeStyle.Fixes.dll" /analyzer:"C:\Program Files\dotnet\sdk\8.0.416\Sdks\Microsoft.NET.Sdk\targets\..\codestyle\cs\Microsoft.CodeAnalysis.CSharp.CodeStyle.dll" /analyzer:"C:\Program Files\dotnet\sdk\8.0.416\Sdks\Microsoft.NET.Sdk\targets\..\codestyle\cs\Microsoft.CodeAnalysis.CSharp.CodeStyle.Fixes.dll" /analyzer:C:\Users\Niroshana\.nuget\packages\microsoft.entityframeworkcore.analyzers\8.0.19\analyzers\dotnet\cs\Microsoft.EntityFrameworkCore.Analyzers.dll /analyzer:C:\Users\Niroshana\.nuget\packages\microsoft.extensions.logging.abstractions\8.0.3\analyzers\dotnet\roslyn4.4\cs\Microsoft.Extensions.Logging.Generators.dll /analyzer:C:\Users\Niroshana\.nuget\packages\microsoft.extensions.options\8.0.2\analyzers\dotnet\roslyn4.4\cs\Microsoft.Extensions.Options.SourceGeneration.dll /analyzer:"C:\Program Files\dotnet\packs\Microsoft.NETCore.App.Ref\8.0.22\analyzers/dotnet/cs/Microsoft.Interop.ComInterfaceGenerator.dll" /analyzer:"C:\Program Files\dotnet\packs\Microsoft.NETCore.App.Ref\8.0.22\analyzers/dotnet/cs/Microsoft.Interop.JavaScript.JSImportGenerator.dll" /analyzer:"C:\Program Files\dotnet\packs\Microsoft.NETCore.App.Ref\8.0.22\analyzers/dotnet/cs/Microsoft.Interop.LibraryImportGenerator.dll" /analyzer:"C:\Program Files\dotnet\packs\Microsoft.NETCore.App.Ref\8.0.22\analyzers/dotnet/cs/Microsoft.Interop.SourceGeneration.dll" /analyzer:"C:\Program Files\dotnet\packs\Microsoft.NETCore.App.Ref\8.0.22\analyzers/dotnet/cs/System.Text.Json.SourceGeneration.dll" /analyzer:"C:\Program Files\dotnet\packs\Microsoft.NETCore.App.Ref\8.0.22\analyzers/dotnet/cs/System.Text.RegularExpressions.Generator.dll" Analytics\Commands\RecordEventShare\RecordEventShareCommand.cs Analytics\Commands\RecordEventShare\RecordEventShareCommandHandler.cs Analytics\Commands\RecordEventView\RecordEventViewCommand.cs Analytics\Commands\RecordEventView\RecordEventViewCommandHandler.cs Analytics\Common\EventAnalyticsDto.cs Analytics\Queries\GetEventAnalytics\GetEventAnalyticsQuery.cs Analytics\Queries\GetEventAnalytics\GetEventAnalyticsQueryHandler.cs Analytics\Queries\GetOrganizerDashboard\GetOrganizerDashboardQuery.cs Analytics\Queries\GetOrganizerDashboard\GetOrganizerDashboardQueryHandler.cs Auth\Commands\LoginUser\LoginUserCommand.cs Auth\Commands\LoginUser\LoginUserHandler.cs Auth\Commands\LoginUser\LoginUserResponse.cs Auth\Commands\LoginUser\LoginUserValidator.cs Auth\Commands\LoginWithEntra\LoginWithEntraCommand.cs Auth\Commands\LoginWithEntra\LoginWithEntraCommandHandler.cs Auth\Commands\LoginWithEntra\LoginWithEntraResponse.cs Auth\Commands\LoginWithEntra\LoginWithEntraValidator.cs Auth\Commands\LogoutUser\LogoutUserCommand.cs Auth\Commands\LogoutUser\LogoutUserHandler.cs Auth\Commands\RefreshToken\RefreshTokenCommand.cs Auth\Commands\RefreshToken\RefreshTokenHandler.cs Auth\Commands\RefreshToken\RefreshTokenResponse.cs Auth\Commands\RegisterUser\RegisterUserCommand.cs Auth\Commands\RegisterUser\RegisterUserHandler.cs Auth\Commands\RegisterUser\RegisterUserResponse.cs Auth\Commands\RegisterUser\RegisterUserValidator.cs Badges\BackgroundJobs\ExpiredBadgeCleanupJob.cs Badges\Commands\AssignBadgeToEvent\AssignBadgeToEventCommand.cs Badges\Commands\AssignBadgeToEvent\AssignBadgeToEventCommandHandler.cs Badges\Commands\CreateBadge\CreateBadgeCommand.cs Badges\Commands\CreateBadge\CreateBadgeCommandHandler.cs Badges\Commands\DeleteBadge\DeleteBadgeCommand.cs Badges\Commands\DeleteBadge\DeleteBadgeCommandHandler.cs Badges\Commands\RemoveBadgeFromEvent\RemoveBadgeFromEventCommand.cs Badges\Commands\RemoveBadgeFromEvent\RemoveBadgeFromEventCommandHandler.cs Badges\Commands\UpdateBadgeImage\UpdateBadgeImageCommand.cs Badges\Commands\UpdateBadgeImage\UpdateBadgeImageCommandHandler.cs Badges\Commands\UpdateBadge\UpdateBadgeCommand.cs Badges\Commands\UpdateBadge\UpdateBadgeCommandHandler.cs Badges\DTOs\BadgeDto.cs Badges\DTOs\BadgeLocationConfigDto.cs Badges\DTOs\BadgeMappingExtensions.cs Badges\DTOs\CreateBadgeDto.cs Badges\DTOs\EventBadgeDto.cs Badges\DTOs\UpdateBadgeDto.cs Badges\Queries\GetBadgeById\GetBadgeByIdQuery.cs Badges\Queries\GetBadgeById\GetBadgeByIdQueryHandler.cs Badges\Queries\GetBadges\GetBadgesQuery.cs Badges\Queries\GetBadges\GetBadgesQueryHandler.cs Badges\Queries\GetEventBadges\GetEventBadgesQuery.cs Badges\Queries\GetEventBadges\GetEventBadgesQueryHandler.cs Billing\CulturalIntelligenceBillingService.cs Billing\StripeWebhookHandler.cs Businesses\Commands\AddService\AddServiceCommand.cs Businesses\Commands\AddService\AddServiceCommandHandler.cs Businesses\Commands\CreateBusiness\CreateBusinessCommand.cs Businesses\Commands\CreateBusiness\CreateBusinessCommandHandler.cs Businesses\Commands\DeleteBusinessImage\DeleteBusinessImageCommand.cs Businesses\Commands\DeleteBusinessImage\DeleteBusinessImageCommandHandler.cs Businesses\Commands\DeleteBusiness\DeleteBusinessCommand.cs Businesses\Commands\DeleteBusiness\DeleteBusinessCommandHandler.cs Businesses\Commands\ReorderBusinessImages\ReorderBusinessImagesCommand.cs Businesses\Commands\ReorderBusinessImages\ReorderBusinessImagesCommandHandler.cs Businesses\Commands\SetPrimaryBusinessImage\SetPrimaryBusinessImageCommand.cs Businesses\Commands\SetPrimaryBusinessImage\SetPrimaryBusinessImageCommandHandler.cs Businesses\Commands\UpdateBusiness\UpdateBusinessCommand.cs Businesses\Commands\UpdateBusiness\UpdateBusinessCommandHandler.cs Businesses\Commands\UploadBusinessImage\UploadBusinessImageCommand.cs Businesses\Commands\UploadBusinessImage\UploadBusinessImageCommandHandler.cs Businesses\Common\BusinessDto.cs Businesses\Common\ServiceDto.cs Businesses\Queries\GetBusinessImages\GetBusinessImagesQuery.cs Businesses\Queries\GetBusinessImages\GetBusinessImagesQueryHandler.cs Businesses\Queries\GetBusinessServices\GetBusinessServicesQuery.cs Businesses\Queries\GetBusinessServices\GetBusinessServicesQueryHandler.cs Businesses\Queries\GetBusiness\GetBusinessQuery.cs Businesses\Queries\GetBusiness\GetBusinessQueryHandler.cs Businesses\Queries\GetBusiness\GetBusinessQueryHandler_Simple.cs Businesses\Queries\SearchBusinesses\SearchBusinessesQuery.cs Businesses\Queries\SearchBusinesses\SearchBusinessesQueryHandler.cs Class1.cs Common\Behaviors\LoggingPipelineBehavior.cs Common\Behaviors\ValidationPipelineBehavior.cs Common\DisasterRecovery\AlternativeChannelConfiguration.cs Common\DisasterRecovery\AlternativeRevenueChannelResult.cs Common\DisasterRecovery\BillingContinuityConfiguration.cs Common\DisasterRecovery\BillingContinuityResult.cs Common\DisasterRecovery\ComplianceReportingScope.cs Common\DisasterRecovery\CorruptionDetectionResult.cs Common\DisasterRecovery\DisasterRecoveryResultTypes.cs Common\DisasterRecovery\DynamicRecoveryAdjustmentResult.cs Common\DisasterRecovery\EventRevenueContinuityResult.cs Common\DisasterRecovery\RecoveryComplianceReportResult.cs Common\DisasterRecovery\RestorePointIntegrityResult.cs Common\DisasterRecovery\RevenueContinuityStrategy.cs Common\DisasterRecovery\RevenueImpactMonitoringConfiguration.cs Common\DisasterRecovery\RevenueImpactMonitoringResult.cs Common\DisasterRecovery\RevenueProtectionImplementationResult.cs Common\DisasterRecovery\SynchronizationIntegrityResult.cs Common\DomainEventNotification.cs Common\DTOs\ComplianceViolationDto.cs Common\Enterprise\EnterpriseRevenueTypes.cs Common\Exceptions\NotFoundException.cs Common\Handlers\CulturalAppropriatenessQueryHandler.cs Common\Handlers\CulturalCalendarQueryHandler.cs Common\Interfaces\IApplicationDbContext.cs Common\Interfaces\IApplicationUrlsService.cs Common\Interfaces\IAutoScalingConnectionPoolEngine.cs Common\Interfaces\IAzureBlobStorageService.cs Common\Interfaces\IBackupOrchestrator.cs Common\Interfaces\IBusinessRepository.cs Common\Interfaces\ICacheableQuery.cs Common\Interfaces\ICacheOptimizationService.cs Common\Interfaces\ICommand.cs Common\Interfaces\ICommandHandler.cs Common\Interfaces\ICommunicationService.cs Common\Interfaces\ICrossCulturalDiscoveryService.cs Common\Interfaces\ICsvExportService.cs Common\Interfaces\ICulturalBusinessDirectoryService.cs Common\Interfaces\ICulturalDataValidator.cs Common\Interfaces\ICulturalEventIntelligenceService.cs Common\Interfaces\ICulturalEventLanguageService.cs Common\Interfaces\ICulturalStateReplicationService.cs Common\Interfaces\ICurrentUserService.cs Common\Interfaces\IDatabaseQueryOptimizationService.cs Common\Interfaces\IDisasterRecoveryService.cs Common\Interfaces\IEmailBrandingService.cs Common\Interfaces\IEmailMessageRepository.cs Common\Interfaces\IEmailService.cs Common\Interfaces\IEmailStatusRepository.cs Common\Interfaces\IEmailTemplateRepository.cs Common\Interfaces\IEmailTemplateService.cs Common\Interfaces\IEntraExternalIdService.cs Common\Interfaces\IExcelExportService.cs Common\Interfaces\IGeographicCulturalRoutingService.cs Common\Interfaces\IImageService.cs Common\Interfaces\IJwtTokenService.cs Common\Interfaces\ILanguageDetectionService.cs Common\Interfaces\IMultiLanguageRoutingService.cs Common\Interfaces\INewsletterSubscriberRepository.cs Common\Interfaces\IPasswordHashingService.cs Common\Interfaces\IPdfTicketService.cs Common\Interfaces\IPerformanceMonitoringService.cs Common\Interfaces\IQrCodeService.cs Common\Interfaces\IQuery.cs Common\Interfaces\IQueryHandler.cs Common\Interfaces\IRevenueOptimizationService.cs Common\Interfaces\IRevenueProtectionService.cs Common\Interfaces\IReviewRepository.cs Common\Interfaces\ISacredEventRecoveryOrchestrator.cs Common\Interfaces\IServiceRepository.cs Common\Interfaces\IStripePaymentService.cs Common\Interfaces\ITicketService.cs Common\Interfaces\ITokenConfiguration.cs Common\Interfaces\IUserEmailPreferencesRepository.cs Common\Interfaces\IUserLanguageProfileService.cs Common\Mappings\BusinessMappingProfile.cs Common\Mappings\EmailMappingProfile.cs Common\Mappings\EventMappingProfile.cs Common\Mappings\GroupPricingTierMappingProfile.cs Common\Mappings\MetroAreaMappingProfile.cs Common\Mappings\UserMappingProfile.cs Common\Models\AnalysisAndCorrelationTypes.cs Common\Models\AutoScalingExtendedTypes.cs Common\Models\AutoScalingTypes.cs Common\Models\Backup\BackupScheduleResult.cs Common\Models\Backup\ContentBackupOptions.cs Common\Models\Backup\ModelBackupConfiguration.cs Common\Models\Business\BusinessCulturalModels.cs Common\Models\CacheInvalidationResult.cs Common\Models\CacheInvalidationStrategy.cs Common\Models\Configuration\CoreConfigurationTypes.cs Common\Models\ConnectionPool\ConfigurationExportParameters.cs Common\Models\ConnectionPool\ConfigurationExportResult.cs Common\Models\ConnectionPool\ConfigurationImportParameters.cs Common\Models\ConnectionPool\ConfigurationImportResult.cs Common\Models\ConnectionPool\CostAwareScalingTypes.cs Common\Models\ConnectionPool\EngineLifecycleOperation.cs Common\Models\ConnectionPool\EngineLifecycleResult.cs Common\Models\ConnectionPool\LoadPattern.cs Common\Models\ConnectionPool\LoadTrend.cs Common\Models\ConnectionPool\RegionalScalingTypes.cs Common\Models\ConnectionPool\RevenueBasedScalingTypes.cs Common\Models\ConnectionPool\ScalingPredictionResult.cs Common\Models\ConnectionPool\SLATypes.cs Common\Models\Critical\AdditionalBackupTypes.cs Common\Models\Critical\AdditionalMissingTypes.cs Common\Models\Critical\ComprehensiveRemainingTypes.cs Common\Models\Critical\CriticalTypes.cs Common\Models\Critical\ExactMissingTypes.cs Common\Models\Critical\FrequentlyMissingTypes.cs Common\Models\Critical\MostReferencedTypes.cs Common\Models\Critical\RemainingMissingTypes.cs Common\Models\CulturalEventLanguageBoost.cs Common\Models\CulturalIntelligencePreservationResult.cs Common\Models\CulturalIntelligence\AdditionalTypes.cs Common\Models\CulturalIntelligence\ConflictResolutionExtendedTypes.cs Common\Models\CulturalIntelligence\ConflictResolutionTypes.cs Common\Models\CulturalIntelligence\FinalMissingTypes.cs Common\Models\CulturalIntelligence\SecurityComplianceTypes.cs Common\Models\CulturalIntelligence\SecurityOptimizationTypes.cs Common\Models\Cultural\SacredContentRequest.cs Common\Models\Cultural\SacredContentValidationResult.cs Common\Models\Database\DatabaseOptimizationModels.cs Common\Models\DisasterRecovery\DisasterRecoveryTypes.cs Common\Models\Endpoints\CulturalIntelligenceEndpoint.cs Common\Models\GenerationalPatternAnalysis.cs Common\Models\LanguageRoutingFailoverResult.cs Common\Models\Monitoring\CoreMonitoringTypes.cs Common\Models\MultiLanguageRoutingResponse.cs Common\Models\MultiLanguageUserProfile.cs Common\Models\MultiLanguage\CachingModels.cs Common\Models\MultiLanguage\HeritageLanguageModels.cs Common\Models\MultiLanguage\LanguageBusinessModels.cs Common\Models\MultiLanguage\LanguageDetectionModels.cs Common\Models\MultiLanguage\LanguagePerformanceModels.cs Common\Models\MultiLanguage\LanguageRoutingModels.cs Common\Models\PagedResult.cs Common\Models\PaginatedList.cs Common\Models\Performance\AdjustmentParameters.cs Common\Models\Performance\AlertingRuleConfiguration.cs Common\Models\Performance\AutoScalingPerformanceImpact.cs Common\Models\Performance\ChurnRiskAnalysis.cs Common\Models\Performance\CompetitiveBenchmarkData.cs Common\Models\Performance\CompetitivePerformanceAnalysis.cs Common\Models\Performance\ComponentHealth.cs Common\Models\Performance\ConnectionPoolMetrics.cs Common\Models\Performance\CostAnalysisModels.cs Common\Models\Performance\CulturalEventFactor.cs Common\Models\Performance\CulturalEventModels.cs Common\Models\Performance\CulturalEventSpecializedTypes.cs Common\Models\Performance\DynamicAdjustmentTriggers.cs Common\Models\Performance\FinancialConstraints.cs Common\Models\Performance\ImpactMitigationStrategy.cs Common\Models\Performance\LoadPredictionPoint.cs Common\Models\Performance\MaintenanceRevenueProtection.cs Common\Models\Performance\PerformanceAlert.cs Common\Models\Performance\PerformanceDegradationScenario.cs Common\Models\Performance\PerformanceImpactThreshold.cs Common\Models\Performance\PerformanceIncident.cs Common\Models\Performance\PerformanceMetric.cs Common\Models\Performance\PerformanceMonitoringTypes.cs Common\Models\Performance\PerformanceOptimizationTypes.cs Common\Models\Performance\PerformanceThresholdConfig.cs Common\Models\Performance\RecommendedAction.cs Common\Models\Performance\RecommendedPreparation.cs Common\Models\Performance\RegionalImpact.cs Common\Models\Performance\RevenueMetricsConfiguration.cs Common\Models\Performance\RevenueOptimizationObjective.cs Common\Models\Performance\RevenueOptimizationRecommendations.cs Common\Models\Performance\RevenueProtectionPolicy.cs Common\Models\Performance\RevenueRecoveryMetrics.cs Common\Models\ReportingAndAnalyticsTypes.cs Common\Models\Results\HighImpactResultTypes.cs Common\Models\Routing\GenerationalPatternAnalysis.cs Common\Models\Routing\LanguageDetectionResult.cs Common\Models\Routing\MultiLanguageUserProfile.cs Common\Models\Routing\RoutingTypes.cs Common\Models\SacredContentRequest.cs Common\Models\SacredContentValidationResult.cs Common\Models\Security\ConsentManagement.cs Common\Models\Security\CrossRegionIncidentResponseResult.cs Common\Models\Security\CrossRegionResponseProtocol.cs Common\Models\Security\DataAnonymizationResult.cs Common\Models\Security\DataBreachModels.cs Common\Models\Security\DataMinimization.cs Common\Models\Security\DataSovereigntyRequirements.cs Common\Models\Security\DataSubjectRights.cs Common\Models\Security\DataSubjectRightsResult.cs Common\Models\Security\KeyDistributionPolicy.cs Common\Models\Security\MultiJurisdictionCompliance.cs Common\Models\Security\MultiRegionIncident.cs Common\Models\Security\RegionalComplianceAlignmentResult.cs Common\Models\Security\RegionalKeyManagementResult.cs Common\Models\Security\RegionalKeyRotationSchedule.cs Common\Models\Security\SecurityFoundationTypes.cs Common\Models\Security\SecurityInfrastructureTypes.cs Common\Models\Security\SecurityResultTypes.cs Common\Performance\AutoScalingPerformanceTypes.cs Common\Performance\PerformanceMonitoringResultTypes.cs Common\Queries\CulturalAppropriatenessQuery.cs Common\Queries\CulturalCalendarQuery.cs Common\Revenue\RevenueOptimizationTypes.cs Common\Routing\RoutingResultTypes.cs Common\Security\AuditAccessTypes.cs Common\Security\CrossRegionSecurityTypes.cs Common\Security\SecurityEntityTypes.cs Common\Security\SecurityFoundationTypes.cs Common\Security\SecurityResultTypes.cs Communications\Commands\ConfirmNewsletterSubscription\ConfirmNewsletterSubscriptionCommand.cs Communications\Commands\ConfirmNewsletterSubscription\ConfirmNewsletterSubscriptionCommandHandler.cs Communications\Commands\ConfirmNewsletterSubscription\ConfirmNewsletterSubscriptionCommandValidator.cs Communications\Commands\CreateEmailGroup\CreateEmailGroupCommand.cs Communications\Commands\CreateEmailGroup\CreateEmailGroupCommandHandler.cs Communications\Commands\CreateEmailGroup\CreateEmailGroupCommandValidator.cs Communications\Commands\DeleteEmailGroup\DeleteEmailGroupCommand.cs Communications\Commands\DeleteEmailGroup\DeleteEmailGroupCommandHandler.cs Communications\Commands\ResetPassword\ResetPasswordCommand.cs Communications\Commands\ResetPassword\ResetPasswordCommandHandler.cs Communications\Commands\ResetPassword\ResetPasswordCommandValidator.cs Communications\Commands\SendBusinessNotification\SendBusinessNotificationCommand.cs Communications\Commands\SendBusinessNotification\SendBusinessNotificationCommandHandler.cs Communications\Commands\SendBusinessNotification\SendBusinessNotificationCommandValidator.cs Communications\Commands\SendEmailVerification\SendEmailVerificationCommand.cs Communications\Commands\SendEmailVerification\SendEmailVerificationCommandHandler.cs Communications\Commands\SendEmailVerification\SendEmailVerificationCommandValidator.cs Communications\Commands\SendPasswordReset\SendPasswordResetCommand.cs Communications\Commands\SendPasswordReset\SendPasswordResetCommandHandler.cs Communications\Commands\SendPasswordReset\SendPasswordResetCommandValidator.cs Communications\Commands\SendWelcomeEmail\SendWelcomeEmailCommand.cs Communications\Commands\SendWelcomeEmail\SendWelcomeEmailCommandHandler.cs Communications\Commands\SendWelcomeEmail\SendWelcomeEmailCommandValidator.cs Communications\Commands\SubscribeToNewsletter\SubscribeToNewsletterCommand.cs Communications\Commands\SubscribeToNewsletter\SubscribeToNewsletterCommandHandler.cs Communications\Commands\SubscribeToNewsletter\SubscribeToNewsletterCommandValidator.cs Communications\Commands\UpdateEmailGroup\UpdateEmailGroupCommand.cs Communications\Commands\UpdateEmailGroup\UpdateEmailGroupCommandHandler.cs Communications\Commands\UpdateEmailGroup\UpdateEmailGroupCommandValidator.cs Communications\Commands\VerifyEmail\VerifyEmailCommand.cs Communications\Commands\VerifyEmail\VerifyEmailCommandHandler.cs Communications\Commands\VerifyEmail\VerifyEmailCommandValidator.cs Communications\Common\EmailDto.cs Communications\Common\EmailGroupDto.cs Communications\Common\NewsletterSubscriptionDto.cs Communications\Queries\GetEmailGroupById\GetEmailGroupByIdQuery.cs Communications\Queries\GetEmailGroupById\GetEmailGroupByIdQueryHandler.cs Communications\Queries\GetEmailGroups\GetEmailGroupsQuery.cs Communications\Queries\GetEmailGroups\GetEmailGroupsQueryHandler.cs Communications\Queries\GetEmailStatus\GetEmailStatusQuery.cs Communications\Queries\GetEmailStatus\GetEmailStatusQueryHandler.cs Communications\Queries\GetEmailStatus\GetEmailStatusQueryValidator.cs Communications\Queries\GetEmailTemplates\GetEmailTemplatesQuery.cs Communications\Queries\GetEmailTemplates\GetEmailTemplatesQueryHandler.cs Communications\Queries\GetEmailTemplates\GetEmailTemplatesQueryValidator.cs Communications\Queries\GetUserEmailPreferences\GetUserEmailPreferencesQuery.cs Communications\Queries\GetUserEmailPreferences\GetUserEmailPreferencesQueryHandler.cs Communications\Queries\GetUserEmailPreferences\GetUserEmailPreferencesQueryValidator.cs CulturalIntelligence\Communications\Queries\OptimizeEmailTiming\OptimizeEmailTimingQuery.cs CulturalIntelligence\Communications\Queries\OptimizeEmailTiming\OptimizeEmailTimingResponse.cs CulturalIntelligence\Events\Queries\GetCulturallyAppropriateEvents\GetCulturallyAppropriateEventsQuery.cs CulturalIntelligence\Events\Queries\GetCulturallyAppropriateEvents\GetCulturallyAppropriateEventsResponse.cs CulturalIntelligence\Events\Queries\GetEventRecommendations\EventRecommendationMapper.cs CulturalIntelligence\Events\Queries\GetEventRecommendations\GetEventRecommendationsQuery.cs CulturalIntelligence\Events\Queries\GetEventRecommendations\GetEventRecommendationsQueryHandler.cs CulturalIntelligence\Events\Queries\GetEventRecommendations\GetEventRecommendationsResponse.cs CulturalIntelligence\Models\MultiCulturalRecoveryResult.cs Dashboard\Queries\GetCommunityStats\GetCommunityStatsQuery.cs Dashboard\Queries\GetCommunityStats\GetCommunityStatsQueryHandler.cs DependencyInjection.cs Events\BackgroundJobs\EventReminderJob.cs Events\BackgroundJobs\EventStatusUpdateJob.cs Events\Commands\AddImageToEvent\AddImageToEventCommand.cs Events\Commands\AddOpenSignUpItemAnonymous\AddOpenSignUpItemAnonymousCommand.cs Events\Commands\AddOpenSignUpItemAnonymous\AddOpenSignUpItemAnonymousCommandHandler.cs Events\Commands\AddOpenSignUpItem\AddOpenSignUpItemCommand.cs Events\Commands\AddOpenSignUpItem\AddOpenSignUpItemCommandHandler.cs Events\Commands\AddOpenSignUpItem\AddOpenSignUpItemCommandValidator.cs Events\Commands\AddPassToEvent\AddPassToEventCommand.cs Events\Commands\AddPassToEvent\AddPassToEventCommandHandler.cs Events\Commands\AddSignUpItem\AddSignUpItemCommand.cs Events\Commands\AddSignUpItem\AddSignUpItemCommandHandler.cs Events\Commands\AddToWaitingList\AddToWaitingListCommand.cs Events\Commands\AddToWaitingList\AddToWaitingListCommandHandler.cs Events\Commands\AddVideoToEvent\AddVideoToEventCommand.cs Events\Commands\AdminApproval\ApproveEventCommand.cs Events\Commands\AdminApproval\ApproveEventCommandHandler.cs Events\Commands\AdminApproval\RejectEventCommand.cs Events\Commands\AdminApproval\RejectEventCommandHandler.cs Events\Commands\ArchiveEvent\ArchiveEventCommand.cs Events\Commands\ArchiveEvent\ArchiveEventCommandHandler.cs Events\Commands\CancelEvent\CancelEventCommand.cs Events\Commands\CancelEvent\CancelEventCommandHandler.cs Events\Commands\CancelOpenSignUpItem\CancelOpenSignUpItemCommand.cs Events\Commands\CancelOpenSignUpItem\CancelOpenSignUpItemCommandHandler.cs Events\Commands\CancelRsvp\CancelRsvpCommand.cs Events\Commands\CancelRsvp\CancelRsvpCommandHandler.cs Events\Commands\CommitToSignUpItemAnonymous\CommitToSignUpItemAnonymousCommand.cs Events\Commands\CommitToSignUpItemAnonymous\CommitToSignUpItemAnonymousCommandHandler.cs Events\Commands\CommitToSignUpItem\CommitToSignUpItemCommand.cs Events\Commands\CommitToSignUpItem\CommitToSignUpItemCommandHandler.cs Events\Commands\CreateEvent\CreateEventCommand.cs Events\Commands\CreateEvent\CreateEventCommandHandler.cs Events\Commands\CreateSignUpListWithItems\CreateSignUpListWithItemsCommand.cs Events\Commands\CreateSignUpListWithItems\CreateSignUpListWithItemsCommandHandler.cs Events\Commands\DeleteEventImage\DeleteEventImageCommand.cs Events\Commands\DeleteEventVideo\DeleteEventVideoCommand.cs Events\Commands\DeleteEvent\DeleteEventCommand.cs Events\Commands\DeleteEvent\DeleteEventCommandHandler.cs Events\Commands\PostponeEvent\PostponeEventCommand.cs Events\Commands\PostponeEvent\PostponeEventCommandHandler.cs Events\Commands\PromoteFromWaitingList\PromoteFromWaitingListCommand.cs Events\Commands\PromoteFromWaitingList\PromoteFromWaitingListCommandHandler.cs Events\Commands\PublishEvent\PublishEventCommand.cs Events\Commands\PublishEvent\PublishEventCommandHandler.cs Events\Commands\RegisterAnonymousAttendee\RegisterAnonymousAttendeeCommand.cs Events\Commands\RegisterAnonymousAttendee\RegisterAnonymousAttendeeCommandHandler.cs Events\Commands\RemoveFromWaitingList\RemoveFromWaitingListCommand.cs Events\Commands\RemoveFromWaitingList\RemoveFromWaitingListCommandHandler.cs Events\Commands\RemovePassFromEvent\RemovePassFromEventCommand.cs Events\Commands\RemovePassFromEvent\RemovePassFromEventCommandHandler.cs Events\Commands\RemoveSignUpItem\RemoveSignUpItemCommand.cs Events\Commands\RemoveSignUpItem\RemoveSignUpItemCommandHandler.cs Events\Commands\RemoveSignUpListFromEvent\RemoveSignUpListFromEventCommand.cs Events\Commands\RemoveSignUpListFromEvent\RemoveSignUpListFromEventCommandHandler.cs Events\Commands\ReorderEventImages\ReorderEventImagesCommand.cs Events\Commands\ReplaceEventImage\ReplaceEventImageCommand.cs Events\Commands\ResendTicketEmail\ResendTicketEmailCommand.cs Events\Commands\ResendTicketEmail\ResendTicketEmailCommandHandler.cs Events\Commands\ResendTicketEmail\ResendTicketEmailCommandValidator.cs Events\Commands\RsvpToEvent\RsvpToEventCommand.cs Events\Commands\RsvpToEvent\RsvpToEventCommandHandler.cs Events\Commands\SetPrimaryImage\SetPrimaryImageCommand.cs Events\Commands\SubmitEventForApproval\SubmitEventForApprovalCommand.cs Events\Commands\SubmitEventForApproval\SubmitEventForApprovalCommandHandler.cs Events\Commands\UnpublishEvent\UnpublishEventCommand.cs Events\Commands\UnpublishEvent\UnpublishEventCommandHandler.cs Events\Commands\UpdateEventCapacity\UpdateEventCapacityCommand.cs Events\Commands\UpdateEventCapacity\UpdateEventCapacityCommandHandler.cs Events\Commands\UpdateEventLocation\UpdateEventLocationCommand.cs Events\Commands\UpdateEventLocation\UpdateEventLocationCommandHandler.cs Events\Commands\UpdateEvent\UpdateEventCommand.cs Events\Commands\UpdateEvent\UpdateEventCommandHandler.cs Events\Commands\UpdateOpenSignUpItem\UpdateOpenSignUpItemCommand.cs Events\Commands\UpdateOpenSignUpItem\UpdateOpenSignUpItemCommandHandler.cs Events\Commands\UpdateRegistrationDetails\UpdateRegistrationDetailsCommand.cs Events\Commands\UpdateRegistrationDetails\UpdateRegistrationDetailsCommandHandler.cs Events\Commands\UpdateRegistrationDetails\UpdateRegistrationDetailsCommandValidator.cs Events\Commands\UpdateRsvp\UpdateRsvpCommand.cs Events\Commands\UpdateRsvp\UpdateRsvpCommandHandler.cs Events\Commands\UpdateSignUpItem\UpdateSignUpItemCommand.cs Events\Commands\UpdateSignUpItem\UpdateSignUpItemCommandHandler.cs Events\Commands\UpdateSignUpItem\UpdateSignUpItemCommandValidator.cs Events\Commands\UpdateSignUpList\UpdateSignUpListCommand.cs Events\Commands\UpdateSignUpList\UpdateSignUpListCommandHandler.cs Events\Commands\UpdateSignUpList\UpdateSignUpListCommandValidator.cs Events\Common\EventAttendeeDto.cs Events\Common\EventAttendeesResponse.cs Events\Common\EventDto.cs Events\Common\EventExtensions.cs Events\Common\EventPassDto.cs Events\Common\EventSearchResultDto.cs Events\Common\EventTemplateDto.cs Events\Common\GroupPricingTierDto.cs Events\Common\RegistrationDetailsDto.cs Events\Common\RsvpDto.cs Events\Common\SignUpListDto.cs Events\Common\TicketDto.cs Events\EventHandlers\AnonymousRegistrationConfirmedEventHandler.cs Events\EventHandlers\CommitmentCancelledEventHandler.cs Events\EventHandlers\EventApprovedEventHandler.cs Events\EventHandlers\EventCancelledEventHandler.cs Events\EventHandlers\EventPostponedEventHandler.cs Events\EventHandlers\EventPublishedEventHandler.cs Events\EventHandlers\EventRejectedEventHandler.cs Events\EventHandlers\ImageRemovedEventHandler.cs Events\EventHandlers\PaymentCompletedEventHandler.cs Events\EventHandlers\RegistrationCancelledEventHandler.cs Events\EventHandlers\RegistrationConfirmedEventHandler.cs Events\EventHandlers\VideoRemovedEventHandler.cs Events\Queries\CheckEventRegistration\CheckEventRegistrationQuery.cs Events\Queries\CheckEventRegistration\CheckEventRegistrationQueryHandler.cs Events\Queries\ExportEventAttendees\ExportEventAttendeesQuery.cs Events\Queries\ExportEventAttendees\ExportEventAttendeesQueryHandler.cs Events\Queries\GetEventAttendees\GetEventAttendeesQuery.cs Events\Queries\GetEventAttendees\GetEventAttendeesQueryHandler.cs Events\Queries\GetEventById\GetEventByIdQuery.cs Events\Queries\GetEventById\GetEventByIdQueryHandler.cs Events\Queries\GetEventIcs\GetEventIcsQuery.cs Events\Queries\GetEventIcs\GetEventIcsQueryHandler.cs Events\Queries\GetEventPasses\GetEventPassesQuery.cs Events\Queries\GetEventPasses\GetEventPassesQueryHandler.cs Events\Queries\GetEventRegistrationByEmail\GetEventRegistrationByEmailQuery.cs Events\Queries\GetEventRegistrationByEmail\GetEventRegistrationByEmailQueryHandler.cs Events\Queries\GetEventRegistrationByEmail\GetEventRegistrationByEmailQueryValidator.cs Events\Queries\GetEventsByOrganizer\GetEventsByOrganizerQuery.cs Events\Queries\GetEventsByOrganizer\GetEventsByOrganizerQueryHandler.cs Events\Queries\GetEventSignUpLists\GetEventSignUpListsQuery.cs Events\Queries\GetEventSignUpLists\GetEventSignUpListsQueryHandler.cs Events\Queries\GetEvents\GetEventsQuery.cs Events\Queries\GetEvents\GetEventsQueryHandler.cs Events\Queries\GetEventTemplates\GetEventTemplatesQuery.cs Events\Queries\GetEventTemplates\GetEventTemplatesQueryHandler.cs Events\Queries\GetFeaturedEvents\GetFeaturedEventsQuery.cs Events\Queries\GetFeaturedEvents\GetFeaturedEventsQueryHandler.cs Events\Queries\GetMyRegisteredEvents\GetMyRegisteredEventsQuery.cs Events\Queries\GetMyRegisteredEvents\GetMyRegisteredEventsQueryHandler.cs Events\Queries\GetNearbyEvents\GetNearbyEventsQuery.cs Events\Queries\GetNearbyEvents\GetNearbyEventsQueryHandler.cs Events\Queries\GetPendingEventsForApproval\GetPendingEventsForApprovalQuery.cs Events\Queries\GetPendingEventsForApproval\GetPendingEventsForApprovalQueryHandler.cs Events\Queries\GetRegistrationById\GetRegistrationByIdQuery.cs Events\Queries\GetRegistrationById\GetRegistrationByIdQueryHandler.cs Events\Queries\GetTicketPdf\GetTicketPdfQuery.cs Events\Queries\GetTicket\GetTicketQuery.cs Events\Queries\GetUpcomingEventsForUser\GetUpcomingEventsForUserQuery.cs Events\Queries\GetUpcomingEventsForUser\GetUpcomingEventsForUserQueryHandler.cs Events\Queries\GetUserRegistrationForEvent\GetUserRegistrationForEventQuery.cs Events\Queries\GetUserRegistrationForEvent\GetUserRegistrationForEventQueryHandler.cs Events\Queries\GetUserRsvps\GetUserRsvpsQuery.cs Events\Queries\GetUserRsvps\GetUserRsvpsQueryHandler.cs Events\Queries\GetWaitingList\GetWaitingListQuery.cs Events\Queries\GetWaitingList\GetWaitingListQueryHandler.cs Events\Queries\GetWaitingList\WaitingListEntryDto.cs Events\Queries\SearchEvents\SearchEventsQuery.cs Events\Queries\SearchEvents\SearchEventsQueryHandler.cs Events\Queries\SearchEvents\SearchEventsQueryValidator.cs Events\Services\EventNotificationRecipientService.cs MetroAreas\Common\MetroAreaDto.cs MetroAreas\Queries\GetMetroAreas\GetMetroAreasQuery.cs MetroAreas\Queries\GetMetroAreas\GetMetroAreasQueryHandler.cs Notifications\Commands\MarkAllNotificationsAsRead\MarkAllNotificationsAsReadCommand.cs Notifications\Commands\MarkAllNotificationsAsRead\MarkAllNotificationsAsReadCommandHandler.cs Notifications\Commands\MarkNotificationAsRead\MarkNotificationAsReadCommand.cs Notifications\Commands\MarkNotificationAsRead\MarkNotificationAsReadCommandHandler.cs Notifications\DTOs\NotificationDto.cs Notifications\Queries\GetUnreadNotifications\GetUnreadNotificationsQuery.cs Notifications\Queries\GetUnreadNotifications\GetUnreadNotificationsQueryHandler.cs ReferenceData\DTOs\EventCategoryRefDto.cs ReferenceData\DTOs\EventStatusRefDto.cs ReferenceData\DTOs\ReferenceValueDto.cs ReferenceData\DTOs\UserRoleRefDto.cs ReferenceData\Services\IReferenceDataService.cs ReferenceData\Services\ReferenceDataService.cs Users\Commands\ApproveRoleUpgrade\ApproveRoleUpgradeCommand.cs Users\Commands\ApproveRoleUpgrade\ApproveRoleUpgradeCommandHandler.cs Users\Commands\CancelRoleUpgrade\CancelRoleUpgradeCommand.cs Users\Commands\CancelRoleUpgrade\CancelRoleUpgradeCommandHandler.cs Users\Commands\CreateUser\CreateUserCommand.cs Users\Commands\CreateUser\CreateUserCommandHandler.cs Users\Commands\CreateUser\CreateUserCommandValidator.cs Users\Commands\DeleteProfilePhoto\DeleteProfilePhotoCommand.cs Users\Commands\DeleteProfilePhoto\DeleteProfilePhotoCommandHandler.cs Users\Commands\LinkExternalProvider\LinkExternalProviderCommand.cs Users\Commands\LinkExternalProvider\LinkExternalProviderHandler.cs Users\Commands\LinkExternalProvider\LinkExternalProviderResponse.cs Users\Commands\LinkExternalProvider\LinkExternalProviderValidator.cs Users\Commands\RejectRoleUpgrade\RejectRoleUpgradeCommand.cs Users\Commands\RejectRoleUpgrade\RejectRoleUpgradeCommandHandler.cs Users\Commands\RequestRoleUpgrade\RequestRoleUpgradeCommand.cs Users\Commands\RequestRoleUpgrade\RequestRoleUpgradeCommandHandler.cs Users\Commands\UnlinkExternalProvider\UnlinkExternalProviderCommand.cs Users\Commands\UnlinkExternalProvider\UnlinkExternalProviderHandler.cs Users\Commands\UnlinkExternalProvider\UnlinkExternalProviderResponse.cs Users\Commands\UnlinkExternalProvider\UnlinkExternalProviderValidator.cs Users\Commands\UpdateCulturalInterests\UpdateCulturalInterestsCommand.cs Users\Commands\UpdateCulturalInterests\UpdateCulturalInterestsCommandHandler.cs Users\Commands\UpdateLanguages\UpdateLanguagesCommand.cs Users\Commands\UpdateLanguages\UpdateLanguagesCommandHandler.cs Users\Commands\UpdatePreferredMetroAreas\UpdateUserPreferredMetroAreasCommand.cs Users\Commands\UpdatePreferredMetroAreas\UpdateUserPreferredMetroAreasCommandHandler.cs Users\Commands\UpdateUserLocation\UpdateUserLocationCommand.cs Users\Commands\UpdateUserLocation\UpdateUserLocationCommandHandler.cs Users\Commands\UploadProfilePhoto\UploadProfilePhotoCommand.cs Users\Commands\UploadProfilePhoto\UploadProfilePhotoCommandHandler.cs Users\DTOs\LanguageDto.cs Users\DTOs\PendingRoleUpgradeDto.cs Users\DTOs\UserDto.cs Users\DTOs\UserLocationDto.cs Users\EventHandlers\MemberVerificationRequestedEventHandler.cs Users\Queries\GetLinkedProviders\GetLinkedProvidersHandler.cs Users\Queries\GetLinkedProviders\GetLinkedProvidersQuery.cs Users\Queries\GetLinkedProviders\GetLinkedProvidersResponse.cs Users\Queries\GetPendingRoleUpgrades\GetPendingRoleUpgradesQuery.cs Users\Queries\GetPendingRoleUpgrades\GetPendingRoleUpgradesQueryHandler.cs Users\Queries\GetUserById\GetUserByIdQuery.cs Users\Queries\GetUserById\GetUserByIdQueryHandler.cs Users\Queries\GetUserPreferredMetroAreas\GetUserPreferredMetroAreasQuery.cs Users\Queries\GetUserPreferredMetroAreas\GetUserPreferredMetroAreasQueryHandler.cs obj\Debug\net8.0\LankaConnect.Application.GlobalUsings.g.cs "obj\Debug\net8.0\.NETCoreApp,Version=v8.0.AssemblyAttributes.cs" obj\Debug\net8.0\LankaConnect.Application.AssemblyInfo.cs /warnaserror+:NU1605,SYSLIB0011 /warnaserror-:CS1591,NU1902,NU1605
         CompilerServer: server - server processed compilation - LankaConnect.Application (net8.0)
       _CopyFilesMarkedCopyLocal:
         Copying file from "C:\Work\LankaConnect\src\LankaConnect.Domain\bin\Debug\net8.0\LankaConnect.Domain.pdb" to "C:\Work\LankaConnect\src\LankaConnect.Application\bin\Debug\net8.0\LankaConnect.Domain.pdb".
         Copying file from "C:\Work\LankaConnect\src\LankaConnect.Domain\bin\Debug\net8.0\LankaConnect.Domain.dll" to "C:\Work\LankaConnect\src\LankaConnect.Application\bin\Debug\net8.0\LankaConnect.Domain.dll".
         Touching "C:\Work\LankaConnect\src\LankaConnect.Application\obj\Debug\net8.0\LankaCon.01A505EF.Up2Date".
       CopyFilesToOutputDirectory:
         Copying file from "C:\Work\LankaConnect\src\LankaConnect.Application\obj\Debug\net8.0\LankaConnect.Application.dll" to "C:\Work\LankaConnect\src\LankaConnect.Application\bin\Debug\net8.0\LankaConnect.Application.dll".
         LankaConnect.Application -> C:\Work\LankaConnect\src\LankaConnect.Application\bin\Debug\net8.0\LankaConnect.Application.dll
         Copying file from "C:\Work\LankaConnect\src\LankaConnect.Application\obj\Debug\net8.0\LankaConnect.Application.pdb" to "C:\Work\LankaConnect\src\LankaConnect.Application\bin\Debug\net8.0\LankaConnect.Application.pdb".
     5>Done Building Project "C:\Work\LankaConnect\src\LankaConnect.Application\LankaConnect.Application.csproj" (default targets).
   1:8>Project "C:\Work\LankaConnect\tests\LankaConnect.Infrastructure.Tests\LankaConnect.Infrastructure.Tests.csproj" (1:8) is building "C:\Work\LankaConnect\src\LankaConnect.Infrastructure\LankaConnect.Infrastructure.csproj" (4:7) on node 4 (default targets).
     4>GenerateTargetFrameworkMonikerAttribute:
       Skipping target "GenerateTargetFrameworkMonikerAttribute" because all output files are up-to-date with respect to the input files.
       CoreGenerateAssemblyInfo:
       Skipping target "CoreGenerateAssemblyInfo" because all output files are up-to-date with respect to the input files.
       AddEFCoreNpgsqlNetTopologySuite:
       Skipping target "AddEFCoreNpgsqlNetTopologySuite" because all output files are up-to-date with respect to the input files.
       _GenerateSourceLinkFile:
         Updating Source Link file 'obj\Debug\net8.0\LankaConnect.Infrastructure.sourcelink.json'.
       CoreCompile:
         C:\Program Files\dotnet\dotnet.exe exec "C:\Program Files\dotnet\sdk\8.0.416\Roslyn\bincore\csc.dll" /noconfig /unsafe- /checked- /nowarn:1701,1702,1701,1702 /fullpaths /nostdlib+ /errorreport:prompt /warn:8 /define:TRACE;DEBUG;NET;NET8_0;NETCOREAPP;NET5_0_OR_GREATER;NET6_0_OR_GREATER;NET7_0_OR_GREATER;NET8_0_OR_GREATER;NETCOREAPP1_0_OR_GREATER;NETCOREAPP1_1_OR_GREATER;NETCOREAPP2_0_OR_GREATER;NETCOREAPP2_1_OR_GREATER;NETCOREAPP2_2_OR_GREATER;NETCOREAPP3_0_OR_GREATER;NETCOREAPP3_1_OR_GREATER /preferreduilang:en-US /highentropyva+ /nullable:enable /reference:C:\Users\Niroshana\.nuget\packages\automapper\12.0.1\lib\netstandard2.1\AutoMapper.dll /reference:C:\Users\Niroshana\.nuget\packages\automapper.extensions.microsoft.dependencyinjection\12.0.1\lib\netstandard2.1\AutoMapper.Extensions.Microsoft.DependencyInjection.dll /reference:C:\Users\Niroshana\.nuget\packages\azure.communication.email\1.1.0\lib\net8.0\Azure.Communication.Email.dll /reference:C:\Users\Niroshana\.nuget\packages\azure.core\1.49.0\lib\net8.0\Azure.Core.dll /reference:C:\Users\Niroshana\.nuget\packages\azure.identity\1.11.4\lib\netstandard2.0\Azure.Identity.dll /reference:C:\Users\Niroshana\.nuget\packages\azure.security.keyvault.certificates\4.6.0\lib\netstandard2.0\Azure.Security.KeyVault.Certificates.dll /reference:C:\Users\Niroshana\.nuget\packages\azure.security.keyvault.secrets\4.6.0\lib\netstandard2.0\Azure.Security.KeyVault.Secrets.dll /reference:C:\Users\Niroshana\.nuget\packages\azure.storage.blobs\12.22.1\lib\net6.0\Azure.Storage.Blobs.dll /reference:C:\Users\Niroshana\.nuget\packages\azure.storage.common\12.21.0\lib\net6.0\Azure.Storage.Common.dll /reference:C:\Users\Niroshana\.nuget\packages\bcrypt.net-next\4.0.3\lib\net6.0\BCrypt.Net-Next.dll /reference:C:\Users\Niroshana\.nuget\packages\bouncycastle.cryptography\2.4.0\lib\net6.0\BouncyCastle.Cryptography.dll /reference:C:\Users\Niroshana\.nuget\packages\closedxml\0.102.3\lib\netstandard2.1\ClosedXML.dll /reference:C:\Users\Niroshana\.nuget\packages\csvhelper\33.0.1\lib\net8.0\CsvHelper.dll /reference:C:\Users\Niroshana\.nuget\packages\dapper\2.0.123\lib\net5.0\Dapper.dll /reference:C:\Users\Niroshana\.nuget\packages\documentformat.openxml\2.16.0\lib\netstandard2.0\DocumentFormat.OpenXml.dll /reference:C:\Users\Niroshana\.nuget\packages\excelnumberformat\1.1.0\lib\netstandard2.0\ExcelNumberFormat.dll /reference:C:\Users\Niroshana\.nuget\packages\fluentvalidation.dependencyinjectionextensions\11.10.0\lib\netstandard2.1\FluentValidation.DependencyInjectionExtensions.dll /reference:C:\Users\Niroshana\.nuget\packages\fluentvalidation\11.10.0\lib\net8.0\FluentValidation.dll /reference:C:\Users\Niroshana\.nuget\packages\hangfire.aspnetcore\1.8.17\lib\netcoreapp3.0\Hangfire.AspNetCore.dll /reference:C:\Users\Niroshana\.nuget\packages\hangfire.core\1.8.17\lib\netstandard2.0\Hangfire.Core.dll /reference:C:\Users\Niroshana\.nuget\packages\hangfire.netcore\1.8.17\lib\netstandard2.1\Hangfire.NetCore.dll /reference:C:\Users\Niroshana\.nuget\packages\hangfire.postgresql\1.20.10\lib\netstandard2.0\Hangfire.PostgreSql.dll /reference:C:\Users\Niroshana\.nuget\packages\humanizer.core\2.14.1\lib\net6.0\Humanizer.dll /reference:C:\Users\Niroshana\.nuget\packages\irony.netcore\1.0.11\lib\netstandard1.6\Irony.dll /reference:C:\Work\LankaConnect\src\LankaConnect.Application\obj\Debug\net8.0\ref\LankaConnect.Application.dll /reference:C:\Work\LankaConnect\src\LankaConnect.Domain\obj\Debug\net8.0\ref\LankaConnect.Domain.dll /reference:C:\Users\Niroshana\.nuget\packages\mailkit\4.8.0\lib\net8.0\MailKit.dll /reference:C:\Users\Niroshana\.nuget\packages\mediatr.contracts\2.0.1\lib\netstandard2.0\MediatR.Contracts.dll /reference:C:\Users\Niroshana\.nuget\packages\mediatr\12.4.1\lib\net6.0\MediatR.dll /reference:C:\Users\Niroshana\.nuget\packages\microsoft.applicationinsights.dependencycollector\2.22.0\lib\netstandard2.0\Microsoft.AI.DependencyCollector.dll /reference:C:\Users\Niroshana\.nuget\packages\microsoft.applicationinsights.eventcountercollector\2.22.0\lib\netstandard2.0\Microsoft.AI.EventCounterCollector.dll /reference:C:\Users\Niroshana\.nuget\packages\microsoft.applicationinsights.perfcountercollector\2.22.0\lib\netstandard2.0\Microsoft.AI.PerfCounterCollector.dll /reference:C:\Users\Niroshana\.nuget\packages\microsoft.applicationinsights.windowsserver.telemetrychannel\2.22.0\lib\netstandard2.0\Microsoft.AI.ServerTelemetryChannel.dll /reference:C:\Users\Niroshana\.nuget\packages\microsoft.applicationinsights.windowsserver\2.22.0\lib\netstandard2.0\Microsoft.AI.WindowsServer.dll /reference:C:\Users\Niroshana\.nuget\packages\microsoft.applicationinsights.aspnetcore\2.22.0\lib\netstandard2.0\Microsoft.ApplicationInsights.AspNetCore.dll /reference:C:\Users\Niroshana\.nuget\packages\microsoft.applicationinsights\2.22.0\lib\netstandard2.0\Microsoft.ApplicationInsights.dll /reference:"C:\Program Files\dotnet\packs\Microsoft.AspNetCore.App.Ref\8.0.22\ref\net8.0\Microsoft.AspNetCore.Antiforgery.dll" /reference:"C:\Program Files\dotnet\packs\Microsoft.AspNetCore.App.Ref\8.0.22\ref\net8.0\Microsoft.AspNetCore.Authentication.Abstractions.dll" /reference:"C:\Program Files\dotnet\packs\Microsoft.AspNetCore.App.Ref\8.0.22\ref\net8.0\Microsoft.AspNetCore.Authentication.BearerToken.dll" /reference:"C:\Program Files\dotnet\packs\Microsoft.AspNetCore.App.Ref\8.0.22\ref\net8.0\Microsoft.AspNetCore.Authentication.Cookies.dll" /reference:"C:\Program Files\dotnet\packs\Microsoft.AspNetCore.App.Ref\8.0.22\ref\net8.0\Microsoft.AspNetCore.Authentication.Core.dll" /reference:"C:\Program Files\dotnet\packs\Microsoft.AspNetCore.App.Ref\8.0.22\ref\net8.0\Microsoft.AspNetCore.Authentication.dll" /reference:C:\Users\Niroshana\.nuget\packages\microsoft.aspnetcore.authentication.jwtbearer\8.0.19\lib\net8.0\Microsoft.AspNetCore.Authentication.JwtBearer.dll /reference:"C:\Program Files\dotnet\packs\Microsoft.AspNetCore.App.Ref\8.0.22\ref\net8.0\Microsoft.AspNetCore.Authentication.OAuth.dll" /reference:C:\Users\Niroshana\.nuget\packages\microsoft.aspnetcore.authentication.openidconnect\8.0.0\lib\net8.0\Microsoft.AspNetCore.Authentication.OpenIdConnect.dll /reference:"C:\Program Files\dotnet\packs\Microsoft.AspNetCore.App.Ref\8.0.22\ref\net8.0\Microsoft.AspNetCore.Authorization.dll" /reference:"C:\Program Files\dotnet\packs\Microsoft.AspNetCore.App.Ref\8.0.22\ref\net8.0\Microsoft.AspNetCore.Authorization.Policy.dll" /reference:"C:\Program Files\dotnet\packs\Microsoft.AspNetCore.App.Ref\8.0.22\ref\net8.0\Microsoft.AspNetCore.Components.Authorization.dll" /reference:"C:\Program Files\dotnet\packs\Microsoft.AspNetCore.App.Ref\8.0.22\ref\net8.0\Microsoft.AspNetCore.Components.dll" /reference:"C:\Program Files\dotnet\packs\Microsoft.AspNetCore.App.Ref\8.0.22\ref\net8.0\Microsoft.AspNetCore.Components.Endpoints.dll" /reference:"C:\Program Files\dotnet\packs\Microsoft.AspNetCore.App.Ref\8.0.22\ref\net8.0\Microsoft.AspNetCore.Components.Forms.dll" /reference:"C:\Program Files\dotnet\packs\Microsoft.AspNetCore.App.Ref\8.0.22\ref\net8.0\Microsoft.AspNetCore.Components.Server.dll" /reference:"C:\Program Files\dotnet\packs\Microsoft.AspNetCore.App.Ref\8.0.22\ref\net8.0\Microsoft.AspNetCore.Components.Web.dll" /reference:"C:\Program Files\dotnet\packs\Microsoft.AspNetCore.App.Ref\8.0.22\ref\net8.0\Microsoft.AspNetCore.Connections.Abstractions.dll" /reference:"C:\Program Files\dotnet\packs\Microsoft.AspNetCore.App.Ref\8.0.22\ref\net8.0\Microsoft.AspNetCore.CookiePolicy.dll" /reference:"C:\Program Files\dotnet\packs\Microsoft.AspNetCore.App.Ref\8.0.22\ref\net8.0\Microsoft.AspNetCore.Cors.dll" /reference:"C:\Program Files\dotnet\packs\Microsoft.AspNetCore.App.Ref\8.0.22\ref\net8.0\Microsoft.AspNetCore.Cryptography.Internal.dll" /reference:"C:\Program Files\dotnet\packs\Microsoft.AspNetCore.App.Ref\8.0.22\ref\net8.0\Microsoft.AspNetCore.Cryptography.KeyDerivation.dll" /reference:"C:\Program Files\dotnet\packs\Microsoft.AspNetCore.App.Ref\8.0.22\ref\net8.0\Microsoft.AspNetCore.DataProtection.Abstractions.dll" /reference:"C:\Program Files\dotnet\packs\Microsoft.AspNetCore.App.Ref\8.0.22\ref\net8.0\Microsoft.AspNetCore.DataProtection.dll" /reference:"C:\Program Files\dotnet\packs\Microsoft.AspNetCore.App.Ref\8.0.22\ref\net8.0\Microsoft.AspNetCore.DataProtection.Extensions.dll" /reference:"C:\Program Files\dotnet\packs\Microsoft.AspNetCore.App.Ref\8.0.22\ref\net8.0\Microsoft.AspNetCore.Diagnostics.Abstractions.dll" /reference:"C:\Program Files\dotnet\packs\Microsoft.AspNetCore.App.Ref\8.0.22\ref\net8.0\Microsoft.AspNetCore.Diagnostics.dll" /reference:"C:\Program Files\dotnet\packs\Microsoft.AspNetCore.App.Ref\8.0.22\ref\net8.0\Microsoft.AspNetCore.Diagnostics.HealthChecks.dll" /reference:"C:\Program Files\dotnet\packs\Microsoft.AspNetCore.App.Ref\8.0.22\ref\net8.0\Microsoft.AspNetCore.dll" /reference:"C:\Program Files\dotnet\packs\Microsoft.AspNetCore.App.Ref\8.0.22\ref\net8.0\Microsoft.AspNetCore.HostFiltering.dll" /reference:"C:\Program Files\dotnet\packs\Microsoft.AspNetCore.App.Ref\8.0.22\ref\net8.0\Microsoft.AspNetCore.Hosting.Abstractions.dll" /reference:"C:\Program Files\dotnet\packs\Microsoft.AspNetCore.App.Ref\8.0.22\ref\net8.0\Microsoft.AspNetCore.Hosting.dll" /reference:"C:\Program Files\dotnet\packs\Microsoft.AspNetCore.App.Ref\8.0.22\ref\net8.0\Microsoft.AspNetCore.Hosting.Server.Abstractions.dll" /reference:"C:\Program Files\dotnet\packs\Microsoft.AspNetCore.App.Ref\8.0.22\ref\net8.0\Microsoft.AspNetCore.Html.Abstractions.dll" /reference:"C:\Program Files\dotnet\packs\Microsoft.AspNetCore.App.Ref\8.0.22\ref\net8.0\Microsoft.AspNetCore.Http.Abstractions.dll" /reference:"C:\Program Files\dotnet\packs\Microsoft.AspNetCore.App.Ref\8.0.22\ref\net8.0\Microsoft.AspNetCore.Http.Connections.Common.dll" /reference:"C:\Program Files\dotnet\packs\Microsoft.AspNetCore.App.Ref\8.0.22\ref\net8.0\Microsoft.AspNetCore.Http.Connections.dll" /reference:"C:\Program Files\dotnet\packs\Microsoft.AspNetCore.App.Ref\8.0.22\ref\net8.0\Microsoft.AspNetCore.Http.dll" /reference:"C:\Program Files\dotnet\packs\Microsoft.AspNetCore.App.Ref\8.0.22\ref\net8.0\Microsoft.AspNetCore.Http.Extensions.dll" /reference:"C:\Program Files\dotnet\packs\Microsoft.AspNetCore.App.Ref\8.0.22\ref\net8.0\Microsoft.AspNetCore.Http.Features.dll" /reference:"C:\Program Files\dotnet\packs\Microsoft.AspNetCore.App.Ref\8.0.22\ref\net8.0\Microsoft.AspNetCore.Http.Results.dll" /reference:"C:\Program Files\dotnet\packs\Microsoft.AspNetCore.App.Ref\8.0.22\ref\net8.0\Microsoft.AspNetCore.HttpLogging.dll" /reference:"C:\Program Files\dotnet\packs\Microsoft.AspNetCore.App.Ref\8.0.22\ref\net8.0\Microsoft.AspNetCore.HttpOverrides.dll" /reference:"C:\Program Files\dotnet\packs\Microsoft.AspNetCore.App.Ref\8.0.22\ref\net8.0\Microsoft.AspNetCore.HttpsPolicy.dll" /reference:"C:\Program Files\dotnet\packs\Microsoft.AspNetCore.App.Ref\8.0.22\ref\net8.0\Microsoft.AspNetCore.Identity.dll" /reference:"C:\Program Files\dotnet\packs\Microsoft.AspNetCore.App.Ref\8.0.22\ref\net8.0\Microsoft.AspNetCore.Localization.dll" /reference:"C:\Program Files\dotnet\packs\Microsoft.AspNetCore.App.Ref\8.0.22\ref\net8.0\Microsoft.AspNetCore.Localization.Routing.dll" /reference:"C:\Program Files\dotnet\packs\Microsoft.AspNetCore.App.Ref\8.0.22\ref\net8.0\Microsoft.AspNetCore.Metadata.dll" /reference:"C:\Program Files\dotnet\packs\Microsoft.AspNetCore.App.Ref\8.0.22\ref\net8.0\Microsoft.AspNetCore.Mvc.Abstractions.dll" /reference:"C:\Program Files\dotnet\packs\Microsoft.AspNetCore.App.Ref\8.0.22\ref\net8.0\Microsoft.AspNetCore.Mvc.ApiExplorer.dll" /reference:"C:\Program Files\dotnet\packs\Microsoft.AspNetCore.App.Ref\8.0.22\ref\net8.0\Microsoft.AspNetCore.Mvc.Core.dll" /reference:"C:\Program Files\dotnet\packs\Microsoft.AspNetCore.App.Ref\8.0.22\ref\net8.0\Microsoft.AspNetCore.Mvc.Cors.dll" /reference:"C:\Program Files\dotnet\packs\Microsoft.AspNetCore.App.Ref\8.0.22\ref\net8.0\Microsoft.AspNetCore.Mvc.DataAnnotations.dll" /reference:"C:\Program Files\dotnet\packs\Microsoft.AspNetCore.App.Ref\8.0.22\ref\net8.0\Microsoft.AspNetCore.Mvc.dll" /reference:"C:\Program Files\dotnet\packs\Microsoft.AspNetCore.App.Ref\8.0.22\ref\net8.0\Microsoft.AspNetCore.Mvc.Formatters.Json.dll" /reference:"C:\Program Files\dotnet\packs\Microsoft.AspNetCore.App.Ref\8.0.22\ref\net8.0\Microsoft.AspNetCore.Mvc.Formatters.Xml.dll" /reference:"C:\Program Files\dotnet\packs\Microsoft.AspNetCore.App.Ref\8.0.22\ref\net8.0\Microsoft.AspNetCore.Mvc.Localization.dll" /reference:"C:\Program Files\dotnet\packs\Microsoft.AspNetCore.App.Ref\8.0.22\ref\net8.0\Microsoft.AspNetCore.Mvc.Razor.dll" /reference:"C:\Program Files\dotnet\packs\Microsoft.AspNetCore.App.Ref\8.0.22\ref\net8.0\Microsoft.AspNetCore.Mvc.RazorPages.dll" /reference:"C:\Program Files\dotnet\packs\Microsoft.AspNetCore.App.Ref\8.0.22\ref\net8.0\Microsoft.AspNetCore.Mvc.TagHelpers.dll" /reference:"C:\Program Files\dotnet\packs\Microsoft.AspNetCore.App.Ref\8.0.22\ref\net8.0\Microsoft.AspNetCore.Mvc.ViewFeatures.dll" /reference:"C:\Program Files\dotnet\packs\Microsoft.AspNetCore.App.Ref\8.0.22\ref\net8.0\Microsoft.AspNetCore.OutputCaching.dll" /reference:"C:\Program Files\dotnet\packs\Microsoft.AspNetCore.App.Ref\8.0.22\ref\net8.0\Microsoft.AspNetCore.RateLimiting.dll" /reference:"C:\Program Files\dotnet\packs\Microsoft.AspNetCore.App.Ref\8.0.22\ref\net8.0\Microsoft.AspNetCore.Razor.dll" /reference:"C:\Program Files\dotnet\packs\Microsoft.AspNetCore.App.Ref\8.0.22\ref\net8.0\Microsoft.AspNetCore.Razor.Runtime.dll" /reference:"C:\Program Files\dotnet\packs\Microsoft.AspNetCore.App.Ref\8.0.22\ref\net8.0\Microsoft.AspNetCore.RequestDecompression.dll" /reference:"C:\Program Files\dotnet\packs\Microsoft.AspNetCore.App.Ref\8.0.22\ref\net8.0\Microsoft.AspNetCore.ResponseCaching.Abstractions.dll" /reference:"C:\Program Files\dotnet\packs\Microsoft.AspNetCore.App.Ref\8.0.22\ref\net8.0\Microsoft.AspNetCore.ResponseCaching.dll" /reference:"C:\Program Files\dotnet\packs\Microsoft.AspNetCore.App.Ref\8.0.22\ref\net8.0\Microsoft.AspNetCore.ResponseCompression.dll" /reference:"C:\Program Files\dotnet\packs\Microsoft.AspNetCore.App.Ref\8.0.22\ref\net8.0\Microsoft.AspNetCore.Rewrite.dll" /reference:"C:\Program Files\dotnet\packs\Microsoft.AspNetCore.App.Ref\8.0.22\ref\net8.0\Microsoft.AspNetCore.Routing.Abstractions.dll" /reference:"C:\Program Files\dotnet\packs\Microsoft.AspNetCore.App.Ref\8.0.22\ref\net8.0\Microsoft.AspNetCore.Routing.dll" /reference:"C:\Program Files\dotnet\packs\Microsoft.AspNetCore.App.Ref\8.0.22\ref\net8.0\Microsoft.AspNetCore.Server.HttpSys.dll" /reference:"C:\Program Files\dotnet\packs\Microsoft.AspNetCore.App.Ref\8.0.22\ref\net8.0\Microsoft.AspNetCore.Server.IIS.dll" /reference:"C:\Program Files\dotnet\packs\Microsoft.AspNetCore.App.Ref\8.0.22\ref\net8.0\Microsoft.AspNetCore.Server.IISIntegration.dll" /reference:"C:\Program Files\dotnet\packs\Microsoft.AspNetCore.App.Ref\8.0.22\ref\net8.0\Microsoft.AspNetCore.Server.Kestrel.Core.dll" /reference:"C:\Program Files\dotnet\packs\Microsoft.AspNetCore.App.Ref\8.0.22\ref\net8.0\Microsoft.AspNetCore.Server.Kestrel.dll" /reference:"C:\Program Files\dotnet\packs\Microsoft.AspNetCore.App.Ref\8.0.22\ref\net8.0\Microsoft.AspNetCore.Server.Kestrel.Transport.NamedPipes.dll" /reference:"C:\Program Files\dotnet\packs\Microsoft.AspNetCore.App.Ref\8.0.22\ref\net8.0\Microsoft.AspNetCore.Server.Kestrel.Transport.Quic.dll" /reference:"C:\Program Files\dotnet\packs\Microsoft.AspNetCore.App.Ref\8.0.22\ref\net8.0\Microsoft.AspNetCore.Server.Kestrel.Transport.Sockets.dll" /reference:"C:\Program Files\dotnet\packs\Microsoft.AspNetCore.App.Ref\8.0.22\ref\net8.0\Microsoft.AspNetCore.Session.dll" /reference:"C:\Program Files\dotnet\packs\Microsoft.AspNetCore.App.Ref\8.0.22\ref\net8.0\Microsoft.AspNetCore.SignalR.Common.dll" /reference:"C:\Program Files\dotnet\packs\Microsoft.AspNetCore.App.Ref\8.0.22\ref\net8.0\Microsoft.AspNetCore.SignalR.Core.dll" /reference:"C:\Program Files\dotnet\packs\Microsoft.AspNetCore.App.Ref\8.0.22\ref\net8.0\Microsoft.AspNetCore.SignalR.dll" /reference:"C:\Program Files\dotnet\packs\Microsoft.AspNetCore.App.Ref\8.0.22\ref\net8.0\Microsoft.AspNetCore.SignalR.Protocols.Json.dll" /reference:"C:\Program Files\dotnet\packs\Microsoft.AspNetCore.App.Ref\8.0.22\ref\net8.0\Microsoft.AspNetCore.StaticFiles.dll" /reference:"C:\Program Files\dotnet\packs\Microsoft.AspNetCore.App.Ref\8.0.22\ref\net8.0\Microsoft.AspNetCore.WebSockets.dll" /reference:"C:\Program Files\dotnet\packs\Microsoft.AspNetCore.App.Ref\8.0.22\ref\net8.0\Microsoft.AspNetCore.WebUtilities.dll" /reference:C:\Users\Niroshana\.nuget\packages\microsoft.bcl.asyncinterfaces\8.0.0\lib\netstandard2.1\Microsoft.Bcl.AsyncInterfaces.dll /reference:C:\Users\Niroshana\.nuget\packages\microsoft.bcl.memory\9.0.0\lib\net8.0\Microsoft.Bcl.Memory.dll /reference:C:\Users\Niroshana\.nuget\packages\microsoft.codeanalysis.csharp\4.5.0\lib\netcoreapp3.1\Microsoft.CodeAnalysis.CSharp.dll /reference:C:\Users\Niroshana\.nuget\packages\microsoft.codeanalysis.csharp.workspaces\4.5.0\lib\netcoreapp3.1\Microsoft.CodeAnalysis.CSharp.Workspaces.dll /reference:C:\Users\Niroshana\.nuget\packages\microsoft.codeanalysis.common\4.5.0\lib\netcoreapp3.1\Microsoft.CodeAnalysis.dll /reference:C:\Users\Niroshana\.nuget\packages\microsoft.codeanalysis.workspaces.common\4.5.0\lib\netcoreapp3.1\Microsoft.CodeAnalysis.Workspaces.dll /reference:"C:\Program Files\dotnet\packs\Microsoft.NETCore.App.Ref\8.0.22\ref\net8.0\Microsoft.CSharp.dll" /reference:C:\Users\Niroshana\.nuget\packages\microsoft.entityframeworkcore.abstractions\8.0.19\lib\net8.0\Microsoft.EntityFrameworkCore.Abstractions.dll /reference:C:\Users\Niroshana\.nuget\packages\microsoft.entityframeworkcore.design\8.0.19\lib\net8.0\Microsoft.EntityFrameworkCore.Design.dll /reference:C:\Users\Niroshana\.nuget\packages\microsoft.entityframeworkcore\8.0.19\lib\net8.0\Microsoft.EntityFrameworkCore.dll /reference:C:\Users\Niroshana\.nuget\packages\microsoft.entityframeworkcore.relational\8.0.19\lib\net8.0\Microsoft.EntityFrameworkCore.Relational.dll /reference:"C:\Program Files\dotnet\packs\Microsoft.AspNetCore.App.Ref\8.0.22\ref\net8.0\Microsoft.Extensions.Caching.Abstractions.dll" /reference:"C:\Program Files\dotnet\packs\Microsoft.AspNetCore.App.Ref\8.0.22\ref\net8.0\Microsoft.Extensions.Caching.Memory.dll" /reference:C:\Users\Niroshana\.nuget\packages\microsoft.extensions.caching.stackexchangeredis\8.0.19\lib\net8.0\Microsoft.Extensions.Caching.StackExchangeRedis.dll /reference:"C:\Program Files\dotnet\packs\Microsoft.AspNetCore.App.Ref\8.0.22\ref\net8.0\Microsoft.Extensions.Configuration.Abstractions.dll" /reference:"C:\Program Files\dotnet\packs\Microsoft.AspNetCore.App.Ref\8.0.22\ref\net8.0\Microsoft.Extensions.Configuration.Binder.dll" /reference:"C:\Program Files\dotnet\packs\Microsoft.AspNetCore.App.Ref\8.0.22\ref\net8.0\Microsoft.Extensions.Configuration.CommandLine.dll" /reference:"C:\Program Files\dotnet\packs\Microsoft.AspNetCore.App.Ref\8.0.22\ref\net8.0\Microsoft.Extensions.Configuration.dll" /reference:"C:\Program Files\dotnet\packs\Microsoft.AspNetCore.App.Ref\8.0.22\ref\net8.0\Microsoft.Extensions.Configuration.EnvironmentVariables.dll" /reference:"C:\Program Files\dotnet\packs\Microsoft.AspNetCore.App.Ref\8.0.22\ref\net8.0\Microsoft.Extensions.Configuration.FileExtensions.dll" /reference:"C:\Program Files\dotnet\packs\Microsoft.AspNetCore.App.Ref\8.0.22\ref\net8.0\Microsoft.Extensions.Configuration.Ini.dll" /reference:"C:\Program Files\dotnet\packs\Microsoft.AspNetCore.App.Ref\8.0.22\ref\net8.0\Microsoft.Extensions.Configuration.Json.dll" /reference:"C:\Program Files\dotnet\packs\Microsoft.AspNetCore.App.Ref\8.0.22\ref\net8.0\Microsoft.Extensions.Configuration.KeyPerFile.dll" /reference:"C:\Program Files\dotnet\packs\Microsoft.AspNetCore.App.Ref\8.0.22\ref\net8.0\Microsoft.Extensions.Configuration.UserSecrets.dll" /reference:"C:\Program Files\dotnet\packs\Microsoft.AspNetCore.App.Ref\8.0.22\ref\net8.0\Microsoft.Extensions.Configuration.Xml.dll" /reference:"C:\Program Files\dotnet\packs\Microsoft.AspNetCore.App.Ref\8.0.22\ref\net8.0\Microsoft.Extensions.DependencyInjection.Abstractions.dll" /reference:"C:\Program Files\dotnet\packs\Microsoft.AspNetCore.App.Ref\8.0.22\ref\net8.0\Microsoft.Extensions.DependencyInjection.dll" /reference:C:\Users\Niroshana\.nuget\packages\microsoft.extensions.dependencymodel\8.0.2\lib\net8.0\Microsoft.Extensions.DependencyModel.dll /reference:"C:\Program Files\dotnet\packs\Microsoft.AspNetCore.App.Ref\8.0.22\ref\net8.0\Microsoft.Extensions.Diagnostics.Abstractions.dll" /reference:"C:\Program Files\dotnet\packs\Microsoft.AspNetCore.App.Ref\8.0.22\ref\net8.0\Microsoft.Extensions.Diagnostics.dll" /reference:"C:\Program Files\dotnet\packs\Microsoft.AspNetCore.App.Ref\8.0.22\ref\net8.0\Microsoft.Extensions.Diagnostics.HealthChecks.Abstractions.dll" /reference:"C:\Program Files\dotnet\packs\Microsoft.AspNetCore.App.Ref\8.0.22\ref\net8.0\Microsoft.Extensions.Diagnostics.HealthChecks.dll" /reference:"C:\Program Files\dotnet\packs\Microsoft.AspNetCore.App.Ref\8.0.22\ref\net8.0\Microsoft.Extensions.Features.dll" /reference:"C:\Program Files\dotnet\packs\Microsoft.AspNetCore.App.Ref\8.0.22\ref\net8.0\Microsoft.Extensions.FileProviders.Abstractions.dll" /reference:"C:\Program Files\dotnet\packs\Microsoft.AspNetCore.App.Ref\8.0.22\ref\net8.0\Microsoft.Extensions.FileProviders.Composite.dll" /reference:"C:\Program Files\dotnet\packs\Microsoft.AspNetCore.App.Ref\8.0.22\ref\net8.0\Microsoft.Extensions.FileProviders.Embedded.dll" /reference:"C:\Program Files\dotnet\packs\Microsoft.AspNetCore.App.Ref\8.0.22\ref\net8.0\Microsoft.Extensions.FileProviders.Physical.dll" /reference:"C:\Program Files\dotnet\packs\Microsoft.AspNetCore.App.Ref\8.0.22\ref\net8.0\Microsoft.Extensions.FileSystemGlobbing.dll" /reference:"C:\Program Files\dotnet\packs\Microsoft.AspNetCore.App.Ref\8.0.22\ref\net8.0\Microsoft.Extensions.Hosting.Abstractions.dll" /reference:"C:\Program Files\dotnet\packs\Microsoft.AspNetCore.App.Ref\8.0.22\ref\net8.0\Microsoft.Extensions.Hosting.dll" /reference:"C:\Program Files\dotnet\packs\Microsoft.AspNetCore.App.Ref\8.0.22\ref\net8.0\Microsoft.Extensions.Http.dll" /reference:"C:\Program Files\dotnet\packs\Microsoft.AspNetCore.App.Ref\8.0.22\ref\net8.0\Microsoft.Extensions.Identity.Core.dll" /reference:"C:\Program Files\dotnet\packs\Microsoft.AspNetCore.App.Ref\8.0.22\ref\net8.0\Microsoft.Extensions.Identity.Stores.dll" /reference:"C:\Program Files\dotnet\packs\Microsoft.AspNetCore.App.Ref\8.0.22\ref\net8.0\Microsoft.Extensions.Localization.Abstractions.dll" /reference:"C:\Program Files\dotnet\packs\Microsoft.AspNetCore.App.Ref\8.0.22\ref\net8.0\Microsoft.Extensions.Localization.dll" /reference:"C:\Program Files\dotnet\packs\Microsoft.AspNetCore.App.Ref\8.0.22\ref\net8.0\Microsoft.Extensions.Logging.Abstractions.dll" /reference:C:\Users\Niroshana\.nuget\packages\microsoft.extensions.logging.applicationinsights\2.22.0\lib\netstandard2.0\Microsoft.Extensions.Logging.ApplicationInsights.dll /reference:"C:\Program Files\dotnet\packs\Microsoft.AspNetCore.App.Ref\8.0.22\ref\net8.0\Microsoft.Extensions.Logging.Configuration.dll" /reference:"C:\Program Files\dotnet\packs\Microsoft.AspNetCore.App.Ref\8.0.22\ref\net8.0\Microsoft.Extensions.Logging.Console.dll" /reference:"C:\Program Files\dotnet\packs\Microsoft.AspNetCore.App.Ref\8.0.22\ref\net8.0\Microsoft.Extensions.Logging.Debug.dll" /reference:"C:\Program Files\dotnet\packs\Microsoft.AspNetCore.App.Ref\8.0.22\ref\net8.0\Microsoft.Extensions.Logging.dll" /reference:"C:\Program Files\dotnet\packs\Microsoft.AspNetCore.App.Ref\8.0.22\ref\net8.0\Microsoft.Extensions.Logging.EventLog.dll" /reference:"C:\Program Files\dotnet\packs\Microsoft.AspNetCore.App.Ref\8.0.22\ref\net8.0\Microsoft.Extensions.Logging.EventSource.dll" /reference:"C:\Program Files\dotnet\packs\Microsoft.AspNetCore.App.Ref\8.0.22\ref\net8.0\Microsoft.Extensions.Logging.TraceSource.dll" /reference:"C:\Program Files\dotnet\packs\Microsoft.AspNetCore.App.Ref\8.0.22\ref\net8.0\Microsoft.Extensions.ObjectPool.dll" /reference:"C:\Program Files\dotnet\packs\Microsoft.AspNetCore.App.Ref\8.0.22\ref\net8.0\Microsoft.Extensions.Options.ConfigurationExtensions.dll" /reference:"C:\Program Files\dotnet\packs\Microsoft.AspNetCore.App.Ref\8.0.22\ref\net8.0\Microsoft.Extensions.Options.DataAnnotations.dll" /reference:"C:\Program Files\dotnet\packs\Microsoft.AspNetCore.App.Ref\8.0.22\ref\net8.0\Microsoft.Extensions.Options.dll" /reference:"C:\Program Files\dotnet\packs\Microsoft.AspNetCore.App.Ref\8.0.22\ref\net8.0\Microsoft.Extensions.Primitives.dll" /reference:"C:\Program Files\dotnet\packs\Microsoft.AspNetCore.App.Ref\8.0.22\ref\net8.0\Microsoft.Extensions.WebEncoders.dll" /reference:C:\Users\Niroshana\.nuget\packages\microsoft.identity.abstractions\9.0.0\lib\net8.0\Microsoft.Identity.Abstractions.dll /reference:C:\Users\Niroshana\.nuget\packages\microsoft.identity.client\4.70.0\lib\net8.0\Microsoft.Identity.Client.dll /reference:C:\Users\Niroshana\.nuget\packages\microsoft.identity.client.extensions.msal\4.61.3\lib\net6.0\Microsoft.Identity.Client.Extensions.Msal.dll /reference:C:\Users\Niroshana\.nuget\packages\microsoft.identity.web.certificate\3.8.2\lib\net8.0\Microsoft.Identity.Web.Certificate.dll /reference:C:\Users\Niroshana\.nuget\packages\microsoft.identity.web.certificateless\3.8.2\lib\netstandard2.0\Microsoft.Identity.Web.Certificateless.dll /reference:C:\Users\Niroshana\.nuget\packages\microsoft.identity.web.diagnostics\3.8.2\lib\net8.0\Microsoft.Identity.Web.Diagnostics.dll /reference:C:\Users\Niroshana\.nuget\packages\microsoft.identity.web\3.8.2\lib\net8.0\Microsoft.Identity.Web.dll /reference:C:\Users\Niroshana\.nuget\packages\microsoft.identity.web.tokenacquisition\3.8.2\lib\net8.0\Microsoft.Identity.Web.TokenAcquisition.dll /reference:C:\Users\Niroshana\.nuget\packages\microsoft.identity.web.tokencache\3.8.2\lib\net8.0\Microsoft.Identity.Web.TokenCache.dll /reference:C:\Users\Niroshana\.nuget\packages\microsoft.identitymodel.abstractions\8.7.0\lib\net8.0\Microsoft.IdentityModel.Abstractions.dll /reference:C:\Users\Niroshana\.nuget\packages\microsoft.identitymodel.jsonwebtokens\8.7.0\lib\net8.0\Microsoft.IdentityModel.JsonWebTokens.dll /reference:C:\Users\Niroshana\.nuget\packages\microsoft.identitymodel.logging\8.7.0\lib\net8.0\Microsoft.IdentityModel.Logging.dll /reference:C:\Users\Niroshana\.nuget\packages\microsoft.identitymodel.loggingextensions\8.7.0\lib\netstandard2.0\Microsoft.IdentityModel.LoggingExtensions.dll /reference:C:\Users\Niroshana\.nuget\packages\microsoft.identitymodel.protocols\8.7.0\lib\net8.0\Microsoft.IdentityModel.Protocols.dll /reference:C:\Users\Niroshana\.nuget\packages\microsoft.identitymodel.protocols.openidconnect\8.7.0\lib\net8.0\Microsoft.IdentityModel.Protocols.OpenIdConnect.dll /reference:C:\Users\Niroshana\.nuget\packages\microsoft.identitymodel.tokens\8.7.0\lib\net8.0\Microsoft.IdentityModel.Tokens.dll /reference:C:\Users\Niroshana\.nuget\packages\microsoft.identitymodel.validators\8.7.0\lib\net8.0\Microsoft.IdentityModel.Validators.dll /reference:"C:\Program Files\dotnet\packs\Microsoft.AspNetCore.App.Ref\8.0.22\ref\net8.0\Microsoft.JSInterop.dll" /reference:"C:\Program Files\dotnet\packs\Microsoft.AspNetCore.App.Ref\8.0.22\ref\net8.0\Microsoft.Net.Http.Headers.dll" /reference:"C:\Program Files\dotnet\packs\Microsoft.NETCore.App.Ref\8.0.22\ref\net8.0\Microsoft.VisualBasic.Core.dll" /reference:"C:\Program Files\dotnet\packs\Microsoft.NETCore.App.Ref\8.0.22\ref\net8.0\Microsoft.VisualBasic.dll" /reference:"C:\Program Files\dotnet\packs\Microsoft.NETCore.App.Ref\8.0.22\ref\net8.0\Microsoft.Win32.Primitives.dll" /reference:"C:\Program Files\dotnet\packs\Microsoft.NETCore.App.Ref\8.0.22\ref\net8.0\Microsoft.Win32.Registry.dll" /reference:C:\Users\Niroshana\.nuget\packages\mimekit\4.8.0\lib\net8.0\MimeKit.dll /reference:C:\Users\Niroshana\.nuget\packages\mono.texttemplating\2.2.1\lib\netstandard2.0\Mono.TextTemplating.dll /reference:"C:\Program Files\dotnet\packs\Microsoft.NETCore.App.Ref\8.0.22\ref\net8.0\mscorlib.dll" /reference:"C:\Program Files\dotnet\packs\Microsoft.NETCore.App.Ref\8.0.22\ref\net8.0\netstandard.dll" /reference:C:\Users\Niroshana\.nuget\packages\nettopologysuite\2.6.0\lib\netstandard2.1\NetTopologySuite.dll /reference:C:\Users\Niroshana\.nuget\packages\nettopologysuite.io.postgis\2.1.0\lib\netstandard2.1\NetTopologySuite.IO.PostGis.dll /reference:C:\Users\Niroshana\.nuget\packages\newtonsoft.json\13.0.3\lib\net6.0\Newtonsoft.Json.dll /reference:C:\Users\Niroshana\.nuget\packages\npgsql\8.0.6\lib\net8.0\Npgsql.dll /reference:C:\Users\Niroshana\.nuget\packages\npgsql.entityframeworkcore.postgresql\8.0.11\lib\net8.0\Npgsql.EntityFrameworkCore.PostgreSQL.dll /reference:C:\Users\Niroshana\.nuget\packages\npgsql.entityframeworkcore.postgresql.nettopologysuite\8.0.11\lib\net8.0\Npgsql.EntityFrameworkCore.PostgreSQL.NetTopologySuite.dll /reference:C:\Users\Niroshana\.nuget\packages\npgsql.nettopologysuite\8.0.6\lib\netstandard2.0\Npgsql.NetTopologySuite.dll /reference:C:\Users\Niroshana\.nuget\packages\pipelines.sockets.unofficial\2.2.8\lib\net5.0\Pipelines.Sockets.Unofficial.dll /reference:C:\Users\Niroshana\.nuget\packages\qrcoder\1.6.0\lib\net6.0\QRCoder.dll /reference:C:\Users\Niroshana\.nuget\packages\questpdf\2024.10.2\lib\net8.0\QuestPDF.dll /reference:C:\Users\Niroshana\.nuget\packages\serilog\3.1.1\lib\net7.0\Serilog.dll /reference:C:\Users\Niroshana\.nuget\packages\serilog.extensions.logging\8.0.0\lib\net8.0\Serilog.Extensions.Logging.dll /reference:C:\Users\Niroshana\.nuget\packages\sixlabors.fonts\1.0.0\lib\netcoreapp3.1\SixLabors.Fonts.dll /reference:C:\Users\Niroshana\.nuget\packages\stackexchange.redis\2.8.16\lib\net6.0\StackExchange.Redis.dll /reference:C:\Users\Niroshana\.nuget\packages\stripe.net\47.4.0\lib\net8.0\Stripe.net.dll /reference:"C:\Program Files\dotnet\packs\Microsoft.NETCore.App.Ref\8.0.22\ref\net8.0\System.AppContext.dll" /reference:"C:\Program Files\dotnet\packs\Microsoft.NETCore.App.Ref\8.0.22\ref\net8.0\System.Buffers.dll" /reference:C:\Users\Niroshana\.nuget\packages\system.clientmodel\1.7.0\lib\net8.0\System.ClientModel.dll /reference:C:\Users\Niroshana\.nuget\packages\system.codedom\4.4.0\ref\netstandard2.0\System.CodeDom.dll /reference:"C:\Program Files\dotnet\packs\Microsoft.NETCore.App.Ref\8.0.22\ref\net8.0\System.Collections.Concurrent.dll" /reference:"C:\Program Files\dotnet\packs\Microsoft.NETCore.App.Ref\8.0.22\ref\net8.0\System.Collections.dll" /reference:"C:\Program Files\dotnet\packs\Microsoft.NETCore.App.Ref\8.0.22\ref\net8.0\System.Collections.Immutable.dll" /reference:"C:\Program Files\dotnet\packs\Microsoft.NETCore.App.Ref\8.0.22\ref\net8.0\System.Collections.NonGeneric.dll" /reference:"C:\Program Files\dotnet\packs\Microsoft.NETCore.App.Ref\8.0.22\ref\net8.0\System.Collections.Specialized.dll" /reference:"C:\Program Files\dotnet\packs\Microsoft.NETCore.App.Ref\8.0.22\ref\net8.0\System.ComponentModel.Annotations.dll" /reference:"C:\Program Files\dotnet\packs\Microsoft.NETCore.App.Ref\8.0.22\ref\net8.0\System.ComponentModel.DataAnnotations.dll" /reference:"C:\Program Files\dotnet\packs\Microsoft.NETCore.App.Ref\8.0.22\ref\net8.0\System.ComponentModel.dll" /reference:"C:\Program Files\dotnet\packs\Microsoft.NETCore.App.Ref\8.0.22\ref\net8.0\System.ComponentModel.EventBasedAsync.dll" /reference:"C:\Program Files\dotnet\packs\Microsoft.NETCore.App.Ref\8.0.22\ref\net8.0\System.ComponentModel.Primitives.dll" /reference:"C:\Program Files\dotnet\packs\Microsoft.NETCore.App.Ref\8.0.22\ref\net8.0\System.ComponentModel.TypeConverter.dll" /reference:C:\Users\Niroshana\.nuget\packages\system.composition.attributedmodel\6.0.0\lib\net6.0\System.Composition.AttributedModel.dll /reference:C:\Users\Niroshana\.nuget\packages\system.composition.convention\6.0.0\lib\net6.0\System.Composition.Convention.dll /reference:C:\Users\Niroshana\.nuget\packages\system.composition.hosting\6.0.0\lib\net6.0\System.Composition.Hosting.dll /reference:C:\Users\Niroshana\.nuget\packages\system.composition.runtime\6.0.0\lib\net6.0\System.Composition.Runtime.dll /reference:C:\Users\Niroshana\.nuget\packages\system.composition.typedparts\6.0.0\lib\net6.0\System.Composition.TypedParts.dll /reference:C:\Users\Niroshana\.nuget\packages\system.configuration.configurationmanager\8.0.0\lib\net8.0\System.Configuration.ConfigurationManager.dll /reference:"C:\Program Files\dotnet\packs\Microsoft.NETCore.App.Ref\8.0.22\ref\net8.0\System.Configuration.dll" /reference:"C:\Program Files\dotnet\packs\Microsoft.NETCore.App.Ref\8.0.22\ref\net8.0\System.Console.dll" /reference:"C:\Program Files\dotnet\packs\Microsoft.NETCore.App.Ref\8.0.22\ref\net8.0\System.Core.dll" /reference:"C:\Program Files\dotnet\packs\Microsoft.NETCore.App.Ref\8.0.22\ref\net8.0\System.Data.Common.dll" /reference:"C:\Program Files\dotnet\packs\Microsoft.NETCore.App.Ref\8.0.22\ref\net8.0\System.Data.DataSetExtensions.dll" /reference:"C:\Program Files\dotnet\packs\Microsoft.NETCore.App.Ref\8.0.22\ref\net8.0\System.Data.dll" /reference:"C:\Program Files\dotnet\packs\Microsoft.NETCore.App.Ref\8.0.22\ref\net8.0\System.Diagnostics.Contracts.dll" /reference:"C:\Program Files\dotnet\packs\Microsoft.NETCore.App.Ref\8.0.22\ref\net8.0\System.Diagnostics.Debug.dll" /reference:"C:\Program Files\dotnet\packs\Microsoft.NETCore.App.Ref\8.0.22\ref\net8.0\System.Diagnostics.DiagnosticSource.dll" /reference:"C:\Program Files\dotnet\packs\Microsoft.AspNetCore.App.Ref\8.0.22\ref\net8.0\System.Diagnostics.EventLog.dll" /reference:"C:\Program Files\dotnet\packs\Microsoft.NETCore.App.Ref\8.0.22\ref\net8.0\System.Diagnostics.FileVersionInfo.dll" /reference:C:\Users\Niroshana\.nuget\packages\system.diagnostics.performancecounter\6.0.0\lib\net6.0\System.Diagnostics.PerformanceCounter.dll /reference:"C:\Program Files\dotnet\packs\Microsoft.NETCore.App.Ref\8.0.22\ref\net8.0\System.Diagnostics.Process.dll" /reference:"C:\Program Files\dotnet\packs\Microsoft.NETCore.App.Ref\8.0.22\ref\net8.0\System.Diagnostics.StackTrace.dll" /reference:"C:\Program Files\dotnet\packs\Microsoft.NETCore.App.Ref\8.0.22\ref\net8.0\System.Diagnostics.TextWriterTraceListener.dll" /reference:"C:\Program Files\dotnet\packs\Microsoft.NETCore.App.Ref\8.0.22\ref\net8.0\System.Diagnostics.Tools.dll" /reference:"C:\Program Files\dotnet\packs\Microsoft.NETCore.App.Ref\8.0.22\ref\net8.0\System.Diagnostics.TraceSource.dll" /reference:"C:\Program Files\dotnet\packs\Microsoft.NETCore.App.Ref\8.0.22\ref\net8.0\System.Diagnostics.Tracing.dll" /reference:"C:\Program Files\dotnet\packs\Microsoft.NETCore.App.Ref\8.0.22\ref\net8.0\System.dll" /reference:"C:\Program Files\dotnet\packs\Microsoft.NETCore.App.Ref\8.0.22\ref\net8.0\System.Drawing.dll" /reference:"C:\Program Files\dotnet\packs\Microsoft.NETCore.App.Ref\8.0.22\ref\net8.0\System.Drawing.Primitives.dll" /reference:"C:\Program Files\dotnet\packs\Microsoft.NETCore.App.Ref\8.0.22\ref\net8.0\System.Dynamic.Runtime.dll" /reference:"C:\Program Files\dotnet\packs\Microsoft.NETCore.App.Ref\8.0.22\ref\net8.0\System.Formats.Asn1.dll" /reference:"C:\Program Files\dotnet\packs\Microsoft.NETCore.App.Ref\8.0.22\ref\net8.0\System.Formats.Tar.dll" /reference:"C:\Program Files\dotnet\packs\Microsoft.NETCore.App.Ref\8.0.22\ref\net8.0\System.Globalization.Calendars.dll" /reference:"C:\Program Files\dotnet\packs\Microsoft.NETCore.App.Ref\8.0.22\ref\net8.0\System.Globalization.dll" /reference:"C:\Program Files\dotnet\packs\Microsoft.NETCore.App.Ref\8.0.22\ref\net8.0\System.Globalization.Extensions.dll" /reference:C:\Users\Niroshana\.nuget\packages\system.identitymodel.tokens.jwt\8.7.0\lib\net8.0\System.IdentityModel.Tokens.Jwt.dll /reference:"C:\Program Files\dotnet\packs\Microsoft.NETCore.App.Ref\8.0.22\ref\net8.0\System.IO.Compression.Brotli.dll" /reference:"C:\Program Files\dotnet\packs\Microsoft.NETCore.App.Ref\8.0.22\ref\net8.0\System.IO.Compression.dll" /reference:"C:\Program Files\dotnet\packs\Microsoft.NETCore.App.Ref\8.0.22\ref\net8.0\System.IO.Compression.FileSystem.dll" /reference:"C:\Program Files\dotnet\packs\Microsoft.NETCore.App.Ref\8.0.22\ref\net8.0\System.IO.Compression.ZipFile.dll" /reference:"C:\Program Files\dotnet\packs\Microsoft.NETCore.App.Ref\8.0.22\ref\net8.0\System.IO.dll" /reference:"C:\Program Files\dotnet\packs\Microsoft.NETCore.App.Ref\8.0.22\ref\net8.0\System.IO.FileSystem.AccessControl.dll" /reference:"C:\Program Files\dotnet\packs\Microsoft.NETCore.App.Ref\8.0.22\ref\net8.0\System.IO.FileSystem.dll" /reference:"C:\Program Files\dotnet\packs\Microsoft.NETCore.App.Ref\8.0.22\ref\net8.0\System.IO.FileSystem.DriveInfo.dll" /reference:"C:\Program Files\dotnet\packs\Microsoft.NETCore.App.Ref\8.0.22\ref\net8.0\System.IO.FileSystem.Primitives.dll" /reference:"C:\Program Files\dotnet\packs\Microsoft.NETCore.App.Ref\8.0.22\ref\net8.0\System.IO.FileSystem.Watcher.dll" /reference:C:\Users\Niroshana\.nuget\packages\system.io.hashing\6.0.0\lib\net6.0\System.IO.Hashing.dll /reference:"C:\Program Files\dotnet\packs\Microsoft.NETCore.App.Ref\8.0.22\ref\net8.0\System.IO.IsolatedStorage.dll" /reference:"C:\Program Files\dotnet\packs\Microsoft.NETCore.App.Ref\8.0.22\ref\net8.0\System.IO.MemoryMappedFiles.dll" /reference:C:\Users\Niroshana\.nuget\packages\system.io.packaging\6.0.0\lib\net6.0\System.IO.Packaging.dll /reference:"C:\Program Files\dotnet\packs\Microsoft.AspNetCore.App.Ref\8.0.22\ref\net8.0\System.IO.Pipelines.dll" /reference:"C:\Program Files\dotnet\packs\Microsoft.NETCore.App.Ref\8.0.22\ref\net8.0\System.IO.Pipes.AccessControl.dll" /reference:"C:\Program Files\dotnet\packs\Microsoft.NETCore.App.Ref\8.0.22\ref\net8.0\System.IO.Pipes.dll" /reference:"C:\Program Files\dotnet\packs\Microsoft.NETCore.App.Ref\8.0.22\ref\net8.0\System.IO.UnmanagedMemoryStream.dll" /reference:"C:\Program Files\dotnet\packs\Microsoft.NETCore.App.Ref\8.0.22\ref\net8.0\System.Linq.dll" /reference:"C:\Program Files\dotnet\packs\Microsoft.NETCore.App.Ref\8.0.22\ref\net8.0\System.Linq.Expressions.dll" /reference:"C:\Program Files\dotnet\packs\Microsoft.NETCore.App.Ref\8.0.22\ref\net8.0\System.Linq.Parallel.dll" /reference:"C:\Program Files\dotnet\packs\Microsoft.NETCore.App.Ref\8.0.22\ref\net8.0\System.Linq.Queryable.dll" /reference:C:\Users\Niroshana\.nuget\packages\system.memory.data\8.0.1\lib\net8.0\System.Memory.Data.dll /reference:"C:\Program Files\dotnet\packs\Microsoft.NETCore.App.Ref\8.0.22\ref\net8.0\System.Memory.dll" /reference:"C:\Program Files\dotnet\packs\Microsoft.NETCore.App.Ref\8.0.22\ref\net8.0\System.Net.dll" /reference:"C:\Program Files\dotnet\packs\Microsoft.NETCore.App.Ref\8.0.22\ref\net8.0\System.Net.Http.dll" /reference:"C:\Program Files\dotnet\packs\Microsoft.NETCore.App.Ref\8.0.22\ref\net8.0\System.Net.Http.Json.dll" /reference:"C:\Program Files\dotnet\packs\Microsoft.NETCore.App.Ref\8.0.22\ref\net8.0\System.Net.HttpListener.dll" /reference:"C:\Program Files\dotnet\packs\Microsoft.NETCore.App.Ref\8.0.22\ref\net8.0\System.Net.Mail.dll" /reference:"C:\Program Files\dotnet\packs\Microsoft.NETCore.App.Ref\8.0.22\ref\net8.0\System.Net.NameResolution.dll" /reference:"C:\Program Files\dotnet\packs\Microsoft.NETCore.App.Ref\8.0.22\ref\net8.0\System.Net.NetworkInformation.dll" /reference:"C:\Program Files\dotnet\packs\Microsoft.NETCore.App.Ref\8.0.22\ref\net8.0\System.Net.Ping.dll" /reference:"C:\Program Files\dotnet\packs\Microsoft.NETCore.App.Ref\8.0.22\ref\net8.0\System.Net.Primitives.dll" /reference:"C:\Program Files\dotnet\packs\Microsoft.NETCore.App.Ref\8.0.22\ref\net8.0\System.Net.Quic.dll" /reference:"C:\Program Files\dotnet\packs\Microsoft.NETCore.App.Ref\8.0.22\ref\net8.0\System.Net.Requests.dll" /reference:"C:\Program Files\dotnet\packs\Microsoft.NETCore.App.Ref\8.0.22\ref\net8.0\System.Net.Security.dll" /reference:"C:\Program Files\dotnet\packs\Microsoft.NETCore.App.Ref\8.0.22\ref\net8.0\System.Net.ServicePoint.dll" /reference:"C:\Program Files\dotnet\packs\Microsoft.NETCore.App.Ref\8.0.22\ref\net8.0\System.Net.Sockets.dll" /reference:"C:\Program Files\dotnet\packs\Microsoft.NETCore.App.Ref\8.0.22\ref\net8.0\System.Net.WebClient.dll" /reference:"C:\Program Files\dotnet\packs\Microsoft.NETCore.App.Ref\8.0.22\ref\net8.0\System.Net.WebHeaderCollection.dll" /reference:"C:\Program Files\dotnet\packs\Microsoft.NETCore.App.Ref\8.0.22\ref\net8.0\System.Net.WebProxy.dll" /reference:"C:\Program Files\dotnet\packs\Microsoft.NETCore.App.Ref\8.0.22\ref\net8.0\System.Net.WebSockets.Client.dll" /reference:"C:\Program Files\dotnet\packs\Microsoft.NETCore.App.Ref\8.0.22\ref\net8.0\System.Net.WebSockets.dll" /reference:"C:\Program Files\dotnet\packs\Microsoft.NETCore.App.Ref\8.0.22\ref\net8.0\System.Numerics.dll" /reference:"C:\Program Files\dotnet\packs\Microsoft.NETCore.App.Ref\8.0.22\ref\net8.0\System.Numerics.Vectors.dll" /reference:"C:\Program Files\dotnet\packs\Microsoft.NETCore.App.Ref\8.0.22\ref\net8.0\System.ObjectModel.dll" /reference:"C:\Program Files\dotnet\packs\Microsoft.NETCore.App.Ref\8.0.22\ref\net8.0\System.Reflection.DispatchProxy.dll" /reference:"C:\Program Files\dotnet\packs\Microsoft.NETCore.App.Ref\8.0.22\ref\net8.0\System.Reflection.dll" /reference:"C:\Program Files\dotnet\packs\Microsoft.NETCore.App.Ref\8.0.22\ref\net8.0\System.Reflection.Emit.dll" /reference:"C:\Program Files\dotnet\packs\Microsoft.NETCore.App.Ref\8.0.22\ref\net8.0\System.Reflection.Emit.ILGeneration.dll" /reference:"C:\Program Files\dotnet\packs\Microsoft.NETCore.App.Ref\8.0.22\ref\net8.0\System.Reflection.Emit.Lightweight.dll" /reference:"C:\Program Files\dotnet\packs\Microsoft.NETCore.App.Ref\8.0.22\ref\net8.0\System.Reflection.Extensions.dll" /reference:"C:\Program Files\dotnet\packs\Microsoft.NETCore.App.Ref\8.0.22\ref\net8.0\System.Reflection.Metadata.dll" /reference:"C:\Program Files\dotnet\packs\Microsoft.NETCore.App.Ref\8.0.22\ref\net8.0\System.Reflection.Primitives.dll" /reference:"C:\Program Files\dotnet\packs\Microsoft.NETCore.App.Ref\8.0.22\ref\net8.0\System.Reflection.TypeExtensions.dll" /reference:"C:\Program Files\dotnet\packs\Microsoft.NETCore.App.Ref\8.0.22\ref\net8.0\System.Resources.Reader.dll" /reference:"C:\Program Files\dotnet\packs\Microsoft.NETCore.App.Ref\8.0.22\ref\net8.0\System.Resources.ResourceManager.dll" /reference:"C:\Program Files\dotnet\packs\Microsoft.NETCore.App.Ref\8.0.22\ref\net8.0\System.Resources.Writer.dll" /reference:"C:\Program Files\dotnet\packs\Microsoft.NETCore.App.Ref\8.0.22\ref\net8.0\System.Runtime.CompilerServices.Unsafe.dll" /reference:"C:\Program Files\dotnet\packs\Microsoft.NETCore.App.Ref\8.0.22\ref\net8.0\System.Runtime.CompilerServices.VisualC.dll" /reference:"C:\Program Files\dotnet\packs\Microsoft.NETCore.App.Ref\8.0.22\ref\net8.0\System.Runtime.dll" /reference:"C:\Program Files\dotnet\packs\Microsoft.NETCore.App.Ref\8.0.22\ref\net8.0\System.Runtime.Extensions.dll" /reference:"C:\Program Files\dotnet\packs\Microsoft.NETCore.App.Ref\8.0.22\ref\net8.0\System.Runtime.Handles.dll" /reference:"C:\Program Files\dotnet\packs\Microsoft.NETCore.App.Ref\8.0.22\ref\net8.0\System.Runtime.InteropServices.dll" /reference:"C:\Program Files\dotnet\packs\Microsoft.NETCore.App.Ref\8.0.22\ref\net8.0\System.Runtime.InteropServices.JavaScript.dll" /reference:"C:\Program Files\dotnet\packs\Microsoft.NETCore.App.Ref\8.0.22\ref\net8.0\System.Runtime.InteropServices.RuntimeInformation.dll" /reference:"C:\Program Files\dotnet\packs\Microsoft.NETCore.App.Ref\8.0.22\ref\net8.0\System.Runtime.Intrinsics.dll" /reference:"C:\Program Files\dotnet\packs\Microsoft.NETCore.App.Ref\8.0.22\ref\net8.0\System.Runtime.Loader.dll" /reference:"C:\Program Files\dotnet\packs\Microsoft.NETCore.App.Ref\8.0.22\ref\net8.0\System.Runtime.Numerics.dll" /reference:"C:\Program Files\dotnet\packs\Microsoft.NETCore.App.Ref\8.0.22\ref\net8.0\System.Runtime.Serialization.dll" /reference:"C:\Program Files\dotnet\packs\Microsoft.NETCore.App.Ref\8.0.22\ref\net8.0\System.Runtime.Serialization.Formatters.dll" /reference:"C:\Program Files\dotnet\packs\Microsoft.NETCore.App.Ref\8.0.22\ref\net8.0\System.Runtime.Serialization.Json.dll" /reference:"C:\Program Files\dotnet\packs\Microsoft.NETCore.App.Ref\8.0.22\ref\net8.0\System.Runtime.Serialization.Primitives.dll" /reference:"C:\Program Files\dotnet\packs\Microsoft.NETCore.App.Ref\8.0.22\ref\net8.0\System.Runtime.Serialization.Xml.dll" /reference:"C:\Program Files\dotnet\packs\Microsoft.NETCore.App.Ref\8.0.22\ref\net8.0\System.Security.AccessControl.dll" /reference:"C:\Program Files\dotnet\packs\Microsoft.NETCore.App.Ref\8.0.22\ref\net8.0\System.Security.Claims.dll" /reference:"C:\Program Files\dotnet\packs\Microsoft.NETCore.App.Ref\8.0.22\ref\net8.0\System.Security.Cryptography.Algorithms.dll" /reference:"C:\Program Files\dotnet\packs\Microsoft.NETCore.App.Ref\8.0.22\ref\net8.0\System.Security.Cryptography.Cng.dll" /reference:"C:\Program Files\dotnet\packs\Microsoft.NETCore.App.Ref\8.0.22\ref\net8.0\System.Security.Cryptography.Csp.dll" /reference:"C:\Program Files\dotnet\packs\Microsoft.NETCore.App.Ref\8.0.22\ref\net8.0\System.Security.Cryptography.dll" /reference:"C:\Program Files\dotnet\packs\Microsoft.NETCore.App.Ref\8.0.22\ref\net8.0\System.Security.Cryptography.Encoding.dll" /reference:"C:\Program Files\dotnet\packs\Microsoft.NETCore.App.Ref\8.0.22\ref\net8.0\System.Security.Cryptography.OpenSsl.dll" /reference:C:\Users\Niroshana\.nuget\packages\system.security.cryptography.pkcs\8.0.0\lib\net8.0\System.Security.Cryptography.Pkcs.dll /reference:"C:\Program Files\dotnet\packs\Microsoft.NETCore.App.Ref\8.0.22\ref\net8.0\System.Security.Cryptography.Primitives.dll" /reference:C:\Users\Niroshana\.nuget\packages\system.security.cryptography.protecteddata\8.0.0\lib\net8.0\System.Security.Cryptography.ProtectedData.dll /reference:"C:\Program Files\dotnet\packs\Microsoft.NETCore.App.Ref\8.0.22\ref\net8.0\System.Security.Cryptography.X509Certificates.dll" /reference:"C:\Program Files\dotnet\packs\Microsoft.AspNetCore.App.Ref\8.0.22\ref\net8.0\System.Security.Cryptography.Xml.dll" /reference:"C:\Program Files\dotnet\packs\Microsoft.NETCore.App.Ref\8.0.22\ref\net8.0\System.Security.dll" /reference:"C:\Program Files\dotnet\packs\Microsoft.NETCore.App.Ref\8.0.22\ref\net8.0\System.Security.Principal.dll" /reference:"C:\Program Files\dotnet\packs\Microsoft.NETCore.App.Ref\8.0.22\ref\net8.0\System.Security.Principal.Windows.dll" /reference:"C:\Program Files\dotnet\packs\Microsoft.NETCore.App.Ref\8.0.22\ref\net8.0\System.Security.SecureString.dll" /reference:"C:\Program Files\dotnet\packs\Microsoft.NETCore.App.Ref\8.0.22\ref\net8.0\System.ServiceModel.Web.dll" /reference:"C:\Program Files\dotnet\packs\Microsoft.NETCore.App.Ref\8.0.22\ref\net8.0\System.ServiceProcess.dll" /reference:"C:\Program Files\dotnet\packs\Microsoft.NETCore.App.Ref\8.0.22\ref\net8.0\System.Text.Encoding.CodePages.dll" /reference:"C:\Program Files\dotnet\packs\Microsoft.NETCore.App.Ref\8.0.22\ref\net8.0\System.Text.Encoding.dll" /reference:"C:\Program Files\dotnet\packs\Microsoft.NETCore.App.Ref\8.0.22\ref\net8.0\System.Text.Encoding.Extensions.dll" /reference:"C:\Program Files\dotnet\packs\Microsoft.NETCore.App.Ref\8.0.22\ref\net8.0\System.Text.Encodings.Web.dll" /reference:"C:\Program Files\dotnet\packs\Microsoft.NETCore.App.Ref\8.0.22\ref\net8.0\System.Text.Json.dll" /reference:"C:\Program Files\dotnet\packs\Microsoft.NETCore.App.Ref\8.0.22\ref\net8.0\System.Text.RegularExpressions.dll" /reference:"C:\Program Files\dotnet\packs\Microsoft.NETCore.App.Ref\8.0.22\ref\net8.0\System.Threading.Channels.dll" /reference:"C:\Program Files\dotnet\packs\Microsoft.NETCore.App.Ref\8.0.22\ref\net8.0\System.Threading.dll" /reference:"C:\Program Files\dotnet\packs\Microsoft.NETCore.App.Ref\8.0.22\ref\net8.0\System.Threading.Overlapped.dll" /reference:"C:\Program Files\dotnet\packs\Microsoft.AspNetCore.App.Ref\8.0.22\ref\net8.0\System.Threading.RateLimiting.dll" /reference:"C:\Program Files\dotnet\packs\Microsoft.NETCore.App.Ref\8.0.22\ref\net8.0\System.Threading.Tasks.Dataflow.dll" /reference:"C:\Program Files\dotnet\packs\Microsoft.NETCore.App.Ref\8.0.22\ref\net8.0\System.Threading.Tasks.dll" /reference:"C:\Program Files\dotnet\packs\Microsoft.NETCore.App.Ref\8.0.22\ref\net8.0\System.Threading.Tasks.Extensions.dll" /reference:"C:\Program Files\dotnet\packs\Microsoft.NETCore.App.Ref\8.0.22\ref\net8.0\System.Threading.Tasks.Parallel.dll" /reference:"C:\Program Files\dotnet\packs\Microsoft.NETCore.App.Ref\8.0.22\ref\net8.0\System.Threading.Thread.dll" /reference:"C:\Program Files\dotnet\packs\Microsoft.NETCore.App.Ref\8.0.22\ref\net8.0\System.Threading.ThreadPool.dll" /reference:"C:\Program Files\dotnet\packs\Microsoft.NETCore.App.Ref\8.0.22\ref\net8.0\System.Threading.Timer.dll" /reference:"C:\Program Files\dotnet\packs\Microsoft.NETCore.App.Ref\8.0.22\ref\net8.0\System.Transactions.dll" /reference:"C:\Program Files\dotnet\packs\Microsoft.NETCore.App.Ref\8.0.22\ref\net8.0\System.Transactions.Local.dll" /reference:"C:\Program Files\dotnet\packs\Microsoft.NETCore.App.Ref\8.0.22\ref\net8.0\System.ValueTuple.dll" /reference:"C:\Program Files\dotnet\packs\Microsoft.NETCore.App.Ref\8.0.22\ref\net8.0\System.Web.dll" /reference:"C:\Program Files\dotnet\packs\Microsoft.NETCore.App.Ref\8.0.22\ref\net8.0\System.Web.HttpUtility.dll" /reference:"C:\Program Files\dotnet\packs\Microsoft.NETCore.App.Ref\8.0.22\ref\net8.0\System.Windows.dll" /reference:"C:\Program Files\dotnet\packs\Microsoft.NETCore.App.Ref\8.0.22\ref\net8.0\System.Xml.dll" /reference:"C:\Program Files\dotnet\packs\Microsoft.NETCore.App.Ref\8.0.22\ref\net8.0\System.Xml.Linq.dll" /reference:"C:\Program Files\dotnet\packs\Microsoft.NETCore.App.Ref\8.0.22\ref\net8.0\System.Xml.ReaderWriter.dll" /reference:"C:\Program Files\dotnet\packs\Microsoft.NETCore.App.Ref\8.0.22\ref\net8.0\System.Xml.Serialization.dll" /reference:"C:\Program Files\dotnet\packs\Microsoft.NETCore.App.Ref\8.0.22\ref\net8.0\System.Xml.XDocument.dll" /reference:"C:\Program Files\dotnet\packs\Microsoft.NETCore.App.Ref\8.0.22\ref\net8.0\System.Xml.XmlDocument.dll" /reference:"C:\Program Files\dotnet\packs\Microsoft.NETCore.App.Ref\8.0.22\ref\net8.0\System.Xml.XmlSerializer.dll" /reference:"C:\Program Files\dotnet\packs\Microsoft.NETCore.App.Ref\8.0.22\ref\net8.0\System.Xml.XPath.dll" /reference:"C:\Program Files\dotnet\packs\Microsoft.NETCore.App.Ref\8.0.22\ref\net8.0\System.Xml.XPath.XDocument.dll" /reference:"C:\Program Files\dotnet\packs\Microsoft.NETCore.App.Ref\8.0.22\ref\net8.0\WindowsBase.dll" /reference:C:\Users\Niroshana\.nuget\packages\xlparser\1.5.2\lib\netstandard1.6\XLParser.dll /debug+ /debug:portable /filealign:512 /optimize- /out:obj\Debug\net8.0\LankaConnect.Infrastructure.dll /refout:obj\Debug\net8.0\refint\LankaConnect.Infrastructure.dll /target:library /warnaserror+ /utf8output /deterministic+ /sourcelink:obj\Debug\net8.0\LankaConnect.Infrastructure.sourcelink.json /langversion:12.0 /embed:obj\Debug\net8.0\LankaConnect.Infrastructure.GlobalUsings.g.cs /embed:"obj\Debug\net8.0\.NETCoreApp,Version=v8.0.AssemblyAttributes.cs" /embed:obj\Debug\net8.0\LankaConnect.Infrastructure.AssemblyInfo.cs /embed:obj\Debug\net8.0\EFCoreNpgsqlNetTopologySuite.cs /analyzerconfig:C:\Work\LankaConnect\.editorconfig /analyzerconfig:obj\Debug\net8.0\LankaConnect.Infrastructure.GeneratedMSBuildEditorConfig.editorconfig /analyzerconfig:"C:\Program Files\dotnet\sdk\8.0.416\Sdks\Microsoft.NET.Sdk\analyzers\build\config\analysislevel_8_default.globalconfig" /analyzer:"C:\Program Files\dotnet\sdk\8.0.416\Sdks\Microsoft.NET.Sdk\targets\..\analyzers\Microsoft.CodeAnalysis.CSharp.NetAnalyzers.dll" /analyzer:"C:\Program Files\dotnet\sdk\8.0.416\Sdks\Microsoft.NET.Sdk\targets\..\analyzers\Microsoft.CodeAnalysis.NetAnalyzers.dll" /analyzer:"C:\Program Files\dotnet\sdk\8.0.416\Sdks\Microsoft.NET.Sdk\targets\..\codestyle\cs\Microsoft.CodeAnalysis.CodeStyle.dll" /analyzer:"C:\Program Files\dotnet\sdk\8.0.416\Sdks\Microsoft.NET.Sdk\targets\..\codestyle\cs\Microsoft.CodeAnalysis.CodeStyle.Fixes.dll" /analyzer:"C:\Program Files\dotnet\sdk\8.0.416\Sdks\Microsoft.NET.Sdk\targets\..\codestyle\cs\Microsoft.CodeAnalysis.CSharp.CodeStyle.dll" /analyzer:"C:\Program Files\dotnet\sdk\8.0.416\Sdks\Microsoft.NET.Sdk\targets\..\codestyle\cs\Microsoft.CodeAnalysis.CSharp.CodeStyle.Fixes.dll" /analyzer:C:\Users\Niroshana\.nuget\packages\microsoft.codeanalysis.analyzers\3.3.3\analyzers\dotnet\cs\Microsoft.CodeAnalysis.Analyzers.dll /analyzer:C:\Users\Niroshana\.nuget\packages\microsoft.codeanalysis.analyzers\3.3.3\analyzers\dotnet\cs\Microsoft.CodeAnalysis.CSharp.Analyzers.dll /analyzer:C:\Users\Niroshana\.nuget\packages\microsoft.entityframeworkcore.analyzers\8.0.19\analyzers\dotnet\cs\Microsoft.EntityFrameworkCore.Analyzers.dll /analyzer:C:\Users\Niroshana\.nuget\packages\system.clientmodel\1.7.0\analyzers\dotnet\cs\System.ClientModel.SourceGeneration.dll /analyzer:"C:\Program Files\dotnet\packs\Microsoft.NETCore.App.Ref\8.0.22\analyzers/dotnet/cs/Microsoft.Interop.ComInterfaceGenerator.dll" /analyzer:"C:\Program Files\dotnet\packs\Microsoft.NETCore.App.Ref\8.0.22\analyzers/dotnet/cs/Microsoft.Interop.JavaScript.JSImportGenerator.dll" /analyzer:"C:\Program Files\dotnet\packs\Microsoft.NETCore.App.Ref\8.0.22\analyzers/dotnet/cs/Microsoft.Interop.LibraryImportGenerator.dll" /analyzer:"C:\Program Files\dotnet\packs\Microsoft.NETCore.App.Ref\8.0.22\analyzers/dotnet/cs/Microsoft.Interop.SourceGeneration.dll" /analyzer:"C:\Program Files\dotnet\packs\Microsoft.NETCore.App.Ref\8.0.22\analyzers/dotnet/cs/System.Text.Json.SourceGeneration.dll" /analyzer:"C:\Program Files\dotnet\packs\Microsoft.NETCore.App.Ref\8.0.22\analyzers/dotnet/cs/System.Text.RegularExpressions.Generator.dll" /analyzer:"C:\Program Files\dotnet\packs\Microsoft.AspNetCore.App.Ref\8.0.22\analyzers/dotnet/cs/Microsoft.AspNetCore.App.Analyzers.dll" /analyzer:"C:\Program Files\dotnet\packs\Microsoft.AspNetCore.App.Ref\8.0.22\analyzers/dotnet/cs/Microsoft.AspNetCore.App.CodeFixes.dll" /analyzer:"C:\Program Files\dotnet\packs\Microsoft.AspNetCore.App.Ref\8.0.22\analyzers/dotnet/cs/Microsoft.AspNetCore.Components.Analyzers.dll" /analyzer:"C:\Program Files\dotnet\packs\Microsoft.AspNetCore.App.Ref\8.0.22\analyzers/dotnet/roslyn4.4/cs/Microsoft.Extensions.Logging.Generators.dll" /analyzer:"C:\Program Files\dotnet\packs\Microsoft.AspNetCore.App.Ref\8.0.22\analyzers/dotnet/roslyn4.4/cs/Microsoft.Extensions.Options.SourceGeneration.dll" Class1.cs Common\Models\CulturalAnalysisModels.cs Common\Models\CulturalConsistencyModels.cs Common\Models\DisasterRecoveryModels.cs Common\Models\InfrastructureCommonTypes.cs Common\USStateHelper.cs CulturalIntelligence\StubCulturalCalendar.cs CulturalIntelligence\StubGeographicProximityService.cs CulturalIntelligence\StubUserPreferences.cs Database\LoadBalancing\DiasporaCommunityModels.cs Database\LoadBalancing\LoadBalancingModels.cs Database\LoadBalancing\SecurityMonitoringTypes.cs Data\AppDbContext.cs Data\Configurations\BadgeConfiguration.cs Data\Configurations\BusinessConfiguration.cs Data\Configurations\BusinessConfiguration_Simplified.cs Data\Configurations\BusinessLocationConfiguration.cs Data\Configurations\EmailGroupConfiguration.cs Data\Configurations\EmailMessageConfiguration.cs Data\Configurations\EmailTemplateConfiguration.cs Data\Configurations\EventAnalyticsConfiguration.cs Data\Configurations\EventBadgeConfiguration.cs Data\Configurations\EventConfiguration.cs Data\Configurations\EventImageConfiguration.cs Data\Configurations\EventPassConfiguration.cs Data\Configurations\EventTemplateConfiguration.cs Data\Configurations\EventVideoConfiguration.cs Data\Configurations\EventViewRecordConfiguration.cs Data\Configurations\ForumTopicConfiguration.cs Data\Configurations\MetroAreaConfiguration.cs Data\Configurations\NewsletterSubscriberConfiguration.cs Data\Configurations\NotificationConfiguration.cs Data\Configurations\PassPurchaseConfiguration.cs Data\Configurations\ReferenceData\EventCategoryRefConfiguration.cs Data\Configurations\ReferenceData\EventStatusRefConfiguration.cs Data\Configurations\ReferenceData\ReferenceValueConfiguration.cs Data\Configurations\ReferenceData\UserRoleRefConfiguration.cs Data\Configurations\RegistrationConfiguration.cs Data\Configurations\ReplyConfiguration.cs Data\Configurations\ReviewConfiguration.cs Data\Configurations\ServiceConfiguration.cs Data\Configurations\SignUpCommitmentConfiguration.cs Data\Configurations\SignUpItemConfiguration.cs Data\Configurations\SignUpListConfiguration.cs Data\Configurations\TicketConfiguration.cs Data\Configurations\UserConfiguration.cs Data\Configurations\UserEmailPreferencesConfiguration.cs Data\Converters\MoneyConverter.cs Data\DbInitializer.cs Data\DesignTimeDbContextFactory.cs Data\Migrations\20251103040053_AddEventImages.cs Data\Migrations\20251103040053_AddEventImages.Designer.cs Data\Migrations\20251109152709_AddNewsletterSubscribers.cs Data\Migrations\20251109152709_AddNewsletterSubscribers.Designer.cs Data\Migrations\20251110004152_CreateMetroAreasTable.cs Data\Migrations\20251110004152_CreateMetroAreasTable.Designer.cs Data\Migrations\20251110031400_AddUserPreferredMetroAreas.cs Data\Migrations\20251110031400_AddUserPreferredMetroAreas.Designer.cs Data\Migrations\20251111055748_AddUserRoleUpgradeTracking.cs Data\Migrations\20251111055748_AddUserRoleUpgradeTracking.Designer.cs Data\Migrations\20251111125348_AddSubscriptionManagement.cs Data\Migrations\20251111125348_AddSubscriptionManagement.Designer.cs Data\Migrations\20251111172127_AddNotificationsTable.cs Data\Migrations\20251111172127_AddNotificationsTable.Designer.cs Data\Migrations\20251111221521_AddEventTemplatesTable.cs Data\Migrations\20251111221521_AddEventTemplatesTable.Designer.cs Data\Migrations\20251112204434_SeedMetroAreasReferenceData.cs Data\Migrations\20251112204434_SeedMetroAreasReferenceData.Designer.cs Data\Migrations\20251115044807_RecreateNewsletterTableFixVersionColumn.cs Data\Migrations\20251115044807_RecreateNewsletterTableFixVersionColumn.Designer.cs Data\Migrations\20251123072228_AddEventPassAndPassPurchaseEntities.cs Data\Migrations\20251123072228_AddEventPassAndPassPurchaseEntities.Designer.cs Data\Migrations\20251123072848_AddEventPassAndPassPurchaseTables.cs Data\Migrations\20251123072848_AddEventPassAndPassPurchaseTables.Designer.cs Data\Migrations\20251123163612_AddSignUpListAndSignUpCommitmentTables.cs Data\Migrations\20251123163612_AddSignUpListAndSignUpCommitmentTables.Designer.cs Data\Migrations\20251124194005_AddStripePaymentInfrastructure.cs Data\Migrations\20251124194005_AddStripePaymentInfrastructure.Designer.cs Data\Migrations\20251129201535_AddSignUpItemCategorySupport.cs Data\Migrations\20251129201535_AddSignUpItemCategorySupport.Designer.cs Data\Migrations\20251201232956_AddAnonymousRegistrationSupport.cs Data\Migrations\20251201232956_AddAnonymousRegistrationSupport.Designer.cs Data\Migrations\20251202124837_AddDualTicketPricingAndMultiAttendee.cs Data\Migrations\20251202124837_AddDualTicketPricingAndMultiAttendee.Designer.cs Data\Migrations\20251203013353_AddEventPaymentIntegration.cs Data\Migrations\20251203013353_AddEventPaymentIntegration.Designer.cs Data\Migrations\20251203162215_AddPricingJsonbColumn.cs Data\Migrations\20251203162215_AddPricingJsonbColumn.Designer.cs Data\Migrations\20251204051150_AddEventVideos.cs Data\Migrations\20251204051150_AddEventVideos.Designer.cs Data\Migrations\20251204065504_AddAuditFieldsToEventImages.cs Data\Migrations\20251204065504_AddAuditFieldsToEventImages.Designer.cs Data\Migrations\20251204172917_AddContactInfoToSignUpCommitments.cs Data\Migrations\20251204172917_AddContactInfoToSignUpCommitments.Designer.cs Data\Migrations\20251205210534_AddIsPrimaryToEventImages.cs Data\Migrations\20251205210534_AddIsPrimaryToEventImages.Designer.cs Data\Migrations\20251208044133_FixEventImagePrimaryDataConsistency.cs Data\Migrations\20251208044133_FixEventImagePrimaryDataConsistency.Designer.cs Data\Migrations\20251208202922_FixEventImagePrimaryConstraint.cs Data\Migrations\20251208202922_FixEventImagePrimaryConstraint.Designer.cs Data\Migrations\20251211180710_AddTicketsTable_Phase6A24.cs Data\Migrations\20251211180710_AddTicketsTable_Phase6A24.Designer.cs Data\Migrations\20251211184730_AddEmailGroups.cs Data\Migrations\20251211184730_AddEmailGroups.Designer.cs Data\Migrations\20251212143334_AddEmailGroupsTable.cs Data\Migrations\20251212143334_AddEmailGroupsTable.Designer.cs Data\Migrations\20251212210859_AddBadgeExpiryDate_Phase6A27.cs Data\Migrations\20251212210859_AddBadgeExpiryDate_Phase6A27.Designer.cs Data\Migrations\20251213010332_AddOpenItemsCategoryPhase6A27.cs Data\Migrations\20251213010332_AddOpenItemsCategoryPhase6A27.Designer.cs Data\Migrations\20251213032018_ConvertBadgeExpiryToDuration.cs Data\Migrations\20251213032018_ConvertBadgeExpiryToDuration.Designer.cs Data\Migrations\20251216022927_AddHasOpenItemsToSignUpListsSafe.cs Data\Migrations\20251216022927_AddHasOpenItemsToSignUpListsSafe.Designer.cs Data\Migrations\20251216051336_AddEventEmailGroups.cs Data\Migrations\20251216051336_AddEventEmailGroups.Designer.cs Data\Migrations\20251216150703_UpdateBadgeLocationConfigsWithDefaults.cs Data\Migrations\20251216150703_UpdateBadgeLocationConfigsWithDefaults.Designer.cs Data\Migrations\20251217053649_ApplyBadgeLocationConfigDefaults.cs Data\Migrations\20251217053649_ApplyBadgeLocationConfigDefaults.Designer.cs Data\Migrations\20251217150538_AddRefreshTokenPrimaryKey_Phase6A33.cs Data\Migrations\20251217150538_AddRefreshTokenPrimaryKey_Phase6A33.Designer.cs Data\Migrations\20251217175941_EnforceBadgeLocationConfigNotNull.cs Data\Migrations\20251217175941_EnforceBadgeLocationConfigNotNull.Designer.cs Data\Migrations\20251217205258_FixBadgeNullsDataOnly.cs Data\Migrations\20251217205258_FixBadgeNullsDataOnly.Designer.cs Data\Migrations\20251218044022_FixBadgeLocationConfigZeroValues.cs Data\Migrations\20251218044022_FixBadgeLocationConfigZeroValues.Designer.cs Data\Migrations\20251219164841_SeedRegistrationConfirmationTemplate_Phase6A34.cs Data\Migrations\20251219164841_SeedRegistrationConfirmationTemplate_Phase6A34.Designer.cs Data\Migrations\20251219170428_FixRegistrationTemplateCategory_Phase6A34Hotfix.cs Data\Migrations\20251219170428_FixRegistrationTemplateCategory_Phase6A34Hotfix.Designer.cs Data\Migrations\20251219212805_AddEventNotificationIndexes_Phase6AEventNotifications.cs Data\Migrations\20251219212805_AddEventNotificationIndexes_Phase6AEventNotifications.Designer.cs Data\Migrations\20251220143225_UpdateRegistrationTemplateWithBranding_Phase6A34.cs Data\Migrations\20251220143225_UpdateRegistrationTemplateWithBranding_Phase6A34.Designer.cs Data\Migrations\20251220150751_EnhanceEmailTemplateLayoutAndDecorations_Phase6A34.cs Data\Migrations\20251220155500_SeedTicketConfirmationTemplate_Phase6A24.cs Data\Migrations\20251221160725_SeedEventPublishedTemplate_Phase6A39.cs Data\Migrations\20251223144022_UpdateAttendeesAgeCategoryAndGender_Phase6A43.cs Data\Migrations\20251223144022_UpdateAttendeesAgeCategoryAndGender_Phase6A43.Designer.cs Data\Migrations\20251224002710_Phase6A46_AddPublishedAtToEvents.cs Data\Migrations\20251224002710_Phase6A46_AddPublishedAtToEvents.Designer.cs Data\Migrations\20251224190608_UpdateTicketConfirmationTemplate_Phase6A45.cs Data\Migrations\20251224190608_UpdateTicketConfirmationTemplate_Phase6A45.Designer.cs Data\Migrations\20251226204402_Phase6A47_Create_ReferenceData_Tables.cs Data\Migrations\20251226204402_Phase6A47_Create_ReferenceData_Tables.Designer.cs Data\Migrations\20251227034100_Phase6A47_Refactor_To_Unified_ReferenceValues.cs Data\Migrations\20251227034100_Phase6A47_Refactor_To_Unified_ReferenceValues.Designer.cs Data\Migrations\20251227232000_Phase6A54_SeedNewEmailTemplates.cs Data\Migrations\20251228200000_Phase6A53_EnsureMemberEmailVerificationTemplate.cs Data\Migrations\20251228200000_Phase6A53_EnsureMemberEmailVerificationTemplate.Designer.cs Data\Migrations\20251229183438_Phase6A53Fix_UpdateEmailTemplateBranding.cs Data\Migrations\20251229183438_Phase6A53Fix_UpdateEmailTemplateBranding.Designer.cs Data\Migrations\20251229201322_Phase6A53Fix2_AddLogoToEmailVerificationTemplate.cs Data\Migrations\20251229201322_Phase6A53Fix2_AddLogoToEmailVerificationTemplate.Designer.cs Data\Migrations\20251229203039_Phase6A47_Part1_ExpandEventCategory.cs Data\Migrations\20251229203039_Phase6A47_Part1_ExpandEventCategory.Designer.cs Data\Migrations\20251229204450_Phase6A47_Part2_RemoveCodeEnumsFromReferenceData.cs Data\Migrations\20251229204450_Phase6A47_Part2_RemoveCodeEnumsFromReferenceData.Designer.cs Data\Migrations\20251229210820_Phase6A47_Part2Fix_DeleteByEnumType.cs Data\Migrations\20251229210820_Phase6A47_Part2Fix_DeleteByEnumType.Designer.cs Data\Migrations\20251229231742_Phase6A53Fix3_RevertToCorrectTemplateNoLogo.cs Data\Migrations\20251229231742_Phase6A53Fix3_RevertToCorrectTemplateNoLogo.Designer.cs Data\Migrations\20251231160027_Phase6A53Fix4_ForceUpdateEmailTemplate.cs Data\Migrations\20251231160027_Phase6A53Fix4_ForceUpdateEmailTemplate.Designer.cs Data\Migrations\20260102052559_Phase6A63_AddEventCancelledNotificationTemplate.cs Data\Migrations\20260102052559_Phase6A63_AddEventCancelledNotificationTemplate.Designer.cs Data\Migrations\20260103225000_Phase6A63Fix_EnsureEventCancelledTemplate.cs Data\Migrations\20260103225000_Phase6A63Fix_EnsureEventCancelledTemplate.Designer.cs Data\Repositories\BadgeRepository.cs Data\Repositories\BusinessRepository.cs Data\Repositories\EmailGroupRepository.cs Data\Repositories\EmailMessageRepository.cs Data\Repositories\EmailStatusRepository.cs Data\Repositories\EmailTemplateRepository.cs Data\Repositories\EventAnalyticsRepository.cs Data\Repositories\EventRepository.cs Data\Repositories\EventViewRecordRepository.cs Data\Repositories\ForumTopicRepository.cs Data\Repositories\MetroAreaRepository.cs Data\Repositories\NewsletterSubscriberRepository.cs Data\Repositories\NotificationRepository.cs Data\Repositories\ReferenceData\ReferenceDataRepository.cs Data\Repositories\RegistrationRepository.cs Data\Repositories\ReplyRepository.cs Data\Repositories\Repository.cs Data\Repositories\ReviewRepository.cs Data\Repositories\ServiceRepository.cs Data\Repositories\TicketRepository.cs Data\Repositories\UserEmailPreferencesRepository.cs Data\Repositories\UserRepository.cs Data\Seeders\BadgeSeeder.cs Data\Seeders\EventSeeder.cs Data\Seeders\EventTemplateSeeder.cs Data\Seeders\MetroAreaSeeder.cs Data\Seeders\UserSeeder.cs Data\UnitOfWork.cs DependencyInjection.cs DisasterRecovery\DisasterRecoveryModels.cs Email\Configuration\ApplicationUrlsOptions.cs Email\Configuration\BrandingOptions.cs Email\Configuration\EmailRecipientType.cs Email\Configuration\EmailSettings.cs Email\Configuration\EmailTemplateNames.cs Email\Interfaces\ISimpleEmailService.cs Email\Models\SimpleEmailMessage.cs Email\Services\ApplicationUrlsService.cs Email\Services\AzureEmailService.cs Email\Services\EmailBrandingService.cs Email\Services\EmailQueueProcessor.cs Email\Services\EmailService.cs Email\Services\RazorEmailTemplateService.cs Email\Services\SimpleEmailService.cs Migrations\20250830150251_InitialCreate.cs Migrations\20250830150251_InitialCreate.Designer.cs Migrations\20250831125422_InitialMigration.cs Migrations\20250831125422_InitialMigration.Designer.cs Migrations\20250904194650_AddCommunicationsTables.cs Migrations\20250904194650_AddCommunicationsTables.Designer.cs Migrations\20251028184528_AddEntraExternalIdSupport.cs Migrations\20251028184528_AddEntraExternalIdSupport.Designer.cs Migrations\20251031125825_AddUserProfilePhoto.cs Migrations\20251031125825_AddUserProfilePhoto.Designer.cs Migrations\20251031131720_AddUserLocation.cs Migrations\20251031131720_AddUserLocation.Designer.cs Migrations\20251031194253_AddUserCulturalInterestsAndLanguages.cs Migrations\20251031194253_AddUserCulturalInterestsAndLanguages.Designer.cs Migrations\20251101194703_CreateUserCulturalInterestsAndLanguagesTables.cs Migrations\20251101194703_CreateUserCulturalInterestsAndLanguagesTables.Designer.cs Migrations\20251102000000_CreateEventsAndRegistrationsTables.cs Migrations\20251102000439_AddExternalLoginsSupport.cs Migrations\20251102000439_AddExternalLoginsSupport.Designer.cs Migrations\20251102061243_AddEventLocationWithPostGIS.cs Migrations\20251102061243_AddEventLocationWithPostGIS.Designer.cs Migrations\20251102144315_AddEventCategoryAndTicketPrice.cs Migrations\20251102144315_AddEventCategoryAndTicketPrice.Designer.cs Migrations\20251104060300_AddEventAnalytics.cs Migrations\20251104060300_AddEventAnalytics.Designer.cs Migrations\20251104184035_AddFullTextSearchSupport.cs Migrations\20251104184035_AddFullTextSearchSupport.Designer.cs Migrations\20251104195443_AddWaitingListAndSocialSharing.cs Migrations\20251104195443_AddWaitingListAndSocialSharing.Designer.cs Migrations\AppDbContextModelSnapshot.cs Monitoring\ApplicationInsightsDashboardConfiguration.cs Monitoring\ISecurityMetricsCollector.cs Monitoring\MonitoringModels.cs Payments\Configurations\StripeCustomerConfiguration.cs Payments\Configurations\StripeWebhookEventConfiguration.cs Payments\Configuration\StripeOptions.cs Payments\Entities\StripeCustomer.cs Payments\Entities\StripeWebhookEvent.cs Payments\Repositories\StripeCustomerRepository.cs Payments\Repositories\StripeWebhookEventRepository.cs Payments\Services\StripePaymentService.cs Security\EntraExternalIdOptions.cs Security\Services\CurrentUserService.cs Security\Services\EntraExternalIdService.cs Security\Services\JwtTokenService.cs Security\Services\PasswordHashingService.cs Security\TokenConfiguration.cs Services\AzureBlobStorageService.cs Services\Export\CsvExportService.cs Services\Export\ExcelExportService.cs Services\ImageService.cs Services\Tickets\PdfTicketService.cs Services\Tickets\QrCodeService.cs Services\Tickets\TicketService.cs Storage\Configuration\AzureStorageOptions.cs Storage\Services\BasicImageService.cs TempContext\LankaConnectDbContext.cs TempModels\Aggregatedcounter.cs TempModels\Badge.cs TempModels\Business.cs TempModels\BusinessImage.cs TempModels\Counter.cs TempModels\EmailGroup.cs TempModels\EmailMessage.cs TempModels\EmailTemplate.cs TempModels\Event.cs TempModels\EventAnalytic.cs TempModels\EventBadge.cs TempModels\EventEmailGroup.cs TempModels\EventImage.cs TempModels\EventTemplate.cs TempModels\EventVideo.cs TempModels\EventVideo1.cs TempModels\EventViewRecord.cs TempModels\EventWaitingList.cs TempModels\ExternalLogin.cs TempModels\Hash.cs TempModels\Job.cs TempModels\Jobparameter.cs TempModels\Jobqueue.cs TempModels\List.cs TempModels\Lock.cs TempModels\MetroArea.cs TempModels\NewsletterSubscriber.cs TempModels\Notification.cs TempModels\ReferenceValue.cs TempModels\Registration.cs TempModels\Reply.cs TempModels\Review.cs TempModels\Schema.cs TempModels\Server.cs TempModels\Service.cs TempModels\Set.cs TempModels\SignUpCommitment.cs TempModels\SignUpItem.cs TempModels\SignUpList.cs TempModels\State.cs TempModels\StripeCustomer.cs TempModels\StripeWebhookEvent.cs TempModels\Ticket.cs TempModels\Topic.cs TempModels\User.cs TempModels\UserCulturalInterest.cs TempModels\UserEmailPreference.cs TempModels\UserLanguage.cs TempModels\UserPreferredMetroArea.cs TempModels\UserRefreshToken.cs obj\Debug\net8.0\LankaConnect.Infrastructure.GlobalUsings.g.cs "obj\Debug\net8.0\.NETCoreApp,Version=v8.0.AssemblyAttributes.cs" obj\Debug\net8.0\LankaConnect.Infrastructure.AssemblyInfo.cs obj\Debug\net8.0\EFCoreNpgsqlNetTopologySuite.cs /warnaserror+:NU1605,SYSLIB0011 /warnaserror-:CS1591,NU1902,NU1605
         CompilerServer: server - server processed compilation - LankaConnect.Infrastructure (net8.0)
       _CopyFilesMarkedCopyLocal:
         Copying file from "C:\Work\LankaConnect\src\LankaConnect.Domain\bin\Debug\net8.0\LankaConnect.Domain.pdb" to "C:\Work\LankaConnect\src\LankaConnect.Infrastructure\bin\Debug\net8.0\LankaConnect.Domain.pdb".
         Copying file from "C:\Work\LankaConnect\src\LankaConnect.Domain\bin\Debug\net8.0\LankaConnect.Domain.dll" to "C:\Work\LankaConnect\src\LankaConnect.Infrastructure\bin\Debug\net8.0\LankaConnect.Domain.dll".
         Copying file from "C:\Work\LankaConnect\src\LankaConnect.Application\bin\Debug\net8.0\LankaConnect.Application.pdb" to "C:\Work\LankaConnect\src\LankaConnect.Infrastructure\bin\Debug\net8.0\LankaConnect.Application.pdb".
         Copying file from "C:\Work\LankaConnect\src\LankaConnect.Application\bin\Debug\net8.0\LankaConnect.Application.dll" to "C:\Work\LankaConnect\src\LankaConnect.Infrastructure\bin\Debug\net8.0\LankaConnect.Application.dll".
         Touching "C:\Work\LankaConnect\src\LankaConnect.Infrastructure\obj\Debug\net8.0\LankaCon.5E587D08.Up2Date".
       _CopyOutOfDateSourceItemsToOutputDirectory:
       Skipping target "_CopyOutOfDateSourceItemsToOutputDirectory" because all output files are up-to-date with respect to the input files.
       CopyFilesToOutputDirectory:
         Copying file from "C:\Work\LankaConnect\src\LankaConnect.Infrastructure\obj\Debug\net8.0\LankaConnect.Infrastructure.dll" to "C:\Work\LankaConnect\src\LankaConnect.Infrastructure\bin\Debug\net8.0\LankaConnect.Infrastructure.dll".
         Copying reference assembly from "obj\Debug\net8.0\refint\LankaConnect.Infrastructure.dll" to "C:\Work\LankaConnect\src\LankaConnect.Infrastructure\obj\Debug\net8.0\ref\LankaConnect.Infrastructure.dll".
         LankaConnect.Infrastructure -> C:\Work\LankaConnect\src\LankaConnect.Infrastructure\bin\Debug\net8.0\LankaConnect.Infrastructure.dll
         Copying file from "C:\Work\LankaConnect\src\LankaConnect.Infrastructure\obj\Debug\net8.0\LankaConnect.Infrastructure.pdb" to "C:\Work\LankaConnect\src\LankaConnect.Infrastructure\bin\Debug\net8.0\LankaConnect.Infrastructure.pdb".
     4>Done Building Project "C:\Work\LankaConnect\src\LankaConnect.Infrastructure\LankaConnect.Infrastructure.csproj" (default targets).
   1:8>Project "C:\Work\LankaConnect\tests\LankaConnect.Infrastructure.Tests\LankaConnect.Infrastructure.Tests.csproj" (1:8) is building "C:\Work\LankaConnect\tests\LankaConnect.TestUtilities\LankaConnect.TestUtilities.csproj" (3:6) on node 1 (default targets).
     3>GenerateTargetFrameworkMonikerAttribute:
       Skipping target "GenerateTargetFrameworkMonikerAttribute" because all output files are up-to-date with respect to the input files.
       CoreGenerateAssemblyInfo:
       Skipping target "CoreGenerateAssemblyInfo" because all output files are up-to-date with respect to the input files.
       _GenerateSourceLinkFile:
         Source Link file 'obj\Debug\net8.0\LankaConnect.TestUtilities.sourcelink.json' is up-to-date.
       CoreCompile:
         C:\Program Files\dotnet\dotnet.exe exec "C:\Program Files\dotnet\sdk\8.0.416\Roslyn\bincore\csc.dll" /noconfig /unsafe- /checked- /nowarn:1701,1702,1701,1702 /fullpaths /nostdlib+ /errorreport:prompt /warn:8 /define:TRACE;DEBUG;NET;NET8_0;NETCOREAPP;NET5_0_OR_GREATER;NET6_0_OR_GREATER;NET7_0_OR_GREATER;NET8_0_OR_GREATER;NETCOREAPP1_0_OR_GREATER;NETCOREAPP1_1_OR_GREATER;NETCOREAPP2_0_OR_GREATER;NETCOREAPP2_1_OR_GREATER;NETCOREAPP2_2_OR_GREATER;NETCOREAPP3_0_OR_GREATER;NETCOREAPP3_1_OR_GREATER /preferreduilang:en-US /highentropyva+ /nullable:enable /reference:C:\Users\Niroshana\.nuget\packages\autofixture\4.18.1\lib\netstandard2.0\AutoFixture.dll /reference:C:\Users\Niroshana\.nuget\packages\autofixture.xunit2\4.18.1\lib\netstandard2.0\AutoFixture.Xunit2.dll /reference:C:\Users\Niroshana\.nuget\packages\automapper\12.0.1\lib\netstandard2.1\AutoMapper.dll /reference:C:\Users\Niroshana\.nuget\packages\automapper.extensions.microsoft.dependencyinjection\12.0.1\lib\netstandard2.1\AutoMapper.Extensions.Microsoft.DependencyInjection.dll /reference:C:\Users\Niroshana\.nuget\packages\azure.communication.email\1.1.0\lib\net8.0\Azure.Communication.Email.dll /reference:C:\Users\Niroshana\.nuget\packages\azure.core\1.49.0\lib\net8.0\Azure.Core.dll /reference:C:\Users\Niroshana\.nuget\packages\azure.identity\1.11.4\lib\netstandard2.0\Azure.Identity.dll /reference:C:\Users\Niroshana\.nuget\packages\azure.security.keyvault.certificates\4.6.0\lib\netstandard2.0\Azure.Security.KeyVault.Certificates.dll /reference:C:\Users\Niroshana\.nuget\packages\azure.security.keyvault.secrets\4.6.0\lib\netstandard2.0\Azure.Security.KeyVault.Secrets.dll /reference:C:\Users\Niroshana\.nuget\packages\azure.storage.blobs\12.22.1\lib\net6.0\Azure.Storage.Blobs.dll /reference:C:\Users\Niroshana\.nuget\packages\azure.storage.common\12.21.0\lib\net6.0\Azure.Storage.Common.dll /reference:C:\Users\Niroshana\.nuget\packages\bcrypt.net-next\4.0.3\lib\net6.0\BCrypt.Net-Next.dll /reference:C:\Users\Niroshana\.nuget\packages\bogus\35.6.1\lib\net6.0\Bogus.dll /reference:C:\Users\Niroshana\.nuget\packages\bouncycastle.cryptography\2.4.0\lib\net6.0\BouncyCastle.Cryptography.dll /reference:C:\Users\Niroshana\.nuget\packages\castle.core\5.1.1\lib\net6.0\Castle.Core.dll /reference:C:\Users\Niroshana\.nuget\packages\closedxml\0.102.3\lib\netstandard2.1\ClosedXML.dll /reference:C:\Users\Niroshana\.nuget\packages\csvhelper\33.0.1\lib\net8.0\CsvHelper.dll /reference:C:\Users\Niroshana\.nuget\packages\dapper\2.0.123\lib\net5.0\Dapper.dll /reference:C:\Users\Niroshana\.nuget\packages\docker.dotnet\3.125.15\lib\netstandard2.1\Docker.DotNet.dll /reference:C:\Users\Niroshana\.nuget\packages\docker.dotnet.x509\3.125.15\lib\netstandard2.1\Docker.DotNet.X509.dll /reference:C:\Users\Niroshana\.nuget\packages\documentformat.openxml\2.16.0\lib\netstandard2.0\DocumentFormat.OpenXml.dll /reference:C:\Users\Niroshana\.nuget\packages\excelnumberformat\1.1.0\lib\netstandard2.0\ExcelNumberFormat.dll /reference:C:\Users\Niroshana\.nuget\packages\fare\2.1.1\lib\netstandard1.1\Fare.dll /reference:C:\Users\Niroshana\.nuget\packages\fluentassertions\6.12.0\lib\net6.0\FluentAssertions.dll /reference:C:\Users\Niroshana\.nuget\packages\fluentvalidation.dependencyinjectionextensions\11.10.0\lib\netstandard2.1\FluentValidation.DependencyInjectionExtensions.dll /reference:C:\Users\Niroshana\.nuget\packages\fluentvalidation\11.10.0\lib\net8.0\FluentValidation.dll /reference:C:\Users\Niroshana\.nuget\packages\hangfire.aspnetcore\1.8.17\lib\netcoreapp3.0\Hangfire.AspNetCore.dll /reference:C:\Users\Niroshana\.nuget\packages\hangfire.core\1.8.17\lib\netstandard2.0\Hangfire.Core.dll /reference:C:\Users\Niroshana\.nuget\packages\hangfire.netcore\1.8.17\lib\netstandard2.1\Hangfire.NetCore.dll /reference:C:\Users\Niroshana\.nuget\packages\hangfire.postgresql\1.20.10\lib\netstandard2.0\Hangfire.PostgreSql.dll /reference:C:\Users\Niroshana\.nuget\packages\humanizer.core\2.14.1\lib\net6.0\Humanizer.dll /reference:C:\Users\Niroshana\.nuget\packages\sharpziplib\1.4.2\lib\net6.0\ICSharpCode.SharpZipLib.dll /reference:C:\Users\Niroshana\.nuget\packages\irony.netcore\1.0.11\lib\netstandard1.6\Irony.dll /reference:C:\Work\LankaConnect\src\LankaConnect.Application\obj\Debug\net8.0\ref\LankaConnect.Application.dll /reference:C:\Work\LankaConnect\src\LankaConnect.Domain\obj\Debug\net8.0\ref\LankaConnect.Domain.dll /reference:C:\Work\LankaConnect\src\LankaConnect.Infrastructure\obj\Debug\net8.0\ref\LankaConnect.Infrastructure.dll /reference:C:\Users\Niroshana\.nuget\packages\mailkit\4.8.0\lib\net8.0\MailKit.dll /reference:C:\Users\Niroshana\.nuget\packages\mediatr.contracts\2.0.1\lib\netstandard2.0\MediatR.Contracts.dll /reference:C:\Users\Niroshana\.nuget\packages\mediatr\12.4.1\lib\net6.0\MediatR.dll /reference:C:\Users\Niroshana\.nuget\packages\microsoft.applicationinsights.dependencycollector\2.22.0\lib\netstandard2.0\Microsoft.AI.DependencyCollector.dll /reference:C:\Users\Niroshana\.nuget\packages\microsoft.applicationinsights.eventcountercollector\2.22.0\lib\netstandard2.0\Microsoft.AI.EventCounterCollector.dll /reference:C:\Users\Niroshana\.nuget\packages\microsoft.applicationinsights.perfcountercollector\2.22.0\lib\netstandard2.0\Microsoft.AI.PerfCounterCollector.dll /reference:C:\Users\Niroshana\.nuget\packages\microsoft.applicationinsights.windowsserver.telemetrychannel\2.22.0\lib\netstandard2.0\Microsoft.AI.ServerTelemetryChannel.dll /reference:C:\Users\Niroshana\.nuget\packages\microsoft.applicationinsights.windowsserver\2.22.0\lib\netstandard2.0\Microsoft.AI.WindowsServer.dll /reference:C:\Users\Niroshana\.nuget\packages\microsoft.applicationinsights.aspnetcore\2.22.0\lib\netstandard2.0\Microsoft.ApplicationInsights.AspNetCore.dll /reference:C:\Users\Niroshana\.nuget\packages\microsoft.applicationinsights\2.22.0\lib\netstandard2.0\Microsoft.ApplicationInsights.dll /reference:"C:\Program Files\dotnet\packs\Microsoft.AspNetCore.App.Ref\8.0.22\ref\net8.0\Microsoft.AspNetCore.Antiforgery.dll" /reference:"C:\Program Files\dotnet\packs\Microsoft.AspNetCore.App.Ref\8.0.22\ref\net8.0\Microsoft.AspNetCore.Authentication.Abstractions.dll" /reference:"C:\Program Files\dotnet\packs\Microsoft.AspNetCore.App.Ref\8.0.22\ref\net8.0\Microsoft.AspNetCore.Authentication.BearerToken.dll" /reference:"C:\Program Files\dotnet\packs\Microsoft.AspNetCore.App.Ref\8.0.22\ref\net8.0\Microsoft.AspNetCore.Authentication.Cookies.dll" /reference:"C:\Program Files\dotnet\packs\Microsoft.AspNetCore.App.Ref\8.0.22\ref\net8.0\Microsoft.AspNetCore.Authentication.Core.dll" /reference:"C:\Program Files\dotnet\packs\Microsoft.AspNetCore.App.Ref\8.0.22\ref\net8.0\Microsoft.AspNetCore.Authentication.dll" /reference:C:\Users\Niroshana\.nuget\packages\microsoft.aspnetcore.authentication.jwtbearer\8.0.19\lib\net8.0\Microsoft.AspNetCore.Authentication.JwtBearer.dll /reference:"C:\Program Files\dotnet\packs\Microsoft.AspNetCore.App.Ref\8.0.22\ref\net8.0\Microsoft.AspNetCore.Authentication.OAuth.dll" /reference:C:\Users\Niroshana\.nuget\packages\microsoft.aspnetcore.authentication.openidconnect\8.0.0\lib\net8.0\Microsoft.AspNetCore.Authentication.OpenIdConnect.dll /reference:"C:\Program Files\dotnet\packs\Microsoft.AspNetCore.App.Ref\8.0.22\ref\net8.0\Microsoft.AspNetCore.Authorization.dll" /reference:"C:\Program Files\dotnet\packs\Microsoft.AspNetCore.App.Ref\8.0.22\ref\net8.0\Microsoft.AspNetCore.Authorization.Policy.dll" /reference:"C:\Program Files\dotnet\packs\Microsoft.AspNetCore.App.Ref\8.0.22\ref\net8.0\Microsoft.AspNetCore.Components.Authorization.dll" /reference:"C:\Program Files\dotnet\packs\Microsoft.AspNetCore.App.Ref\8.0.22\ref\net8.0\Microsoft.AspNetCore.Components.dll" /reference:"C:\Program Files\dotnet\packs\Microsoft.AspNetCore.App.Ref\8.0.22\ref\net8.0\Microsoft.AspNetCore.Components.Endpoints.dll" /reference:"C:\Program Files\dotnet\packs\Microsoft.AspNetCore.App.Ref\8.0.22\ref\net8.0\Microsoft.AspNetCore.Components.Forms.dll" /reference:"C:\Program Files\dotnet\packs\Microsoft.AspNetCore.App.Ref\8.0.22\ref\net8.0\Microsoft.AspNetCore.Components.Server.dll" /reference:"C:\Program Files\dotnet\packs\Microsoft.AspNetCore.App.Ref\8.0.22\ref\net8.0\Microsoft.AspNetCore.Components.Web.dll" /reference:"C:\Program Files\dotnet\packs\Microsoft.AspNetCore.App.Ref\8.0.22\ref\net8.0\Microsoft.AspNetCore.Connections.Abstractions.dll" /reference:"C:\Program Files\dotnet\packs\Microsoft.AspNetCore.App.Ref\8.0.22\ref\net8.0\Microsoft.AspNetCore.CookiePolicy.dll" /reference:"C:\Program Files\dotnet\packs\Microsoft.AspNetCore.App.Ref\8.0.22\ref\net8.0\Microsoft.AspNetCore.Cors.dll" /reference:"C:\Program Files\dotnet\packs\Microsoft.AspNetCore.App.Ref\8.0.22\ref\net8.0\Microsoft.AspNetCore.Cryptography.Internal.dll" /reference:"C:\Program Files\dotnet\packs\Microsoft.AspNetCore.App.Ref\8.0.22\ref\net8.0\Microsoft.AspNetCore.Cryptography.KeyDerivation.dll" /reference:"C:\Program Files\dotnet\packs\Microsoft.AspNetCore.App.Ref\8.0.22\ref\net8.0\Microsoft.AspNetCore.DataProtection.Abstractions.dll" /reference:"C:\Program Files\dotnet\packs\Microsoft.AspNetCore.App.Ref\8.0.22\ref\net8.0\Microsoft.AspNetCore.DataProtection.dll" /reference:"C:\Program Files\dotnet\packs\Microsoft.AspNetCore.App.Ref\8.0.22\ref\net8.0\Microsoft.AspNetCore.DataProtection.Extensions.dll" /reference:"C:\Program Files\dotnet\packs\Microsoft.AspNetCore.App.Ref\8.0.22\ref\net8.0\Microsoft.AspNetCore.Diagnostics.Abstractions.dll" /reference:"C:\Program Files\dotnet\packs\Microsoft.AspNetCore.App.Ref\8.0.22\ref\net8.0\Microsoft.AspNetCore.Diagnostics.dll" /reference:"C:\Program Files\dotnet\packs\Microsoft.AspNetCore.App.Ref\8.0.22\ref\net8.0\Microsoft.AspNetCore.Diagnostics.HealthChecks.dll" /reference:"C:\Program Files\dotnet\packs\Microsoft.AspNetCore.App.Ref\8.0.22\ref\net8.0\Microsoft.AspNetCore.dll" /reference:"C:\Program Files\dotnet\packs\Microsoft.AspNetCore.App.Ref\8.0.22\ref\net8.0\Microsoft.AspNetCore.HostFiltering.dll" /reference:"C:\Program Files\dotnet\packs\Microsoft.AspNetCore.App.Ref\8.0.22\ref\net8.0\Microsoft.AspNetCore.Hosting.Abstractions.dll" /reference:"C:\Program Files\dotnet\packs\Microsoft.AspNetCore.App.Ref\8.0.22\ref\net8.0\Microsoft.AspNetCore.Hosting.dll" /reference:"C:\Program Files\dotnet\packs\Microsoft.AspNetCore.App.Ref\8.0.22\ref\net8.0\Microsoft.AspNetCore.Hosting.Server.Abstractions.dll" /reference:"C:\Program Files\dotnet\packs\Microsoft.AspNetCore.App.Ref\8.0.22\ref\net8.0\Microsoft.AspNetCore.Html.Abstractions.dll" /reference:"C:\Program Files\dotnet\packs\Microsoft.AspNetCore.App.Ref\8.0.22\ref\net8.0\Microsoft.AspNetCore.Http.Abstractions.dll" /reference:"C:\Program Files\dotnet\packs\Microsoft.AspNetCore.App.Ref\8.0.22\ref\net8.0\Microsoft.AspNetCore.Http.Connections.Common.dll" /reference:"C:\Program Files\dotnet\packs\Microsoft.AspNetCore.App.Ref\8.0.22\ref\net8.0\Microsoft.AspNetCore.Http.Connections.dll" /reference:"C:\Program Files\dotnet\packs\Microsoft.AspNetCore.App.Ref\8.0.22\ref\net8.0\Microsoft.AspNetCore.Http.dll" /reference:"C:\Program Files\dotnet\packs\Microsoft.AspNetCore.App.Ref\8.0.22\ref\net8.0\Microsoft.AspNetCore.Http.Extensions.dll" /reference:"C:\Program Files\dotnet\packs\Microsoft.AspNetCore.App.Ref\8.0.22\ref\net8.0\Microsoft.AspNetCore.Http.Features.dll" /reference:"C:\Program Files\dotnet\packs\Microsoft.AspNetCore.App.Ref\8.0.22\ref\net8.0\Microsoft.AspNetCore.Http.Results.dll" /reference:"C:\Program Files\dotnet\packs\Microsoft.AspNetCore.App.Ref\8.0.22\ref\net8.0\Microsoft.AspNetCore.HttpLogging.dll" /reference:"C:\Program Files\dotnet\packs\Microsoft.AspNetCore.App.Ref\8.0.22\ref\net8.0\Microsoft.AspNetCore.HttpOverrides.dll" /reference:"C:\Program Files\dotnet\packs\Microsoft.AspNetCore.App.Ref\8.0.22\ref\net8.0\Microsoft.AspNetCore.HttpsPolicy.dll" /reference:"C:\Program Files\dotnet\packs\Microsoft.AspNetCore.App.Ref\8.0.22\ref\net8.0\Microsoft.AspNetCore.Identity.dll" /reference:"C:\Program Files\dotnet\packs\Microsoft.AspNetCore.App.Ref\8.0.22\ref\net8.0\Microsoft.AspNetCore.Localization.dll" /reference:"C:\Program Files\dotnet\packs\Microsoft.AspNetCore.App.Ref\8.0.22\ref\net8.0\Microsoft.AspNetCore.Localization.Routing.dll" /reference:"C:\Program Files\dotnet\packs\Microsoft.AspNetCore.App.Ref\8.0.22\ref\net8.0\Microsoft.AspNetCore.Metadata.dll" /reference:"C:\Program Files\dotnet\packs\Microsoft.AspNetCore.App.Ref\8.0.22\ref\net8.0\Microsoft.AspNetCore.Mvc.Abstractions.dll" /reference:"C:\Program Files\dotnet\packs\Microsoft.AspNetCore.App.Ref\8.0.22\ref\net8.0\Microsoft.AspNetCore.Mvc.ApiExplorer.dll" /reference:"C:\Program Files\dotnet\packs\Microsoft.AspNetCore.App.Ref\8.0.22\ref\net8.0\Microsoft.AspNetCore.Mvc.Core.dll" /reference:"C:\Program Files\dotnet\packs\Microsoft.AspNetCore.App.Ref\8.0.22\ref\net8.0\Microsoft.AspNetCore.Mvc.Cors.dll" /reference:"C:\Program Files\dotnet\packs\Microsoft.AspNetCore.App.Ref\8.0.22\ref\net8.0\Microsoft.AspNetCore.Mvc.DataAnnotations.dll" /reference:"C:\Program Files\dotnet\packs\Microsoft.AspNetCore.App.Ref\8.0.22\ref\net8.0\Microsoft.AspNetCore.Mvc.dll" /reference:"C:\Program Files\dotnet\packs\Microsoft.AspNetCore.App.Ref\8.0.22\ref\net8.0\Microsoft.AspNetCore.Mvc.Formatters.Json.dll" /reference:"C:\Program Files\dotnet\packs\Microsoft.AspNetCore.App.Ref\8.0.22\ref\net8.0\Microsoft.AspNetCore.Mvc.Formatters.Xml.dll" /reference:"C:\Program Files\dotnet\packs\Microsoft.AspNetCore.App.Ref\8.0.22\ref\net8.0\Microsoft.AspNetCore.Mvc.Localization.dll" /reference:"C:\Program Files\dotnet\packs\Microsoft.AspNetCore.App.Ref\8.0.22\ref\net8.0\Microsoft.AspNetCore.Mvc.Razor.dll" /reference:"C:\Program Files\dotnet\packs\Microsoft.AspNetCore.App.Ref\8.0.22\ref\net8.0\Microsoft.AspNetCore.Mvc.RazorPages.dll" /reference:"C:\Program Files\dotnet\packs\Microsoft.AspNetCore.App.Ref\8.0.22\ref\net8.0\Microsoft.AspNetCore.Mvc.TagHelpers.dll" /reference:C:\Users\Niroshana\.nuget\packages\microsoft.aspnetcore.mvc.testing\8.0.19\lib\net8.0\Microsoft.AspNetCore.Mvc.Testing.dll /reference:"C:\Program Files\dotnet\packs\Microsoft.AspNetCore.App.Ref\8.0.22\ref\net8.0\Microsoft.AspNetCore.Mvc.ViewFeatures.dll" /reference:"C:\Program Files\dotnet\packs\Microsoft.AspNetCore.App.Ref\8.0.22\ref\net8.0\Microsoft.AspNetCore.OutputCaching.dll" /reference:"C:\Program Files\dotnet\packs\Microsoft.AspNetCore.App.Ref\8.0.22\ref\net8.0\Microsoft.AspNetCore.RateLimiting.dll" /reference:"C:\Program Files\dotnet\packs\Microsoft.AspNetCore.App.Ref\8.0.22\ref\net8.0\Microsoft.AspNetCore.Razor.dll" /reference:"C:\Program Files\dotnet\packs\Microsoft.AspNetCore.App.Ref\8.0.22\ref\net8.0\Microsoft.AspNetCore.Razor.Runtime.dll" /reference:"C:\Program Files\dotnet\packs\Microsoft.AspNetCore.App.Ref\8.0.22\ref\net8.0\Microsoft.AspNetCore.RequestDecompression.dll" /reference:"C:\Program Files\dotnet\packs\Microsoft.AspNetCore.App.Ref\8.0.22\ref\net8.0\Microsoft.AspNetCore.ResponseCaching.Abstractions.dll" /reference:"C:\Program Files\dotnet\packs\Microsoft.AspNetCore.App.Ref\8.0.22\ref\net8.0\Microsoft.AspNetCore.ResponseCaching.dll" /reference:"C:\Program Files\dotnet\packs\Microsoft.AspNetCore.App.Ref\8.0.22\ref\net8.0\Microsoft.AspNetCore.ResponseCompression.dll" /reference:"C:\Program Files\dotnet\packs\Microsoft.AspNetCore.App.Ref\8.0.22\ref\net8.0\Microsoft.AspNetCore.Rewrite.dll" /reference:"C:\Program Files\dotnet\packs\Microsoft.AspNetCore.App.Ref\8.0.22\ref\net8.0\Microsoft.AspNetCore.Routing.Abstractions.dll" /reference:"C:\Program Files\dotnet\packs\Microsoft.AspNetCore.App.Ref\8.0.22\ref\net8.0\Microsoft.AspNetCore.Routing.dll" /reference:"C:\Program Files\dotnet\packs\Microsoft.AspNetCore.App.Ref\8.0.22\ref\net8.0\Microsoft.AspNetCore.Server.HttpSys.dll" /reference:"C:\Program Files\dotnet\packs\Microsoft.AspNetCore.App.Ref\8.0.22\ref\net8.0\Microsoft.AspNetCore.Server.IIS.dll" /reference:"C:\Program Files\dotnet\packs\Microsoft.AspNetCore.App.Ref\8.0.22\ref\net8.0\Microsoft.AspNetCore.Server.IISIntegration.dll" /reference:"C:\Program Files\dotnet\packs\Microsoft.AspNetCore.App.Ref\8.0.22\ref\net8.0\Microsoft.AspNetCore.Server.Kestrel.Core.dll" /reference:"C:\Program Files\dotnet\packs\Microsoft.AspNetCore.App.Ref\8.0.22\ref\net8.0\Microsoft.AspNetCore.Server.Kestrel.dll" /reference:"C:\Program Files\dotnet\packs\Microsoft.AspNetCore.App.Ref\8.0.22\ref\net8.0\Microsoft.AspNetCore.Server.Kestrel.Transport.NamedPipes.dll" /reference:"C:\Program Files\dotnet\packs\Microsoft.AspNetCore.App.Ref\8.0.22\ref\net8.0\Microsoft.AspNetCore.Server.Kestrel.Transport.Quic.dll" /reference:"C:\Program Files\dotnet\packs\Microsoft.AspNetCore.App.Ref\8.0.22\ref\net8.0\Microsoft.AspNetCore.Server.Kestrel.Transport.Sockets.dll" /reference:"C:\Program Files\dotnet\packs\Microsoft.AspNetCore.App.Ref\8.0.22\ref\net8.0\Microsoft.AspNetCore.Session.dll" /reference:"C:\Program Files\dotnet\packs\Microsoft.AspNetCore.App.Ref\8.0.22\ref\net8.0\Microsoft.AspNetCore.SignalR.Common.dll" /reference:"C:\Program Files\dotnet\packs\Microsoft.AspNetCore.App.Ref\8.0.22\ref\net8.0\Microsoft.AspNetCore.SignalR.Core.dll" /reference:"C:\Program Files\dotnet\packs\Microsoft.AspNetCore.App.Ref\8.0.22\ref\net8.0\Microsoft.AspNetCore.SignalR.dll" /reference:"C:\Program Files\dotnet\packs\Microsoft.AspNetCore.App.Ref\8.0.22\ref\net8.0\Microsoft.AspNetCore.SignalR.Protocols.Json.dll" /reference:"C:\Program Files\dotnet\packs\Microsoft.AspNetCore.App.Ref\8.0.22\ref\net8.0\Microsoft.AspNetCore.StaticFiles.dll" /reference:C:\Users\Niroshana\.nuget\packages\microsoft.aspnetcore.testhost\8.0.19\lib\net8.0\Microsoft.AspNetCore.TestHost.dll /reference:"C:\Program Files\dotnet\packs\Microsoft.AspNetCore.App.Ref\8.0.22\ref\net8.0\Microsoft.AspNetCore.WebSockets.dll" /reference:"C:\Program Files\dotnet\packs\Microsoft.AspNetCore.App.Ref\8.0.22\ref\net8.0\Microsoft.AspNetCore.WebUtilities.dll" /reference:C:\Users\Niroshana\.nuget\packages\microsoft.bcl.asyncinterfaces\8.0.0\lib\netstandard2.1\Microsoft.Bcl.AsyncInterfaces.dll /reference:C:\Users\Niroshana\.nuget\packages\microsoft.bcl.memory\9.0.0\lib\net8.0\Microsoft.Bcl.Memory.dll /reference:C:\Users\Niroshana\.nuget\packages\microsoft.codeanalysis.csharp\4.5.0\lib\netcoreapp3.1\Microsoft.CodeAnalysis.CSharp.dll /reference:C:\Users\Niroshana\.nuget\packages\microsoft.codeanalysis.csharp.workspaces\4.5.0\lib\netcoreapp3.1\Microsoft.CodeAnalysis.CSharp.Workspaces.dll /reference:C:\Users\Niroshana\.nuget\packages\microsoft.codeanalysis.common\4.5.0\lib\netcoreapp3.1\Microsoft.CodeAnalysis.dll /reference:C:\Users\Niroshana\.nuget\packages\microsoft.codeanalysis.workspaces.common\4.5.0\lib\netcoreapp3.1\Microsoft.CodeAnalysis.Workspaces.dll /reference:"C:\Program Files\dotnet\packs\Microsoft.NETCore.App.Ref\8.0.22\ref\net8.0\Microsoft.CSharp.dll" /reference:C:\Users\Niroshana\.nuget\packages\microsoft.entityframeworkcore.abstractions\8.0.19\lib\net8.0\Microsoft.EntityFrameworkCore.Abstractions.dll /reference:C:\Users\Niroshana\.nuget\packages\microsoft.entityframeworkcore.design\8.0.19\lib\net8.0\Microsoft.EntityFrameworkCore.Design.dll /reference:C:\Users\Niroshana\.nuget\packages\microsoft.entityframeworkcore\8.0.19\lib\net8.0\Microsoft.EntityFrameworkCore.dll /reference:C:\Users\Niroshana\.nuget\packages\microsoft.entityframeworkcore.inmemory\8.0.19\lib\net8.0\Microsoft.EntityFrameworkCore.InMemory.dll /reference:C:\Users\Niroshana\.nuget\packages\microsoft.entityframeworkcore.relational\8.0.19\lib\net8.0\Microsoft.EntityFrameworkCore.Relational.dll /reference:"C:\Program Files\dotnet\packs\Microsoft.AspNetCore.App.Ref\8.0.22\ref\net8.0\Microsoft.Extensions.Caching.Abstractions.dll" /reference:"C:\Program Files\dotnet\packs\Microsoft.AspNetCore.App.Ref\8.0.22\ref\net8.0\Microsoft.Extensions.Caching.Memory.dll" /reference:C:\Users\Niroshana\.nuget\packages\microsoft.extensions.caching.stackexchangeredis\8.0.19\lib\net8.0\Microsoft.Extensions.Caching.StackExchangeRedis.dll /reference:"C:\Program Files\dotnet\packs\Microsoft.AspNetCore.App.Ref\8.0.22\ref\net8.0\Microsoft.Extensions.Configuration.Abstractions.dll" /reference:"C:\Program Files\dotnet\packs\Microsoft.AspNetCore.App.Ref\8.0.22\ref\net8.0\Microsoft.Extensions.Configuration.Binder.dll" /reference:"C:\Program Files\dotnet\packs\Microsoft.AspNetCore.App.Ref\8.0.22\ref\net8.0\Microsoft.Extensions.Configuration.CommandLine.dll" /reference:"C:\Program Files\dotnet\packs\Microsoft.AspNetCore.App.Ref\8.0.22\ref\net8.0\Microsoft.Extensions.Configuration.dll" /reference:"C:\Program Files\dotnet\packs\Microsoft.AspNetCore.App.Ref\8.0.22\ref\net8.0\Microsoft.Extensions.Configuration.EnvironmentVariables.dll" /reference:"C:\Program Files\dotnet\packs\Microsoft.AspNetCore.App.Ref\8.0.22\ref\net8.0\Microsoft.Extensions.Configuration.FileExtensions.dll" /reference:"C:\Program Files\dotnet\packs\Microsoft.AspNetCore.App.Ref\8.0.22\ref\net8.0\Microsoft.Extensions.Configuration.Ini.dll" /reference:"C:\Program Files\dotnet\packs\Microsoft.AspNetCore.App.Ref\8.0.22\ref\net8.0\Microsoft.Extensions.Configuration.Json.dll" /reference:"C:\Program Files\dotnet\packs\Microsoft.AspNetCore.App.Ref\8.0.22\ref\net8.0\Microsoft.Extensions.Configuration.KeyPerFile.dll" /reference:"C:\Program Files\dotnet\packs\Microsoft.AspNetCore.App.Ref\8.0.22\ref\net8.0\Microsoft.Extensions.Configuration.UserSecrets.dll" /reference:"C:\Program Files\dotnet\packs\Microsoft.AspNetCore.App.Ref\8.0.22\ref\net8.0\Microsoft.Extensions.Configuration.Xml.dll" /reference:"C:\Program Files\dotnet\packs\Microsoft.AspNetCore.App.Ref\8.0.22\ref\net8.0\Microsoft.Extensions.DependencyInjection.Abstractions.dll" /reference:"C:\Program Files\dotnet\packs\Microsoft.AspNetCore.App.Ref\8.0.22\ref\net8.0\Microsoft.Extensions.DependencyInjection.dll" /reference:C:\Users\Niroshana\.nuget\packages\microsoft.extensions.dependencymodel\8.0.2\lib\net8.0\Microsoft.Extensions.DependencyModel.dll /reference:"C:\Program Files\dotnet\packs\Microsoft.AspNetCore.App.Ref\8.0.22\ref\net8.0\Microsoft.Extensions.Diagnostics.Abstractions.dll" /reference:"C:\Program Files\dotnet\packs\Microsoft.AspNetCore.App.Ref\8.0.22\ref\net8.0\Microsoft.Extensions.Diagnostics.dll" /reference:"C:\Program Files\dotnet\packs\Microsoft.AspNetCore.App.Ref\8.0.22\ref\net8.0\Microsoft.Extensions.Diagnostics.HealthChecks.Abstractions.dll" /reference:"C:\Program Files\dotnet\packs\Microsoft.AspNetCore.App.Ref\8.0.22\ref\net8.0\Microsoft.Extensions.Diagnostics.HealthChecks.dll" /reference:"C:\Program Files\dotnet\packs\Microsoft.AspNetCore.App.Ref\8.0.22\ref\net8.0\Microsoft.Extensions.Features.dll" /reference:"C:\Program Files\dotnet\packs\Microsoft.AspNetCore.App.Ref\8.0.22\ref\net8.0\Microsoft.Extensions.FileProviders.Abstractions.dll" /reference:"C:\Program Files\dotnet\packs\Microsoft.AspNetCore.App.Ref\8.0.22\ref\net8.0\Microsoft.Extensions.FileProviders.Composite.dll" /reference:"C:\Program Files\dotnet\packs\Microsoft.AspNetCore.App.Ref\8.0.22\ref\net8.0\Microsoft.Extensions.FileProviders.Embedded.dll" /reference:"C:\Program Files\dotnet\packs\Microsoft.AspNetCore.App.Ref\8.0.22\ref\net8.0\Microsoft.Extensions.FileProviders.Physical.dll" /reference:"C:\Program Files\dotnet\packs\Microsoft.AspNetCore.App.Ref\8.0.22\ref\net8.0\Microsoft.Extensions.FileSystemGlobbing.dll" /reference:"C:\Program Files\dotnet\packs\Microsoft.AspNetCore.App.Ref\8.0.22\ref\net8.0\Microsoft.Extensions.Hosting.Abstractions.dll" /reference:"C:\Program Files\dotnet\packs\Microsoft.AspNetCore.App.Ref\8.0.22\ref\net8.0\Microsoft.Extensions.Hosting.dll" /reference:"C:\Program Files\dotnet\packs\Microsoft.AspNetCore.App.Ref\8.0.22\ref\net8.0\Microsoft.Extensions.Http.dll" /reference:"C:\Program Files\dotnet\packs\Microsoft.AspNetCore.App.Ref\8.0.22\ref\net8.0\Microsoft.Extensions.Identity.Core.dll" /reference:"C:\Program Files\dotnet\packs\Microsoft.AspNetCore.App.Ref\8.0.22\ref\net8.0\Microsoft.Extensions.Identity.Stores.dll" /reference:"C:\Program Files\dotnet\packs\Microsoft.AspNetCore.App.Ref\8.0.22\ref\net8.0\Microsoft.Extensions.Localization.Abstractions.dll" /reference:"C:\Program Files\dotnet\packs\Microsoft.AspNetCore.App.Ref\8.0.22\ref\net8.0\Microsoft.Extensions.Localization.dll" /reference:"C:\Program Files\dotnet\packs\Microsoft.AspNetCore.App.Ref\8.0.22\ref\net8.0\Microsoft.Extensions.Logging.Abstractions.dll" /reference:C:\Users\Niroshana\.nuget\packages\microsoft.extensions.logging.applicationinsights\2.22.0\lib\netstandard2.0\Microsoft.Extensions.Logging.ApplicationInsights.dll /reference:"C:\Program Files\dotnet\packs\Microsoft.AspNetCore.App.Ref\8.0.22\ref\net8.0\Microsoft.Extensions.Logging.Configuration.dll" /reference:"C:\Program Files\dotnet\packs\Microsoft.AspNetCore.App.Ref\8.0.22\ref\net8.0\Microsoft.Extensions.Logging.Console.dll" /reference:"C:\Program Files\dotnet\packs\Microsoft.AspNetCore.App.Ref\8.0.22\ref\net8.0\Microsoft.Extensions.Logging.Debug.dll" /reference:"C:\Program Files\dotnet\packs\Microsoft.AspNetCore.App.Ref\8.0.22\ref\net8.0\Microsoft.Extensions.Logging.dll" /reference:"C:\Program Files\dotnet\packs\Microsoft.AspNetCore.App.Ref\8.0.22\ref\net8.0\Microsoft.Extensions.Logging.EventLog.dll" /reference:"C:\Program Files\dotnet\packs\Microsoft.AspNetCore.App.Ref\8.0.22\ref\net8.0\Microsoft.Extensions.Logging.EventSource.dll" /reference:"C:\Program Files\dotnet\packs\Microsoft.AspNetCore.App.Ref\8.0.22\ref\net8.0\Microsoft.Extensions.Logging.TraceSource.dll" /reference:"C:\Program Files\dotnet\packs\Microsoft.AspNetCore.App.Ref\8.0.22\ref\net8.0\Microsoft.Extensions.ObjectPool.dll" /reference:"C:\Program Files\dotnet\packs\Microsoft.AspNetCore.App.Ref\8.0.22\ref\net8.0\Microsoft.Extensions.Options.ConfigurationExtensions.dll" /reference:"C:\Program Files\dotnet\packs\Microsoft.AspNetCore.App.Ref\8.0.22\ref\net8.0\Microsoft.Extensions.Options.DataAnnotations.dll" /reference:"C:\Program Files\dotnet\packs\Microsoft.AspNetCore.App.Ref\8.0.22\ref\net8.0\Microsoft.Extensions.Options.dll" /reference:"C:\Program Files\dotnet\packs\Microsoft.AspNetCore.App.Ref\8.0.22\ref\net8.0\Microsoft.Extensions.Primitives.dll" /reference:"C:\Program Files\dotnet\packs\Microsoft.AspNetCore.App.Ref\8.0.22\ref\net8.0\Microsoft.Extensions.WebEncoders.dll" /reference:C:\Users\Niroshana\.nuget\packages\microsoft.identity.abstractions\9.0.0\lib\net8.0\Microsoft.Identity.Abstractions.dll /reference:C:\Users\Niroshana\.nuget\packages\microsoft.identity.client\4.70.0\lib\net8.0\Microsoft.Identity.Client.dll /reference:C:\Users\Niroshana\.nuget\packages\microsoft.identity.client.extensions.msal\4.61.3\lib\net6.0\Microsoft.Identity.Client.Extensions.Msal.dll /reference:C:\Users\Niroshana\.nuget\packages\microsoft.identity.web.certificate\3.8.2\lib\net8.0\Microsoft.Identity.Web.Certificate.dll /reference:C:\Users\Niroshana\.nuget\packages\microsoft.identity.web.certificateless\3.8.2\lib\netstandard2.0\Microsoft.Identity.Web.Certificateless.dll /reference:C:\Users\Niroshana\.nuget\packages\microsoft.identity.web.diagnostics\3.8.2\lib\net8.0\Microsoft.Identity.Web.Diagnostics.dll /reference:C:\Users\Niroshana\.nuget\packages\microsoft.identity.web\3.8.2\lib\net8.0\Microsoft.Identity.Web.dll /reference:C:\Users\Niroshana\.nuget\packages\microsoft.identity.web.tokenacquisition\3.8.2\lib\net8.0\Microsoft.Identity.Web.TokenAcquisition.dll /reference:C:\Users\Niroshana\.nuget\packages\microsoft.identity.web.tokencache\3.8.2\lib\net8.0\Microsoft.Identity.Web.TokenCache.dll /reference:C:\Users\Niroshana\.nuget\packages\microsoft.identitymodel.abstractions\8.7.0\lib\net8.0\Microsoft.IdentityModel.Abstractions.dll /reference:C:\Users\Niroshana\.nuget\packages\microsoft.identitymodel.jsonwebtokens\8.7.0\lib\net8.0\Microsoft.IdentityModel.JsonWebTokens.dll /reference:C:\Users\Niroshana\.nuget\packages\microsoft.identitymodel.logging\8.7.0\lib\net8.0\Microsoft.IdentityModel.Logging.dll /reference:C:\Users\Niroshana\.nuget\packages\microsoft.identitymodel.loggingextensions\8.7.0\lib\netstandard2.0\Microsoft.IdentityModel.LoggingExtensions.dll /reference:C:\Users\Niroshana\.nuget\packages\microsoft.identitymodel.protocols\8.7.0\lib\net8.0\Microsoft.IdentityModel.Protocols.dll /reference:C:\Users\Niroshana\.nuget\packages\microsoft.identitymodel.protocols.openidconnect\8.7.0\lib\net8.0\Microsoft.IdentityModel.Protocols.OpenIdConnect.dll /reference:C:\Users\Niroshana\.nuget\packages\microsoft.identitymodel.tokens\8.7.0\lib\net8.0\Microsoft.IdentityModel.Tokens.dll /reference:C:\Users\Niroshana\.nuget\packages\microsoft.identitymodel.validators\8.7.0\lib\net8.0\Microsoft.IdentityModel.Validators.dll /reference:"C:\Program Files\dotnet\packs\Microsoft.AspNetCore.App.Ref\8.0.22\ref\net8.0\Microsoft.JSInterop.dll" /reference:"C:\Program Files\dotnet\packs\Microsoft.AspNetCore.App.Ref\8.0.22\ref\net8.0\Microsoft.Net.Http.Headers.dll" /reference:"C:\Program Files\dotnet\packs\Microsoft.NETCore.App.Ref\8.0.22\ref\net8.0\Microsoft.VisualBasic.Core.dll" /reference:"C:\Program Files\dotnet\packs\Microsoft.NETCore.App.Ref\8.0.22\ref\net8.0\Microsoft.VisualBasic.dll" /reference:"C:\Program Files\dotnet\packs\Microsoft.NETCore.App.Ref\8.0.22\ref\net8.0\Microsoft.Win32.Primitives.dll" /reference:"C:\Program Files\dotnet\packs\Microsoft.NETCore.App.Ref\8.0.22\ref\net8.0\Microsoft.Win32.Registry.dll" /reference:C:\Users\Niroshana\.nuget\packages\mimekit\4.8.0\lib\net8.0\MimeKit.dll /reference:C:\Users\Niroshana\.nuget\packages\mono.texttemplating\2.2.1\lib\netstandard2.0\Mono.TextTemplating.dll /reference:C:\Users\Niroshana\.nuget\packages\moq\4.20.72\lib\net6.0\Moq.dll /reference:"C:\Program Files\dotnet\packs\Microsoft.NETCore.App.Ref\8.0.22\ref\net8.0\mscorlib.dll" /reference:"C:\Program Files\dotnet\packs\Microsoft.NETCore.App.Ref\8.0.22\ref\net8.0\netstandard.dll" /reference:C:\Users\Niroshana\.nuget\packages\nettopologysuite\2.6.0\lib\netstandard2.1\NetTopologySuite.dll /reference:C:\Users\Niroshana\.nuget\packages\nettopologysuite.io.postgis\2.1.0\lib\netstandard2.1\NetTopologySuite.IO.PostGis.dll /reference:C:\Users\Niroshana\.nuget\packages\newtonsoft.json\13.0.3\lib\net6.0\Newtonsoft.Json.dll /reference:C:\Users\Niroshana\.nuget\packages\npgsql\8.0.6\lib\net8.0\Npgsql.dll /reference:C:\Users\Niroshana\.nuget\packages\npgsql.entityframeworkcore.postgresql\8.0.11\lib\net8.0\Npgsql.EntityFrameworkCore.PostgreSQL.dll /reference:C:\Users\Niroshana\.nuget\packages\npgsql.entityframeworkcore.postgresql.nettopologysuite\8.0.11\lib\net8.0\Npgsql.EntityFrameworkCore.PostgreSQL.NetTopologySuite.dll /reference:C:\Users\Niroshana\.nuget\packages\npgsql.nettopologysuite\8.0.6\lib\netstandard2.0\Npgsql.NetTopologySuite.dll /reference:C:\Users\Niroshana\.nuget\packages\pipelines.sockets.unofficial\2.2.8\lib\net5.0\Pipelines.Sockets.Unofficial.dll /reference:C:\Users\Niroshana\.nuget\packages\qrcoder\1.6.0\lib\net6.0\QRCoder.dll /reference:C:\Users\Niroshana\.nuget\packages\questpdf\2024.10.2\lib\net8.0\QuestPDF.dll /reference:C:\Users\Niroshana\.nuget\packages\ssh.net\2023.0.0\lib\net7.0\Renci.SshNet.dll /reference:C:\Users\Niroshana\.nuget\packages\serilog\3.1.1\lib\net7.0\Serilog.dll /reference:C:\Users\Niroshana\.nuget\packages\serilog.extensions.logging\8.0.0\lib\net8.0\Serilog.Extensions.Logging.dll /reference:C:\Users\Niroshana\.nuget\packages\sixlabors.fonts\1.0.0\lib\netcoreapp3.1\SixLabors.Fonts.dll /reference:C:\Users\Niroshana\.nuget\packages\sshnet.security.cryptography\1.3.0\lib\netstandard2.0\SshNet.Security.Cryptography.dll /reference:C:\Users\Niroshana\.nuget\packages\stackexchange.redis\2.8.16\lib\net6.0\StackExchange.Redis.dll /reference:C:\Users\Niroshana\.nuget\packages\stripe.net\47.4.0\lib\net8.0\Stripe.net.dll /reference:"C:\Program Files\dotnet\packs\Microsoft.NETCore.App.Ref\8.0.22\ref\net8.0\System.AppContext.dll" /reference:"C:\Program Files\dotnet\packs\Microsoft.NETCore.App.Ref\8.0.22\ref\net8.0\System.Buffers.dll" /reference:C:\Users\Niroshana\.nuget\packages\system.clientmodel\1.7.0\lib\net8.0\System.ClientModel.dll /reference:C:\Users\Niroshana\.nuget\packages\system.codedom\4.4.0\ref\netstandard2.0\System.CodeDom.dll /reference:"C:\Program Files\dotnet\packs\Microsoft.NETCore.App.Ref\8.0.22\ref\net8.0\System.Collections.Concurrent.dll" /reference:"C:\Program Files\dotnet\packs\Microsoft.NETCore.App.Ref\8.0.22\ref\net8.0\System.Collections.dll" /reference:"C:\Program Files\dotnet\packs\Microsoft.NETCore.App.Ref\8.0.22\ref\net8.0\System.Collections.Immutable.dll" /reference:"C:\Program Files\dotnet\packs\Microsoft.NETCore.App.Ref\8.0.22\ref\net8.0\System.Collections.NonGeneric.dll" /reference:"C:\Program Files\dotnet\packs\Microsoft.NETCore.App.Ref\8.0.22\ref\net8.0\System.Collections.Specialized.dll" /reference:"C:\Program Files\dotnet\packs\Microsoft.NETCore.App.Ref\8.0.22\ref\net8.0\System.ComponentModel.Annotations.dll" /reference:"C:\Program Files\dotnet\packs\Microsoft.NETCore.App.Ref\8.0.22\ref\net8.0\System.ComponentModel.DataAnnotations.dll" /reference:"C:\Program Files\dotnet\packs\Microsoft.NETCore.App.Ref\8.0.22\ref\net8.0\System.ComponentModel.dll" /reference:"C:\Program Files\dotnet\packs\Microsoft.NETCore.App.Ref\8.0.22\ref\net8.0\System.ComponentModel.EventBasedAsync.dll" /reference:"C:\Program Files\dotnet\packs\Microsoft.NETCore.App.Ref\8.0.22\ref\net8.0\System.ComponentModel.Primitives.dll" /reference:"C:\Program Files\dotnet\packs\Microsoft.NETCore.App.Ref\8.0.22\ref\net8.0\System.ComponentModel.TypeConverter.dll" /reference:C:\Users\Niroshana\.nuget\packages\system.composition.attributedmodel\6.0.0\lib\net6.0\System.Composition.AttributedModel.dll /reference:C:\Users\Niroshana\.nuget\packages\system.composition.convention\6.0.0\lib\net6.0\System.Composition.Convention.dll /reference:C:\Users\Niroshana\.nuget\packages\system.composition.hosting\6.0.0\lib\net6.0\System.Composition.Hosting.dll /reference:C:\Users\Niroshana\.nuget\packages\system.composition.runtime\6.0.0\lib\net6.0\System.Composition.Runtime.dll /reference:C:\Users\Niroshana\.nuget\packages\system.composition.typedparts\6.0.0\lib\net6.0\System.Composition.TypedParts.dll /reference:C:\Users\Niroshana\.nuget\packages\system.configuration.configurationmanager\8.0.0\lib\net8.0\System.Configuration.ConfigurationManager.dll /reference:"C:\Program Files\dotnet\packs\Microsoft.NETCore.App.Ref\8.0.22\ref\net8.0\System.Configuration.dll" /reference:"C:\Program Files\dotnet\packs\Microsoft.NETCore.App.Ref\8.0.22\ref\net8.0\System.Console.dll" /reference:"C:\Program Files\dotnet\packs\Microsoft.NETCore.App.Ref\8.0.22\ref\net8.0\System.Core.dll" /reference:"C:\Program Files\dotnet\packs\Microsoft.NETCore.App.Ref\8.0.22\ref\net8.0\System.Data.Common.dll" /reference:"C:\Program Files\dotnet\packs\Microsoft.NETCore.App.Ref\8.0.22\ref\net8.0\System.Data.DataSetExtensions.dll" /reference:"C:\Program Files\dotnet\packs\Microsoft.NETCore.App.Ref\8.0.22\ref\net8.0\System.Data.dll" /reference:"C:\Program Files\dotnet\packs\Microsoft.NETCore.App.Ref\8.0.22\ref\net8.0\System.Diagnostics.Contracts.dll" /reference:"C:\Program Files\dotnet\packs\Microsoft.NETCore.App.Ref\8.0.22\ref\net8.0\System.Diagnostics.Debug.dll" /reference:"C:\Program Files\dotnet\packs\Microsoft.NETCore.App.Ref\8.0.22\ref\net8.0\System.Diagnostics.DiagnosticSource.dll" /reference:"C:\Program Files\dotnet\packs\Microsoft.AspNetCore.App.Ref\8.0.22\ref\net8.0\System.Diagnostics.EventLog.dll" /reference:"C:\Program Files\dotnet\packs\Microsoft.NETCore.App.Ref\8.0.22\ref\net8.0\System.Diagnostics.FileVersionInfo.dll" /reference:C:\Users\Niroshana\.nuget\packages\system.diagnostics.performancecounter\6.0.0\lib\net6.0\System.Diagnostics.PerformanceCounter.dll /reference:"C:\Program Files\dotnet\packs\Microsoft.NETCore.App.Ref\8.0.22\ref\net8.0\System.Diagnostics.Process.dll" /reference:"C:\Program Files\dotnet\packs\Microsoft.NETCore.App.Ref\8.0.22\ref\net8.0\System.Diagnostics.StackTrace.dll" /reference:"C:\Program Files\dotnet\packs\Microsoft.NETCore.App.Ref\8.0.22\ref\net8.0\System.Diagnostics.TextWriterTraceListener.dll" /reference:"C:\Program Files\dotnet\packs\Microsoft.NETCore.App.Ref\8.0.22\ref\net8.0\System.Diagnostics.Tools.dll" /reference:"C:\Program Files\dotnet\packs\Microsoft.NETCore.App.Ref\8.0.22\ref\net8.0\System.Diagnostics.TraceSource.dll" /reference:"C:\Program Files\dotnet\packs\Microsoft.NETCore.App.Ref\8.0.22\ref\net8.0\System.Diagnostics.Tracing.dll" /reference:"C:\Program Files\dotnet\packs\Microsoft.NETCore.App.Ref\8.0.22\ref\net8.0\System.dll" /reference:"C:\Program Files\dotnet\packs\Microsoft.NETCore.App.Ref\8.0.22\ref\net8.0\System.Drawing.dll" /reference:"C:\Program Files\dotnet\packs\Microsoft.NETCore.App.Ref\8.0.22\ref\net8.0\System.Drawing.Primitives.dll" /reference:"C:\Program Files\dotnet\packs\Microsoft.NETCore.App.Ref\8.0.22\ref\net8.0\System.Dynamic.Runtime.dll" /reference:"C:\Program Files\dotnet\packs\Microsoft.NETCore.App.Ref\8.0.22\ref\net8.0\System.Formats.Asn1.dll" /reference:"C:\Program Files\dotnet\packs\Microsoft.NETCore.App.Ref\8.0.22\ref\net8.0\System.Formats.Tar.dll" /reference:"C:\Program Files\dotnet\packs\Microsoft.NETCore.App.Ref\8.0.22\ref\net8.0\System.Globalization.Calendars.dll" /reference:"C:\Program Files\dotnet\packs\Microsoft.NETCore.App.Ref\8.0.22\ref\net8.0\System.Globalization.dll" /reference:"C:\Program Files\dotnet\packs\Microsoft.NETCore.App.Ref\8.0.22\ref\net8.0\System.Globalization.Extensions.dll" /reference:C:\Users\Niroshana\.nuget\packages\system.identitymodel.tokens.jwt\8.7.0\lib\net8.0\System.IdentityModel.Tokens.Jwt.dll /reference:"C:\Program Files\dotnet\packs\Microsoft.NETCore.App.Ref\8.0.22\ref\net8.0\System.IO.Compression.Brotli.dll" /reference:"C:\Program Files\dotnet\packs\Microsoft.NETCore.App.Ref\8.0.22\ref\net8.0\System.IO.Compression.dll" /reference:"C:\Program Files\dotnet\packs\Microsoft.NETCore.App.Ref\8.0.22\ref\net8.0\System.IO.Compression.FileSystem.dll" /reference:"C:\Program Files\dotnet\packs\Microsoft.NETCore.App.Ref\8.0.22\ref\net8.0\System.IO.Compression.ZipFile.dll" /reference:"C:\Program Files\dotnet\packs\Microsoft.NETCore.App.Ref\8.0.22\ref\net8.0\System.IO.dll" /reference:"C:\Program Files\dotnet\packs\Microsoft.NETCore.App.Ref\8.0.22\ref\net8.0\System.IO.FileSystem.AccessControl.dll" /reference:"C:\Program Files\dotnet\packs\Microsoft.NETCore.App.Ref\8.0.22\ref\net8.0\System.IO.FileSystem.dll" /reference:"C:\Program Files\dotnet\packs\Microsoft.NETCore.App.Ref\8.0.22\ref\net8.0\System.IO.FileSystem.DriveInfo.dll" /reference:"C:\Program Files\dotnet\packs\Microsoft.NETCore.App.Ref\8.0.22\ref\net8.0\System.IO.FileSystem.Primitives.dll" /reference:"C:\Program Files\dotnet\packs\Microsoft.NETCore.App.Ref\8.0.22\ref\net8.0\System.IO.FileSystem.Watcher.dll" /reference:C:\Users\Niroshana\.nuget\packages\system.io.hashing\6.0.0\lib\net6.0\System.IO.Hashing.dll /reference:"C:\Program Files\dotnet\packs\Microsoft.NETCore.App.Ref\8.0.22\ref\net8.0\System.IO.IsolatedStorage.dll" /reference:"C:\Program Files\dotnet\packs\Microsoft.NETCore.App.Ref\8.0.22\ref\net8.0\System.IO.MemoryMappedFiles.dll" /reference:C:\Users\Niroshana\.nuget\packages\system.io.packaging\6.0.0\lib\net6.0\System.IO.Packaging.dll /reference:"C:\Program Files\dotnet\packs\Microsoft.AspNetCore.App.Ref\8.0.22\ref\net8.0\System.IO.Pipelines.dll" /reference:"C:\Program Files\dotnet\packs\Microsoft.NETCore.App.Ref\8.0.22\ref\net8.0\System.IO.Pipes.AccessControl.dll" /reference:"C:\Program Files\dotnet\packs\Microsoft.NETCore.App.Ref\8.0.22\ref\net8.0\System.IO.Pipes.dll" /reference:"C:\Program Files\dotnet\packs\Microsoft.NETCore.App.Ref\8.0.22\ref\net8.0\System.IO.UnmanagedMemoryStream.dll" /reference:"C:\Program Files\dotnet\packs\Microsoft.NETCore.App.Ref\8.0.22\ref\net8.0\System.Linq.dll" /reference:"C:\Program Files\dotnet\packs\Microsoft.NETCore.App.Ref\8.0.22\ref\net8.0\System.Linq.Expressions.dll" /reference:"C:\Program Files\dotnet\packs\Microsoft.NETCore.App.Ref\8.0.22\ref\net8.0\System.Linq.Parallel.dll" /reference:"C:\Program Files\dotnet\packs\Microsoft.NETCore.App.Ref\8.0.22\ref\net8.0\System.Linq.Queryable.dll" /reference:C:\Users\Niroshana\.nuget\packages\system.memory.data\8.0.1\lib\net8.0\System.Memory.Data.dll /reference:"C:\Program Files\dotnet\packs\Microsoft.NETCore.App.Ref\8.0.22\ref\net8.0\System.Memory.dll" /reference:"C:\Program Files\dotnet\packs\Microsoft.NETCore.App.Ref\8.0.22\ref\net8.0\System.Net.dll" /reference:"C:\Program Files\dotnet\packs\Microsoft.NETCore.App.Ref\8.0.22\ref\net8.0\System.Net.Http.dll" /reference:"C:\Program Files\dotnet\packs\Microsoft.NETCore.App.Ref\8.0.22\ref\net8.0\System.Net.Http.Json.dll" /reference:"C:\Program Files\dotnet\packs\Microsoft.NETCore.App.Ref\8.0.22\ref\net8.0\System.Net.HttpListener.dll" /reference:"C:\Program Files\dotnet\packs\Microsoft.NETCore.App.Ref\8.0.22\ref\net8.0\System.Net.Mail.dll" /reference:"C:\Program Files\dotnet\packs\Microsoft.NETCore.App.Ref\8.0.22\ref\net8.0\System.Net.NameResolution.dll" /reference:"C:\Program Files\dotnet\packs\Microsoft.NETCore.App.Ref\8.0.22\ref\net8.0\System.Net.NetworkInformation.dll" /reference:"C:\Program Files\dotnet\packs\Microsoft.NETCore.App.Ref\8.0.22\ref\net8.0\System.Net.Ping.dll" /reference:"C:\Program Files\dotnet\packs\Microsoft.NETCore.App.Ref\8.0.22\ref\net8.0\System.Net.Primitives.dll" /reference:"C:\Program Files\dotnet\packs\Microsoft.NETCore.App.Ref\8.0.22\ref\net8.0\System.Net.Quic.dll" /reference:"C:\Program Files\dotnet\packs\Microsoft.NETCore.App.Ref\8.0.22\ref\net8.0\System.Net.Requests.dll" /reference:"C:\Program Files\dotnet\packs\Microsoft.NETCore.App.Ref\8.0.22\ref\net8.0\System.Net.Security.dll" /reference:"C:\Program Files\dotnet\packs\Microsoft.NETCore.App.Ref\8.0.22\ref\net8.0\System.Net.ServicePoint.dll" /reference:"C:\Program Files\dotnet\packs\Microsoft.NETCore.App.Ref\8.0.22\ref\net8.0\System.Net.Sockets.dll" /reference:"C:\Program Files\dotnet\packs\Microsoft.NETCore.App.Ref\8.0.22\ref\net8.0\System.Net.WebClient.dll" /reference:"C:\Program Files\dotnet\packs\Microsoft.NETCore.App.Ref\8.0.22\ref\net8.0\System.Net.WebHeaderCollection.dll" /reference:"C:\Program Files\dotnet\packs\Microsoft.NETCore.App.Ref\8.0.22\ref\net8.0\System.Net.WebProxy.dll" /reference:"C:\Program Files\dotnet\packs\Microsoft.NETCore.App.Ref\8.0.22\ref\net8.0\System.Net.WebSockets.Client.dll" /reference:"C:\Program Files\dotnet\packs\Microsoft.NETCore.App.Ref\8.0.22\ref\net8.0\System.Net.WebSockets.dll" /reference:"C:\Program Files\dotnet\packs\Microsoft.NETCore.App.Ref\8.0.22\ref\net8.0\System.Numerics.dll" /reference:"C:\Program Files\dotnet\packs\Microsoft.NETCore.App.Ref\8.0.22\ref\net8.0\System.Numerics.Vectors.dll" /reference:"C:\Program Files\dotnet\packs\Microsoft.NETCore.App.Ref\8.0.22\ref\net8.0\System.ObjectModel.dll" /reference:"C:\Program Files\dotnet\packs\Microsoft.NETCore.App.Ref\8.0.22\ref\net8.0\System.Reflection.DispatchProxy.dll" /reference:"C:\Program Files\dotnet\packs\Microsoft.NETCore.App.Ref\8.0.22\ref\net8.0\System.Reflection.dll" /reference:"C:\Program Files\dotnet\packs\Microsoft.NETCore.App.Ref\8.0.22\ref\net8.0\System.Reflection.Emit.dll" /reference:"C:\Program Files\dotnet\packs\Microsoft.NETCore.App.Ref\8.0.22\ref\net8.0\System.Reflection.Emit.ILGeneration.dll" /reference:"C:\Program Files\dotnet\packs\Microsoft.NETCore.App.Ref\8.0.22\ref\net8.0\System.Reflection.Emit.Lightweight.dll" /reference:"C:\Program Files\dotnet\packs\Microsoft.NETCore.App.Ref\8.0.22\ref\net8.0\System.Reflection.Extensions.dll" /reference:"C:\Program Files\dotnet\packs\Microsoft.NETCore.App.Ref\8.0.22\ref\net8.0\System.Reflection.Metadata.dll" /reference:"C:\Program Files\dotnet\packs\Microsoft.NETCore.App.Ref\8.0.22\ref\net8.0\System.Reflection.Primitives.dll" /reference:"C:\Program Files\dotnet\packs\Microsoft.NETCore.App.Ref\8.0.22\ref\net8.0\System.Reflection.TypeExtensions.dll" /reference:"C:\Program Files\dotnet\packs\Microsoft.NETCore.App.Ref\8.0.22\ref\net8.0\System.Resources.Reader.dll" /reference:"C:\Program Files\dotnet\packs\Microsoft.NETCore.App.Ref\8.0.22\ref\net8.0\System.Resources.ResourceManager.dll" /reference:"C:\Program Files\dotnet\packs\Microsoft.NETCore.App.Ref\8.0.22\ref\net8.0\System.Resources.Writer.dll" /reference:"C:\Program Files\dotnet\packs\Microsoft.NETCore.App.Ref\8.0.22\ref\net8.0\System.Runtime.CompilerServices.Unsafe.dll" /reference:"C:\Program Files\dotnet\packs\Microsoft.NETCore.App.Ref\8.0.22\ref\net8.0\System.Runtime.CompilerServices.VisualC.dll" /reference:"C:\Program Files\dotnet\packs\Microsoft.NETCore.App.Ref\8.0.22\ref\net8.0\System.Runtime.dll" /reference:"C:\Program Files\dotnet\packs\Microsoft.NETCore.App.Ref\8.0.22\ref\net8.0\System.Runtime.Extensions.dll" /reference:"C:\Program Files\dotnet\packs\Microsoft.NETCore.App.Ref\8.0.22\ref\net8.0\System.Runtime.Handles.dll" /reference:"C:\Program Files\dotnet\packs\Microsoft.NETCore.App.Ref\8.0.22\ref\net8.0\System.Runtime.InteropServices.dll" /reference:"C:\Program Files\dotnet\packs\Microsoft.NETCore.App.Ref\8.0.22\ref\net8.0\System.Runtime.InteropServices.JavaScript.dll" /reference:"C:\Program Files\dotnet\packs\Microsoft.NETCore.App.Ref\8.0.22\ref\net8.0\System.Runtime.InteropServices.RuntimeInformation.dll" /reference:"C:\Program Files\dotnet\packs\Microsoft.NETCore.App.Ref\8.0.22\ref\net8.0\System.Runtime.Intrinsics.dll" /reference:"C:\Program Files\dotnet\packs\Microsoft.NETCore.App.Ref\8.0.22\ref\net8.0\System.Runtime.Loader.dll" /reference:"C:\Program Files\dotnet\packs\Microsoft.NETCore.App.Ref\8.0.22\ref\net8.0\System.Runtime.Numerics.dll" /reference:"C:\Program Files\dotnet\packs\Microsoft.NETCore.App.Ref\8.0.22\ref\net8.0\System.Runtime.Serialization.dll" /reference:"C:\Program Files\dotnet\packs\Microsoft.NETCore.App.Ref\8.0.22\ref\net8.0\System.Runtime.Serialization.Formatters.dll" /reference:"C:\Program Files\dotnet\packs\Microsoft.NETCore.App.Ref\8.0.22\ref\net8.0\System.Runtime.Serialization.Json.dll" /reference:"C:\Program Files\dotnet\packs\Microsoft.NETCore.App.Ref\8.0.22\ref\net8.0\System.Runtime.Serialization.Primitives.dll" /reference:"C:\Program Files\dotnet\packs\Microsoft.NETCore.App.Ref\8.0.22\ref\net8.0\System.Runtime.Serialization.Xml.dll" /reference:"C:\Program Files\dotnet\packs\Microsoft.NETCore.App.Ref\8.0.22\ref\net8.0\System.Security.AccessControl.dll" /reference:"C:\Program Files\dotnet\packs\Microsoft.NETCore.App.Ref\8.0.22\ref\net8.0\System.Security.Claims.dll" /reference:"C:\Program Files\dotnet\packs\Microsoft.NETCore.App.Ref\8.0.22\ref\net8.0\System.Security.Cryptography.Algorithms.dll" /reference:"C:\Program Files\dotnet\packs\Microsoft.NETCore.App.Ref\8.0.22\ref\net8.0\System.Security.Cryptography.Cng.dll" /reference:"C:\Program Files\dotnet\packs\Microsoft.NETCore.App.Ref\8.0.22\ref\net8.0\System.Security.Cryptography.Csp.dll" /reference:"C:\Program Files\dotnet\packs\Microsoft.NETCore.App.Ref\8.0.22\ref\net8.0\System.Security.Cryptography.dll" /reference:"C:\Program Files\dotnet\packs\Microsoft.NETCore.App.Ref\8.0.22\ref\net8.0\System.Security.Cryptography.Encoding.dll" /reference:"C:\Program Files\dotnet\packs\Microsoft.NETCore.App.Ref\8.0.22\ref\net8.0\System.Security.Cryptography.OpenSsl.dll" /reference:C:\Users\Niroshana\.nuget\packages\system.security.cryptography.pkcs\8.0.0\lib\net8.0\System.Security.Cryptography.Pkcs.dll /reference:"C:\Program Files\dotnet\packs\Microsoft.NETCore.App.Ref\8.0.22\ref\net8.0\System.Security.Cryptography.Primitives.dll" /reference:C:\Users\Niroshana\.nuget\packages\system.security.cryptography.protecteddata\8.0.0\lib\net8.0\System.Security.Cryptography.ProtectedData.dll /reference:"C:\Program Files\dotnet\packs\Microsoft.NETCore.App.Ref\8.0.22\ref\net8.0\System.Security.Cryptography.X509Certificates.dll" /reference:"C:\Program Files\dotnet\packs\Microsoft.AspNetCore.App.Ref\8.0.22\ref\net8.0\System.Security.Cryptography.Xml.dll" /reference:"C:\Program Files\dotnet\packs\Microsoft.NETCore.App.Ref\8.0.22\ref\net8.0\System.Security.dll" /reference:"C:\Program Files\dotnet\packs\Microsoft.NETCore.App.Ref\8.0.22\ref\net8.0\System.Security.Principal.dll" /reference:"C:\Program Files\dotnet\packs\Microsoft.NETCore.App.Ref\8.0.22\ref\net8.0\System.Security.Principal.Windows.dll" /reference:"C:\Program Files\dotnet\packs\Microsoft.NETCore.App.Ref\8.0.22\ref\net8.0\System.Security.SecureString.dll" /reference:"C:\Program Files\dotnet\packs\Microsoft.NETCore.App.Ref\8.0.22\ref\net8.0\System.ServiceModel.Web.dll" /reference:"C:\Program Files\dotnet\packs\Microsoft.NETCore.App.Ref\8.0.22\ref\net8.0\System.ServiceProcess.dll" /reference:"C:\Program Files\dotnet\packs\Microsoft.NETCore.App.Ref\8.0.22\ref\net8.0\System.Text.Encoding.CodePages.dll" /reference:"C:\Program Files\dotnet\packs\Microsoft.NETCore.App.Ref\8.0.22\ref\net8.0\System.Text.Encoding.dll" /reference:"C:\Program Files\dotnet\packs\Microsoft.NETCore.App.Ref\8.0.22\ref\net8.0\System.Text.Encoding.Extensions.dll" /reference:"C:\Program Files\dotnet\packs\Microsoft.NETCore.App.Ref\8.0.22\ref\net8.0\System.Text.Encodings.Web.dll" /reference:"C:\Program Files\dotnet\packs\Microsoft.NETCore.App.Ref\8.0.22\ref\net8.0\System.Text.Json.dll" /reference:"C:\Program Files\dotnet\packs\Microsoft.NETCore.App.Ref\8.0.22\ref\net8.0\System.Text.RegularExpressions.dll" /reference:"C:\Program Files\dotnet\packs\Microsoft.NETCore.App.Ref\8.0.22\ref\net8.0\System.Threading.Channels.dll" /reference:"C:\Program Files\dotnet\packs\Microsoft.NETCore.App.Ref\8.0.22\ref\net8.0\System.Threading.dll" /reference:"C:\Program Files\dotnet\packs\Microsoft.NETCore.App.Ref\8.0.22\ref\net8.0\System.Threading.Overlapped.dll" /reference:"C:\Program Files\dotnet\packs\Microsoft.AspNetCore.App.Ref\8.0.22\ref\net8.0\System.Threading.RateLimiting.dll" /reference:"C:\Program Files\dotnet\packs\Microsoft.NETCore.App.Ref\8.0.22\ref\net8.0\System.Threading.Tasks.Dataflow.dll" /reference:"C:\Program Files\dotnet\packs\Microsoft.NETCore.App.Ref\8.0.22\ref\net8.0\System.Threading.Tasks.dll" /reference:"C:\Program Files\dotnet\packs\Microsoft.NETCore.App.Ref\8.0.22\ref\net8.0\System.Threading.Tasks.Extensions.dll" /reference:"C:\Program Files\dotnet\packs\Microsoft.NETCore.App.Ref\8.0.22\ref\net8.0\System.Threading.Tasks.Parallel.dll" /reference:"C:\Program Files\dotnet\packs\Microsoft.NETCore.App.Ref\8.0.22\ref\net8.0\System.Threading.Thread.dll" /reference:"C:\Program Files\dotnet\packs\Microsoft.NETCore.App.Ref\8.0.22\ref\net8.0\System.Threading.ThreadPool.dll" /reference:"C:\Program Files\dotnet\packs\Microsoft.NETCore.App.Ref\8.0.22\ref\net8.0\System.Threading.Timer.dll" /reference:"C:\Program Files\dotnet\packs\Microsoft.NETCore.App.Ref\8.0.22\ref\net8.0\System.Transactions.dll" /reference:"C:\Program Files\dotnet\packs\Microsoft.NETCore.App.Ref\8.0.22\ref\net8.0\System.Transactions.Local.dll" /reference:"C:\Program Files\dotnet\packs\Microsoft.NETCore.App.Ref\8.0.22\ref\net8.0\System.ValueTuple.dll" /reference:"C:\Program Files\dotnet\packs\Microsoft.NETCore.App.Ref\8.0.22\ref\net8.0\System.Web.dll" /reference:"C:\Program Files\dotnet\packs\Microsoft.NETCore.App.Ref\8.0.22\ref\net8.0\System.Web.HttpUtility.dll" /reference:"C:\Program Files\dotnet\packs\Microsoft.NETCore.App.Ref\8.0.22\ref\net8.0\System.Windows.dll" /reference:"C:\Program Files\dotnet\packs\Microsoft.NETCore.App.Ref\8.0.22\ref\net8.0\System.Xml.dll" /reference:"C:\Program Files\dotnet\packs\Microsoft.NETCore.App.Ref\8.0.22\ref\net8.0\System.Xml.Linq.dll" /reference:"C:\Program Files\dotnet\packs\Microsoft.NETCore.App.Ref\8.0.22\ref\net8.0\System.Xml.ReaderWriter.dll" /reference:"C:\Program Files\dotnet\packs\Microsoft.NETCore.App.Ref\8.0.22\ref\net8.0\System.Xml.Serialization.dll" /reference:"C:\Program Files\dotnet\packs\Microsoft.NETCore.App.Ref\8.0.22\ref\net8.0\System.Xml.XDocument.dll" /reference:"C:\Program Files\dotnet\packs\Microsoft.NETCore.App.Ref\8.0.22\ref\net8.0\System.Xml.XmlDocument.dll" /reference:"C:\Program Files\dotnet\packs\Microsoft.NETCore.App.Ref\8.0.22\ref\net8.0\System.Xml.XmlSerializer.dll" /reference:"C:\Program Files\dotnet\packs\Microsoft.NETCore.App.Ref\8.0.22\ref\net8.0\System.Xml.XPath.dll" /reference:"C:\Program Files\dotnet\packs\Microsoft.NETCore.App.Ref\8.0.22\ref\net8.0\System.Xml.XPath.XDocument.dll" /reference:C:\Users\Niroshana\.nuget\packages\testcontainers\3.9.0\lib\net8.0\Testcontainers.dll /reference:C:\Users\Niroshana\.nuget\packages\testcontainers.postgresql\3.9.0\lib\net8.0\Testcontainers.PostgreSql.dll /reference:"C:\Program Files\dotnet\packs\Microsoft.NETCore.App.Ref\8.0.22\ref\net8.0\WindowsBase.dll" /reference:C:\Users\Niroshana\.nuget\packages\xlparser\1.5.2\lib\netstandard1.6\XLParser.dll /reference:C:\Users\Niroshana\.nuget\packages\xunit.abstractions\2.0.1\lib\netstandard1.0\xunit.abstractions.dll /reference:C:\Users\Niroshana\.nuget\packages\xunit.extensibility.core\2.2.0\lib\netstandard1.1\xunit.core.dll /debug+ /debug:portable /filealign:512 /optimize- /out:obj\Debug\net8.0\LankaConnect.TestUtilities.dll /refout:obj\Debug\net8.0\refint\LankaConnect.TestUtilities.dll /target:library /warnaserror+ /utf8output /deterministic+ /sourcelink:obj\Debug\net8.0\LankaConnect.TestUtilities.sourcelink.json /langversion:12.0 /embed:obj\Debug\net8.0\LankaConnect.TestUtilities.GlobalUsings.g.cs /embed:"obj\Debug\net8.0\.NETCoreApp,Version=v8.0.AssemblyAttributes.cs" /embed:obj\Debug\net8.0\LankaConnect.TestUtilities.AssemblyInfo.cs /analyzerconfig:C:\Work\LankaConnect\.editorconfig /analyzerconfig:obj\Debug\net8.0\LankaConnect.TestUtilities.GeneratedMSBuildEditorConfig.editorconfig /analyzerconfig:"C:\Program Files\dotnet\sdk\8.0.416\Sdks\Microsoft.NET.Sdk\analyzers\build\config\analysislevel_8_default.globalconfig" /analyzer:"C:\Program Files\dotnet\sdk\8.0.416\Sdks\Microsoft.NET.Sdk\targets\..\analyzers\Microsoft.CodeAnalysis.CSharp.NetAnalyzers.dll" /analyzer:"C:\Program Files\dotnet\sdk\8.0.416\Sdks\Microsoft.NET.Sdk\targets\..\analyzers\Microsoft.CodeAnalysis.NetAnalyzers.dll" /analyzer:"C:\Program Files\dotnet\sdk\8.0.416\Sdks\Microsoft.NET.Sdk\targets\..\codestyle\cs\Microsoft.CodeAnalysis.CodeStyle.dll" /analyzer:"C:\Program Files\dotnet\sdk\8.0.416\Sdks\Microsoft.NET.Sdk\targets\..\codestyle\cs\Microsoft.CodeAnalysis.CodeStyle.Fixes.dll" /analyzer:"C:\Program Files\dotnet\sdk\8.0.416\Sdks\Microsoft.NET.Sdk\targets\..\codestyle\cs\Microsoft.CodeAnalysis.CSharp.CodeStyle.dll" /analyzer:"C:\Program Files\dotnet\sdk\8.0.416\Sdks\Microsoft.NET.Sdk\targets\..\codestyle\cs\Microsoft.CodeAnalysis.CSharp.CodeStyle.Fixes.dll" /analyzer:C:\Users\Niroshana\.nuget\packages\microsoft.codeanalysis.analyzers\3.3.3\analyzers\dotnet\cs\Microsoft.CodeAnalysis.Analyzers.dll /analyzer:C:\Users\Niroshana\.nuget\packages\microsoft.codeanalysis.analyzers\3.3.3\analyzers\dotnet\cs\Microsoft.CodeAnalysis.CSharp.Analyzers.dll /analyzer:C:\Users\Niroshana\.nuget\packages\microsoft.entityframeworkcore.analyzers\8.0.19\analyzers\dotnet\cs\Microsoft.EntityFrameworkCore.Analyzers.dll /analyzer:C:\Users\Niroshana\.nuget\packages\system.clientmodel\1.7.0\analyzers\dotnet\cs\System.ClientModel.SourceGeneration.dll /analyzer:"C:\Program Files\dotnet\packs\Microsoft.NETCore.App.Ref\8.0.22\analyzers/dotnet/cs/Microsoft.Interop.ComInterfaceGenerator.dll" /analyzer:"C:\Program Files\dotnet\packs\Microsoft.NETCore.App.Ref\8.0.22\analyzers/dotnet/cs/Microsoft.Interop.JavaScript.JSImportGenerator.dll" /analyzer:"C:\Program Files\dotnet\packs\Microsoft.NETCore.App.Ref\8.0.22\analyzers/dotnet/cs/Microsoft.Interop.LibraryImportGenerator.dll" /analyzer:"C:\Program Files\dotnet\packs\Microsoft.NETCore.App.Ref\8.0.22\analyzers/dotnet/cs/Microsoft.Interop.SourceGeneration.dll" /analyzer:"C:\Program Files\dotnet\packs\Microsoft.NETCore.App.Ref\8.0.22\analyzers/dotnet/cs/System.Text.Json.SourceGeneration.dll" /analyzer:"C:\Program Files\dotnet\packs\Microsoft.NETCore.App.Ref\8.0.22\analyzers/dotnet/cs/System.Text.RegularExpressions.Generator.dll" /analyzer:"C:\Program Files\dotnet\packs\Microsoft.AspNetCore.App.Ref\8.0.22\analyzers/dotnet/cs/Microsoft.AspNetCore.App.Analyzers.dll" /analyzer:"C:\Program Files\dotnet\packs\Microsoft.AspNetCore.App.Ref\8.0.22\analyzers/dotnet/cs/Microsoft.AspNetCore.App.CodeFixes.dll" /analyzer:"C:\Program Files\dotnet\packs\Microsoft.AspNetCore.App.Ref\8.0.22\analyzers/dotnet/cs/Microsoft.AspNetCore.Components.Analyzers.dll" /analyzer:"C:\Program Files\dotnet\packs\Microsoft.AspNetCore.App.Ref\8.0.22\analyzers/dotnet/roslyn4.4/cs/Microsoft.Extensions.Logging.Generators.dll" /analyzer:"C:\Program Files\dotnet\packs\Microsoft.AspNetCore.App.Ref\8.0.22\analyzers/dotnet/roslyn4.4/cs/Microsoft.Extensions.Options.SourceGeneration.dll" Builders\EmailTestDataBuilder.cs GlobalUsings.cs obj\Debug\net8.0\LankaConnect.TestUtilities.GlobalUsings.g.cs "obj\Debug\net8.0\.NETCoreApp,Version=v8.0.AssemblyAttributes.cs" obj\Debug\net8.0\LankaConnect.TestUtilities.AssemblyInfo.cs /warnaserror+:NU1605,SYSLIB0011 /warnaserror-:CS1591,NU1902,NU1605
         CompilerServer: server - server processed compilation - LankaConnect.TestUtilities (net8.0)
       _CopyFilesMarkedCopyLocal:
         Copying file from "C:\Work\LankaConnect\src\LankaConnect.Application\bin\Debug\net8.0\LankaConnect.Application.dll" to "C:\Work\LankaConnect\tests\LankaConnect.TestUtilities\bin\Debug\net8.0\LankaConnect.Application.dll".
         Copying file from "C:\Work\LankaConnect\src\LankaConnect.Application\bin\Debug\net8.0\LankaConnect.Application.pdb" to "C:\Work\LankaConnect\tests\LankaConnect.TestUtilities\bin\Debug\net8.0\LankaConnect.Application.pdb".
         Copying file from "C:\Work\LankaConnect\src\LankaConnect.Domain\bin\Debug\net8.0\LankaConnect.Domain.dll" to "C:\Work\LankaConnect\tests\LankaConnect.TestUtilities\bin\Debug\net8.0\LankaConnect.Domain.dll".
         Copying file from "C:\Work\LankaConnect\src\LankaConnect.Infrastructure\bin\Debug\net8.0\LankaConnect.Infrastructure.dll" to "C:\Work\LankaConnect\tests\LankaConnect.TestUtilities\bin\Debug\net8.0\LankaConnect.Infrastructure.dll".
         Copying file from "C:\Work\LankaConnect\src\LankaConnect.Domain\bin\Debug\net8.0\LankaConnect.Domain.pdb" to "C:\Work\LankaConnect\tests\LankaConnect.TestUtilities\bin\Debug\net8.0\LankaConnect.Domain.pdb".
         Copying file from "C:\Work\LankaConnect\src\LankaConnect.Infrastructure\bin\Debug\net8.0\LankaConnect.Infrastructure.pdb" to "C:\Work\LankaConnect\tests\LankaConnect.TestUtilities\bin\Debug\net8.0\LankaConnect.Infrastructure.pdb".
         Touching "C:\Work\LankaConnect\tests\LankaConnect.TestUtilities\obj\Debug\net8.0\LankaCon.88AAF23E.Up2Date".
       _CopyOutOfDateSourceItemsToOutputDirectory:
       Building target "_CopyOutOfDateSourceItemsToOutputDirectory" partially, because some output files are out of date with respect to their input files.
         Copying file from "C:\Work\LankaConnect\tests\LankaConnect.TestUtilities\obj\Debug\net8.0\MvcTestingAppManifest.json" to "C:\Work\LankaConnect\tests\LankaConnect.TestUtilities\bin\Debug\net8.0\MvcTestingAppManifest.json".
       GenerateBuildDependencyFile:
       Skipping target "GenerateBuildDependencyFile" because all output files are up-to-date with respect to the input files.
       CopyFilesToOutputDirectory:
         Copying file from "C:\Work\LankaConnect\tests\LankaConnect.TestUtilities\obj\Debug\net8.0\LankaConnect.TestUtilities.dll" to "C:\Work\LankaConnect\tests\LankaConnect.TestUtilities\bin\Debug\net8.0\LankaConnect.TestUtilities.dll".
         LankaConnect.TestUtilities -> C:\Work\LankaConnect\tests\LankaConnect.TestUtilities\bin\Debug\net8.0\LankaConnect.TestUtilities.dll
         Copying file from "C:\Work\LankaConnect\tests\LankaConnect.TestUtilities\obj\Debug\net8.0\LankaConnect.TestUtilities.pdb" to "C:\Work\LankaConnect\tests\LankaConnect.TestUtilities\bin\Debug\net8.0\LankaConnect.TestUtilities.pdb".
       _MvcCopyDependencyFiles:
         Copying file from "C:\Work\LankaConnect\src\LankaConnect.Application\bin\Debug\net8.0\LankaConnect.Application.deps.json" to "C:\Work\LankaConnect\tests\LankaConnect.TestUtilities\bin\Debug\net8.0\LankaConnect.Application.deps.json".
         Copying file from "C:\Work\LankaConnect\src\LankaConnect.Domain\bin\Debug\net8.0\LankaConnect.Domain.deps.json" to "C:\Work\LankaConnect\tests\LankaConnect.TestUtilities\bin\Debug\net8.0\LankaConnect.Domain.deps.json".
         Copying file from "C:\Work\LankaConnect\src\LankaConnect.Infrastructure\bin\Debug\net8.0\LankaConnect.Infrastructure.deps.json" to "C:\Work\LankaConnect\tests\LankaConnect.TestUtilities\bin\Debug\net8.0\LankaConnect.Infrastructure.deps.json".
     3>Done Building Project "C:\Work\LankaConnect\tests\LankaConnect.TestUtilities\LankaConnect.TestUtilities.csproj" (default targets).
     1>GenerateTargetFrameworkMonikerAttribute:
       Skipping target "GenerateTargetFrameworkMonikerAttribute" because all output files are up-to-date with respect to the input files.
       CoreGenerateAssemblyInfo:
       Skipping target "CoreGenerateAssemblyInfo" because all output files are up-to-date with respect to the input files.
       _GenerateSourceLinkFile:
         Source Link file 'obj\Debug\net8.0\LankaConnect.Infrastructure.Tests.sourcelink.json' is up-to-date.
       CoreCompile:
         C:\Program Files\dotnet\dotnet.exe exec "C:\Program Files\dotnet\sdk\8.0.416\Roslyn\bincore\csc.dll" /noconfig /unsafe- /checked- /nowarn:1701,1702,1701,1702 /fullpaths /nostdlib+ /errorreport:prompt /warn:8 /define:TRACE;DEBUG;NET;NET8_0;NETCOREAPP;NET5_0_OR_GREATER;NET6_0_OR_GREATER;NET7_0_OR_GREATER;NET8_0_OR_GREATER;NETCOREAPP1_0_OR_GREATER;NETCOREAPP1_1_OR_GREATER;NETCOREAPP2_0_OR_GREATER;NETCOREAPP2_1_OR_GREATER;NETCOREAPP2_2_OR_GREATER;NETCOREAPP3_0_OR_GREATER;NETCOREAPP3_1_OR_GREATER /preferreduilang:en-US /highentropyva+ /nullable:enable /reference:C:\Users\Niroshana\.nuget\packages\autofixture\4.18.1\lib\netstandard2.0\AutoFixture.dll /reference:C:\Users\Niroshana\.nuget\packages\autofixture.xunit2\4.18.1\lib\netstandard2.0\AutoFixture.Xunit2.dll /reference:C:\Users\Niroshana\.nuget\packages\automapper\12.0.1\lib\netstandard2.1\AutoMapper.dll /reference:C:\Users\Niroshana\.nuget\packages\automapper.extensions.microsoft.dependencyinjection\12.0.1\lib\netstandard2.1\AutoMapper.Extensions.Microsoft.DependencyInjection.dll /reference:C:\Users\Niroshana\.nuget\packages\azure.communication.email\1.1.0\lib\net8.0\Azure.Communication.Email.dll /reference:C:\Users\Niroshana\.nuget\packages\azure.core\1.49.0\lib\net8.0\Azure.Core.dll /reference:C:\Users\Niroshana\.nuget\packages\azure.identity\1.11.4\lib\netstandard2.0\Azure.Identity.dll /reference:C:\Users\Niroshana\.nuget\packages\azure.security.keyvault.certificates\4.6.0\lib\netstandard2.0\Azure.Security.KeyVault.Certificates.dll /reference:C:\Users\Niroshana\.nuget\packages\azure.security.keyvault.secrets\4.6.0\lib\netstandard2.0\Azure.Security.KeyVault.Secrets.dll /reference:C:\Users\Niroshana\.nuget\packages\azure.storage.blobs\12.22.1\lib\net6.0\Azure.Storage.Blobs.dll /reference:C:\Users\Niroshana\.nuget\packages\azure.storage.common\12.21.0\lib\net6.0\Azure.Storage.Common.dll /reference:C:\Users\Niroshana\.nuget\packages\bcrypt.net-next\4.0.3\lib\net6.0\BCrypt.Net-Next.dll /reference:C:\Users\Niroshana\.nuget\packages\bogus\35.6.1\lib\net6.0\Bogus.dll /reference:C:\Users\Niroshana\.nuget\packages\bouncycastle.cryptography\2.4.0\lib\net6.0\BouncyCastle.Cryptography.dll /reference:C:\Users\Niroshana\.nuget\packages\castle.core\5.1.1\lib\net6.0\Castle.Core.dll /reference:C:\Users\Niroshana\.nuget\packages\closedxml\0.102.3\lib\netstandard2.1\ClosedXML.dll /reference:C:\Users\Niroshana\.nuget\packages\csvhelper\33.0.1\lib\net8.0\CsvHelper.dll /reference:C:\Users\Niroshana\.nuget\packages\dapper\2.0.123\lib\net5.0\Dapper.dll /reference:C:\Users\Niroshana\.nuget\packages\docker.dotnet\3.125.15\lib\netstandard2.1\Docker.DotNet.dll /reference:C:\Users\Niroshana\.nuget\packages\docker.dotnet.x509\3.125.15\lib\netstandard2.1\Docker.DotNet.X509.dll /reference:C:\Users\Niroshana\.nuget\packages\documentformat.openxml\2.16.0\lib\netstandard2.0\DocumentFormat.OpenXml.dll /reference:C:\Users\Niroshana\.nuget\packages\excelnumberformat\1.1.0\lib\netstandard2.0\ExcelNumberFormat.dll /reference:C:\Users\Niroshana\.nuget\packages\fare\2.1.1\lib\netstandard1.1\Fare.dll /reference:C:\Users\Niroshana\.nuget\packages\fluentassertions\6.12.0\lib\net6.0\FluentAssertions.dll /reference:C:\Users\Niroshana\.nuget\packages\fluentvalidation.dependencyinjectionextensions\11.10.0\lib\netstandard2.1\FluentValidation.DependencyInjectionExtensions.dll /reference:C:\Users\Niroshana\.nuget\packages\fluentvalidation\11.10.0\lib\net8.0\FluentValidation.dll /reference:C:\Users\Niroshana\.nuget\packages\hangfire.aspnetcore\1.8.17\lib\netcoreapp3.0\Hangfire.AspNetCore.dll /reference:C:\Users\Niroshana\.nuget\packages\hangfire.core\1.8.17\lib\netstandard2.0\Hangfire.Core.dll /reference:C:\Users\Niroshana\.nuget\packages\hangfire.netcore\1.8.17\lib\netstandard2.1\Hangfire.NetCore.dll /reference:C:\Users\Niroshana\.nuget\packages\hangfire.postgresql\1.20.10\lib\netstandard2.0\Hangfire.PostgreSql.dll /reference:C:\Users\Niroshana\.nuget\packages\humanizer.core\2.14.1\lib\net6.0\Humanizer.dll /reference:C:\Users\Niroshana\.nuget\packages\sharpziplib\1.4.2\lib\net6.0\ICSharpCode.SharpZipLib.dll /reference:C:\Users\Niroshana\.nuget\packages\irony.netcore\1.0.11\lib\netstandard1.6\Irony.dll /reference:C:\Work\LankaConnect\src\LankaConnect.Application\obj\Debug\net8.0\ref\LankaConnect.Application.dll /reference:C:\Work\LankaConnect\src\LankaConnect.Domain\obj\Debug\net8.0\ref\LankaConnect.Domain.dll /reference:C:\Work\LankaConnect\src\LankaConnect.Infrastructure\obj\Debug\net8.0\ref\LankaConnect.Infrastructure.dll /reference:C:\Work\LankaConnect\tests\LankaConnect.TestUtilities\obj\Debug\net8.0\ref\LankaConnect.TestUtilities.dll /reference:C:\Users\Niroshana\.nuget\packages\mailkit\4.8.0\lib\net8.0\MailKit.dll /reference:C:\Users\Niroshana\.nuget\packages\mediatr.contracts\2.0.1\lib\netstandard2.0\MediatR.Contracts.dll /reference:C:\Users\Niroshana\.nuget\packages\mediatr\12.4.1\lib\net6.0\MediatR.dll /reference:C:\Users\Niroshana\.nuget\packages\microsoft.applicationinsights.dependencycollector\2.22.0\lib\netstandard2.0\Microsoft.AI.DependencyCollector.dll /reference:C:\Users\Niroshana\.nuget\packages\microsoft.applicationinsights.eventcountercollector\2.22.0\lib\netstandard2.0\Microsoft.AI.EventCounterCollector.dll /reference:C:\Users\Niroshana\.nuget\packages\microsoft.applicationinsights.perfcountercollector\2.22.0\lib\netstandard2.0\Microsoft.AI.PerfCounterCollector.dll /reference:C:\Users\Niroshana\.nuget\packages\microsoft.applicationinsights.windowsserver.telemetrychannel\2.22.0\lib\netstandard2.0\Microsoft.AI.ServerTelemetryChannel.dll /reference:C:\Users\Niroshana\.nuget\packages\microsoft.applicationinsights.windowsserver\2.22.0\lib\netstandard2.0\Microsoft.AI.WindowsServer.dll /reference:C:\Users\Niroshana\.nuget\packages\microsoft.applicationinsights.aspnetcore\2.22.0\lib\netstandard2.0\Microsoft.ApplicationInsights.AspNetCore.dll /reference:C:\Users\Niroshana\.nuget\packages\microsoft.applicationinsights\2.22.0\lib\netstandard2.0\Microsoft.ApplicationInsights.dll /reference:"C:\Program Files\dotnet\packs\Microsoft.AspNetCore.App.Ref\8.0.22\ref\net8.0\Microsoft.AspNetCore.Antiforgery.dll" /reference:"C:\Program Files\dotnet\packs\Microsoft.AspNetCore.App.Ref\8.0.22\ref\net8.0\Microsoft.AspNetCore.Authentication.Abstractions.dll" /reference:"C:\Program Files\dotnet\packs\Microsoft.AspNetCore.App.Ref\8.0.22\ref\net8.0\Microsoft.AspNetCore.Authentication.BearerToken.dll" /reference:"C:\Program Files\dotnet\packs\Microsoft.AspNetCore.App.Ref\8.0.22\ref\net8.0\Microsoft.AspNetCore.Authentication.Cookies.dll" /reference:"C:\Program Files\dotnet\packs\Microsoft.AspNetCore.App.Ref\8.0.22\ref\net8.0\Microsoft.AspNetCore.Authentication.Core.dll" /reference:"C:\Program Files\dotnet\packs\Microsoft.AspNetCore.App.Ref\8.0.22\ref\net8.0\Microsoft.AspNetCore.Authentication.dll" /reference:C:\Users\Niroshana\.nuget\packages\microsoft.aspnetcore.authentication.jwtbearer\8.0.19\lib\net8.0\Microsoft.AspNetCore.Authentication.JwtBearer.dll /reference:"C:\Program Files\dotnet\packs\Microsoft.AspNetCore.App.Ref\8.0.22\ref\net8.0\Microsoft.AspNetCore.Authentication.OAuth.dll" /reference:C:\Users\Niroshana\.nuget\packages\microsoft.aspnetcore.authentication.openidconnect\8.0.0\lib\net8.0\Microsoft.AspNetCore.Authentication.OpenIdConnect.dll /reference:"C:\Program Files\dotnet\packs\Microsoft.AspNetCore.App.Ref\8.0.22\ref\net8.0\Microsoft.AspNetCore.Authorization.dll" /reference:"C:\Program Files\dotnet\packs\Microsoft.AspNetCore.App.Ref\8.0.22\ref\net8.0\Microsoft.AspNetCore.Authorization.Policy.dll" /reference:"C:\Program Files\dotnet\packs\Microsoft.AspNetCore.App.Ref\8.0.22\ref\net8.0\Microsoft.AspNetCore.Components.Authorization.dll" /reference:"C:\Program Files\dotnet\packs\Microsoft.AspNetCore.App.Ref\8.0.22\ref\net8.0\Microsoft.AspNetCore.Components.dll" /reference:"C:\Program Files\dotnet\packs\Microsoft.AspNetCore.App.Ref\8.0.22\ref\net8.0\Microsoft.AspNetCore.Components.Endpoints.dll" /reference:"C:\Program Files\dotnet\packs\Microsoft.AspNetCore.App.Ref\8.0.22\ref\net8.0\Microsoft.AspNetCore.Components.Forms.dll" /reference:"C:\Program Files\dotnet\packs\Microsoft.AspNetCore.App.Ref\8.0.22\ref\net8.0\Microsoft.AspNetCore.Components.Server.dll" /reference:"C:\Program Files\dotnet\packs\Microsoft.AspNetCore.App.Ref\8.0.22\ref\net8.0\Microsoft.AspNetCore.Components.Web.dll" /reference:"C:\Program Files\dotnet\packs\Microsoft.AspNetCore.App.Ref\8.0.22\ref\net8.0\Microsoft.AspNetCore.Connections.Abstractions.dll" /reference:"C:\Program Files\dotnet\packs\Microsoft.AspNetCore.App.Ref\8.0.22\ref\net8.0\Microsoft.AspNetCore.CookiePolicy.dll" /reference:"C:\Program Files\dotnet\packs\Microsoft.AspNetCore.App.Ref\8.0.22\ref\net8.0\Microsoft.AspNetCore.Cors.dll" /reference:"C:\Program Files\dotnet\packs\Microsoft.AspNetCore.App.Ref\8.0.22\ref\net8.0\Microsoft.AspNetCore.Cryptography.Internal.dll" /reference:"C:\Program Files\dotnet\packs\Microsoft.AspNetCore.App.Ref\8.0.22\ref\net8.0\Microsoft.AspNetCore.Cryptography.KeyDerivation.dll" /reference:"C:\Program Files\dotnet\packs\Microsoft.AspNetCore.App.Ref\8.0.22\ref\net8.0\Microsoft.AspNetCore.DataProtection.Abstractions.dll" /reference:"C:\Program Files\dotnet\packs\Microsoft.AspNetCore.App.Ref\8.0.22\ref\net8.0\Microsoft.AspNetCore.DataProtection.dll" /reference:"C:\Program Files\dotnet\packs\Microsoft.AspNetCore.App.Ref\8.0.22\ref\net8.0\Microsoft.AspNetCore.DataProtection.Extensions.dll" /reference:"C:\Program Files\dotnet\packs\Microsoft.AspNetCore.App.Ref\8.0.22\ref\net8.0\Microsoft.AspNetCore.Diagnostics.Abstractions.dll" /reference:"C:\Program Files\dotnet\packs\Microsoft.AspNetCore.App.Ref\8.0.22\ref\net8.0\Microsoft.AspNetCore.Diagnostics.dll" /reference:"C:\Program Files\dotnet\packs\Microsoft.AspNetCore.App.Ref\8.0.22\ref\net8.0\Microsoft.AspNetCore.Diagnostics.HealthChecks.dll" /reference:"C:\Program Files\dotnet\packs\Microsoft.AspNetCore.App.Ref\8.0.22\ref\net8.0\Microsoft.AspNetCore.dll" /reference:"C:\Program Files\dotnet\packs\Microsoft.AspNetCore.App.Ref\8.0.22\ref\net8.0\Microsoft.AspNetCore.HostFiltering.dll" /reference:"C:\Program Files\dotnet\packs\Microsoft.AspNetCore.App.Ref\8.0.22\ref\net8.0\Microsoft.AspNetCore.Hosting.Abstractions.dll" /reference:"C:\Program Files\dotnet\packs\Microsoft.AspNetCore.App.Ref\8.0.22\ref\net8.0\Microsoft.AspNetCore.Hosting.dll" /reference:"C:\Program Files\dotnet\packs\Microsoft.AspNetCore.App.Ref\8.0.22\ref\net8.0\Microsoft.AspNetCore.Hosting.Server.Abstractions.dll" /reference:"C:\Program Files\dotnet\packs\Microsoft.AspNetCore.App.Ref\8.0.22\ref\net8.0\Microsoft.AspNetCore.Html.Abstractions.dll" /reference:"C:\Program Files\dotnet\packs\Microsoft.AspNetCore.App.Ref\8.0.22\ref\net8.0\Microsoft.AspNetCore.Http.Abstractions.dll" /reference:"C:\Program Files\dotnet\packs\Microsoft.AspNetCore.App.Ref\8.0.22\ref\net8.0\Microsoft.AspNetCore.Http.Connections.Common.dll" /reference:"C:\Program Files\dotnet\packs\Microsoft.AspNetCore.App.Ref\8.0.22\ref\net8.0\Microsoft.AspNetCore.Http.Connections.dll" /reference:"C:\Program Files\dotnet\packs\Microsoft.AspNetCore.App.Ref\8.0.22\ref\net8.0\Microsoft.AspNetCore.Http.dll" /reference:"C:\Program Files\dotnet\packs\Microsoft.AspNetCore.App.Ref\8.0.22\ref\net8.0\Microsoft.AspNetCore.Http.Extensions.dll" /reference:"C:\Program Files\dotnet\packs\Microsoft.AspNetCore.App.Ref\8.0.22\ref\net8.0\Microsoft.AspNetCore.Http.Features.dll" /reference:"C:\Program Files\dotnet\packs\Microsoft.AspNetCore.App.Ref\8.0.22\ref\net8.0\Microsoft.AspNetCore.Http.Results.dll" /reference:"C:\Program Files\dotnet\packs\Microsoft.AspNetCore.App.Ref\8.0.22\ref\net8.0\Microsoft.AspNetCore.HttpLogging.dll" /reference:"C:\Program Files\dotnet\packs\Microsoft.AspNetCore.App.Ref\8.0.22\ref\net8.0\Microsoft.AspNetCore.HttpOverrides.dll" /reference:"C:\Program Files\dotnet\packs\Microsoft.AspNetCore.App.Ref\8.0.22\ref\net8.0\Microsoft.AspNetCore.HttpsPolicy.dll" /reference:"C:\Program Files\dotnet\packs\Microsoft.AspNetCore.App.Ref\8.0.22\ref\net8.0\Microsoft.AspNetCore.Identity.dll" /reference:"C:\Program Files\dotnet\packs\Microsoft.AspNetCore.App.Ref\8.0.22\ref\net8.0\Microsoft.AspNetCore.Localization.dll" /reference:"C:\Program Files\dotnet\packs\Microsoft.AspNetCore.App.Ref\8.0.22\ref\net8.0\Microsoft.AspNetCore.Localization.Routing.dll" /reference:"C:\Program Files\dotnet\packs\Microsoft.AspNetCore.App.Ref\8.0.22\ref\net8.0\Microsoft.AspNetCore.Metadata.dll" /reference:"C:\Program Files\dotnet\packs\Microsoft.AspNetCore.App.Ref\8.0.22\ref\net8.0\Microsoft.AspNetCore.Mvc.Abstractions.dll" /reference:"C:\Program Files\dotnet\packs\Microsoft.AspNetCore.App.Ref\8.0.22\ref\net8.0\Microsoft.AspNetCore.Mvc.ApiExplorer.dll" /reference:"C:\Program Files\dotnet\packs\Microsoft.AspNetCore.App.Ref\8.0.22\ref\net8.0\Microsoft.AspNetCore.Mvc.Core.dll" /reference:"C:\Program Files\dotnet\packs\Microsoft.AspNetCore.App.Ref\8.0.22\ref\net8.0\Microsoft.AspNetCore.Mvc.Cors.dll" /reference:"C:\Program Files\dotnet\packs\Microsoft.AspNetCore.App.Ref\8.0.22\ref\net8.0\Microsoft.AspNetCore.Mvc.DataAnnotations.dll" /reference:"C:\Program Files\dotnet\packs\Microsoft.AspNetCore.App.Ref\8.0.22\ref\net8.0\Microsoft.AspNetCore.Mvc.dll" /reference:"C:\Program Files\dotnet\packs\Microsoft.AspNetCore.App.Ref\8.0.22\ref\net8.0\Microsoft.AspNetCore.Mvc.Formatters.Json.dll" /reference:"C:\Program Files\dotnet\packs\Microsoft.AspNetCore.App.Ref\8.0.22\ref\net8.0\Microsoft.AspNetCore.Mvc.Formatters.Xml.dll" /reference:"C:\Program Files\dotnet\packs\Microsoft.AspNetCore.App.Ref\8.0.22\ref\net8.0\Microsoft.AspNetCore.Mvc.Localization.dll" /reference:"C:\Program Files\dotnet\packs\Microsoft.AspNetCore.App.Ref\8.0.22\ref\net8.0\Microsoft.AspNetCore.Mvc.Razor.dll" /reference:"C:\Program Files\dotnet\packs\Microsoft.AspNetCore.App.Ref\8.0.22\ref\net8.0\Microsoft.AspNetCore.Mvc.RazorPages.dll" /reference:"C:\Program Files\dotnet\packs\Microsoft.AspNetCore.App.Ref\8.0.22\ref\net8.0\Microsoft.AspNetCore.Mvc.TagHelpers.dll" /reference:C:\Users\Niroshana\.nuget\packages\microsoft.aspnetcore.mvc.testing\8.0.19\lib\net8.0\Microsoft.AspNetCore.Mvc.Testing.dll /reference:"C:\Program Files\dotnet\packs\Microsoft.AspNetCore.App.Ref\8.0.22\ref\net8.0\Microsoft.AspNetCore.Mvc.ViewFeatures.dll" /reference:"C:\Program Files\dotnet\packs\Microsoft.AspNetCore.App.Ref\8.0.22\ref\net8.0\Microsoft.AspNetCore.OutputCaching.dll" /reference:"C:\Program Files\dotnet\packs\Microsoft.AspNetCore.App.Ref\8.0.22\ref\net8.0\Microsoft.AspNetCore.RateLimiting.dll" /reference:"C:\Program Files\dotnet\packs\Microsoft.AspNetCore.App.Ref\8.0.22\ref\net8.0\Microsoft.AspNetCore.Razor.dll" /reference:"C:\Program Files\dotnet\packs\Microsoft.AspNetCore.App.Ref\8.0.22\ref\net8.0\Microsoft.AspNetCore.Razor.Runtime.dll" /reference:"C:\Program Files\dotnet\packs\Microsoft.AspNetCore.App.Ref\8.0.22\ref\net8.0\Microsoft.AspNetCore.RequestDecompression.dll" /reference:"C:\Program Files\dotnet\packs\Microsoft.AspNetCore.App.Ref\8.0.22\ref\net8.0\Microsoft.AspNetCore.ResponseCaching.Abstractions.dll" /reference:"C:\Program Files\dotnet\packs\Microsoft.AspNetCore.App.Ref\8.0.22\ref\net8.0\Microsoft.AspNetCore.ResponseCaching.dll" /reference:"C:\Program Files\dotnet\packs\Microsoft.AspNetCore.App.Ref\8.0.22\ref\net8.0\Microsoft.AspNetCore.ResponseCompression.dll" /reference:"C:\Program Files\dotnet\packs\Microsoft.AspNetCore.App.Ref\8.0.22\ref\net8.0\Microsoft.AspNetCore.Rewrite.dll" /reference:"C:\Program Files\dotnet\packs\Microsoft.AspNetCore.App.Ref\8.0.22\ref\net8.0\Microsoft.AspNetCore.Routing.Abstractions.dll" /reference:"C:\Program Files\dotnet\packs\Microsoft.AspNetCore.App.Ref\8.0.22\ref\net8.0\Microsoft.AspNetCore.Routing.dll" /reference:"C:\Program Files\dotnet\packs\Microsoft.AspNetCore.App.Ref\8.0.22\ref\net8.0\Microsoft.AspNetCore.Server.HttpSys.dll" /reference:"C:\Program Files\dotnet\packs\Microsoft.AspNetCore.App.Ref\8.0.22\ref\net8.0\Microsoft.AspNetCore.Server.IIS.dll" /reference:"C:\Program Files\dotnet\packs\Microsoft.AspNetCore.App.Ref\8.0.22\ref\net8.0\Microsoft.AspNetCore.Server.IISIntegration.dll" /reference:"C:\Program Files\dotnet\packs\Microsoft.AspNetCore.App.Ref\8.0.22\ref\net8.0\Microsoft.AspNetCore.Server.Kestrel.Core.dll" /reference:"C:\Program Files\dotnet\packs\Microsoft.AspNetCore.App.Ref\8.0.22\ref\net8.0\Microsoft.AspNetCore.Server.Kestrel.dll" /reference:"C:\Program Files\dotnet\packs\Microsoft.AspNetCore.App.Ref\8.0.22\ref\net8.0\Microsoft.AspNetCore.Server.Kestrel.Transport.NamedPipes.dll" /reference:"C:\Program Files\dotnet\packs\Microsoft.AspNetCore.App.Ref\8.0.22\ref\net8.0\Microsoft.AspNetCore.Server.Kestrel.Transport.Quic.dll" /reference:"C:\Program Files\dotnet\packs\Microsoft.AspNetCore.App.Ref\8.0.22\ref\net8.0\Microsoft.AspNetCore.Server.Kestrel.Transport.Sockets.dll" /reference:"C:\Program Files\dotnet\packs\Microsoft.AspNetCore.App.Ref\8.0.22\ref\net8.0\Microsoft.AspNetCore.Session.dll" /reference:"C:\Program Files\dotnet\packs\Microsoft.AspNetCore.App.Ref\8.0.22\ref\net8.0\Microsoft.AspNetCore.SignalR.Common.dll" /reference:"C:\Program Files\dotnet\packs\Microsoft.AspNetCore.App.Ref\8.0.22\ref\net8.0\Microsoft.AspNetCore.SignalR.Core.dll" /reference:"C:\Program Files\dotnet\packs\Microsoft.AspNetCore.App.Ref\8.0.22\ref\net8.0\Microsoft.AspNetCore.SignalR.dll" /reference:"C:\Program Files\dotnet\packs\Microsoft.AspNetCore.App.Ref\8.0.22\ref\net8.0\Microsoft.AspNetCore.SignalR.Protocols.Json.dll" /reference:"C:\Program Files\dotnet\packs\Microsoft.AspNetCore.App.Ref\8.0.22\ref\net8.0\Microsoft.AspNetCore.StaticFiles.dll" /reference:C:\Users\Niroshana\.nuget\packages\microsoft.aspnetcore.testhost\8.0.19\lib\net8.0\Microsoft.AspNetCore.TestHost.dll /reference:"C:\Program Files\dotnet\packs\Microsoft.AspNetCore.App.Ref\8.0.22\ref\net8.0\Microsoft.AspNetCore.WebSockets.dll" /reference:"C:\Program Files\dotnet\packs\Microsoft.AspNetCore.App.Ref\8.0.22\ref\net8.0\Microsoft.AspNetCore.WebUtilities.dll" /reference:C:\Users\Niroshana\.nuget\packages\microsoft.bcl.asyncinterfaces\8.0.0\lib\netstandard2.1\Microsoft.Bcl.AsyncInterfaces.dll /reference:C:\Users\Niroshana\.nuget\packages\microsoft.bcl.memory\9.0.0\lib\net8.0\Microsoft.Bcl.Memory.dll /reference:C:\Users\Niroshana\.nuget\packages\microsoft.codeanalysis.csharp\4.5.0\lib\netcoreapp3.1\Microsoft.CodeAnalysis.CSharp.dll /reference:C:\Users\Niroshana\.nuget\packages\microsoft.codeanalysis.csharp.workspaces\4.5.0\lib\netcoreapp3.1\Microsoft.CodeAnalysis.CSharp.Workspaces.dll /reference:C:\Users\Niroshana\.nuget\packages\microsoft.codeanalysis.common\4.5.0\lib\netcoreapp3.1\Microsoft.CodeAnalysis.dll /reference:C:\Users\Niroshana\.nuget\packages\microsoft.codeanalysis.workspaces.common\4.5.0\lib\netcoreapp3.1\Microsoft.CodeAnalysis.Workspaces.dll /reference:"C:\Program Files\dotnet\packs\Microsoft.NETCore.App.Ref\8.0.22\ref\net8.0\Microsoft.CSharp.dll" /reference:C:\Users\Niroshana\.nuget\packages\microsoft.entityframeworkcore.abstractions\8.0.19\lib\net8.0\Microsoft.EntityFrameworkCore.Abstractions.dll /reference:C:\Users\Niroshana\.nuget\packages\microsoft.entityframeworkcore.design\8.0.19\lib\net8.0\Microsoft.EntityFrameworkCore.Design.dll /reference:C:\Users\Niroshana\.nuget\packages\microsoft.entityframeworkcore\8.0.19\lib\net8.0\Microsoft.EntityFrameworkCore.dll /reference:C:\Users\Niroshana\.nuget\packages\microsoft.entityframeworkcore.inmemory\8.0.19\lib\net8.0\Microsoft.EntityFrameworkCore.InMemory.dll /reference:C:\Users\Niroshana\.nuget\packages\microsoft.entityframeworkcore.relational\8.0.19\lib\net8.0\Microsoft.EntityFrameworkCore.Relational.dll /reference:"C:\Program Files\dotnet\packs\Microsoft.AspNetCore.App.Ref\8.0.22\ref\net8.0\Microsoft.Extensions.Caching.Abstractions.dll" /reference:"C:\Program Files\dotnet\packs\Microsoft.AspNetCore.App.Ref\8.0.22\ref\net8.0\Microsoft.Extensions.Caching.Memory.dll" /reference:C:\Users\Niroshana\.nuget\packages\microsoft.extensions.caching.stackexchangeredis\8.0.19\lib\net8.0\Microsoft.Extensions.Caching.StackExchangeRedis.dll /reference:"C:\Program Files\dotnet\packs\Microsoft.AspNetCore.App.Ref\8.0.22\ref\net8.0\Microsoft.Extensions.Configuration.Abstractions.dll" /reference:"C:\Program Files\dotnet\packs\Microsoft.AspNetCore.App.Ref\8.0.22\ref\net8.0\Microsoft.Extensions.Configuration.Binder.dll" /reference:"C:\Program Files\dotnet\packs\Microsoft.AspNetCore.App.Ref\8.0.22\ref\net8.0\Microsoft.Extensions.Configuration.CommandLine.dll" /reference:"C:\Program Files\dotnet\packs\Microsoft.AspNetCore.App.Ref\8.0.22\ref\net8.0\Microsoft.Extensions.Configuration.dll" /reference:"C:\Program Files\dotnet\packs\Microsoft.AspNetCore.App.Ref\8.0.22\ref\net8.0\Microsoft.Extensions.Configuration.EnvironmentVariables.dll" /reference:"C:\Program Files\dotnet\packs\Microsoft.AspNetCore.App.Ref\8.0.22\ref\net8.0\Microsoft.Extensions.Configuration.FileExtensions.dll" /reference:"C:\Program Files\dotnet\packs\Microsoft.AspNetCore.App.Ref\8.0.22\ref\net8.0\Microsoft.Extensions.Configuration.Ini.dll" /reference:"C:\Program Files\dotnet\packs\Microsoft.AspNetCore.App.Ref\8.0.22\ref\net8.0\Microsoft.Extensions.Configuration.Json.dll" /reference:"C:\Program Files\dotnet\packs\Microsoft.AspNetCore.App.Ref\8.0.22\ref\net8.0\Microsoft.Extensions.Configuration.KeyPerFile.dll" /reference:"C:\Program Files\dotnet\packs\Microsoft.AspNetCore.App.Ref\8.0.22\ref\net8.0\Microsoft.Extensions.Configuration.UserSecrets.dll" /reference:"C:\Program Files\dotnet\packs\Microsoft.AspNetCore.App.Ref\8.0.22\ref\net8.0\Microsoft.Extensions.Configuration.Xml.dll" /reference:"C:\Program Files\dotnet\packs\Microsoft.AspNetCore.App.Ref\8.0.22\ref\net8.0\Microsoft.Extensions.DependencyInjection.Abstractions.dll" /reference:"C:\Program Files\dotnet\packs\Microsoft.AspNetCore.App.Ref\8.0.22\ref\net8.0\Microsoft.Extensions.DependencyInjection.dll" /reference:C:\Users\Niroshana\.nuget\packages\microsoft.extensions.dependencymodel\8.0.2\lib\net8.0\Microsoft.Extensions.DependencyModel.dll /reference:"C:\Program Files\dotnet\packs\Microsoft.AspNetCore.App.Ref\8.0.22\ref\net8.0\Microsoft.Extensions.Diagnostics.Abstractions.dll" /reference:"C:\Program Files\dotnet\packs\Microsoft.AspNetCore.App.Ref\8.0.22\ref\net8.0\Microsoft.Extensions.Diagnostics.dll" /reference:"C:\Program Files\dotnet\packs\Microsoft.AspNetCore.App.Ref\8.0.22\ref\net8.0\Microsoft.Extensions.Diagnostics.HealthChecks.Abstractions.dll" /reference:"C:\Program Files\dotnet\packs\Microsoft.AspNetCore.App.Ref\8.0.22\ref\net8.0\Microsoft.Extensions.Diagnostics.HealthChecks.dll" /reference:"C:\Program Files\dotnet\packs\Microsoft.AspNetCore.App.Ref\8.0.22\ref\net8.0\Microsoft.Extensions.Features.dll" /reference:"C:\Program Files\dotnet\packs\Microsoft.AspNetCore.App.Ref\8.0.22\ref\net8.0\Microsoft.Extensions.FileProviders.Abstractions.dll" /reference:"C:\Program Files\dotnet\packs\Microsoft.AspNetCore.App.Ref\8.0.22\ref\net8.0\Microsoft.Extensions.FileProviders.Composite.dll" /reference:"C:\Program Files\dotnet\packs\Microsoft.AspNetCore.App.Ref\8.0.22\ref\net8.0\Microsoft.Extensions.FileProviders.Embedded.dll" /reference:"C:\Program Files\dotnet\packs\Microsoft.AspNetCore.App.Ref\8.0.22\ref\net8.0\Microsoft.Extensions.FileProviders.Physical.dll" /reference:"C:\Program Files\dotnet\packs\Microsoft.AspNetCore.App.Ref\8.0.22\ref\net8.0\Microsoft.Extensions.FileSystemGlobbing.dll" /reference:"C:\Program Files\dotnet\packs\Microsoft.AspNetCore.App.Ref\8.0.22\ref\net8.0\Microsoft.Extensions.Hosting.Abstractions.dll" /reference:"C:\Program Files\dotnet\packs\Microsoft.AspNetCore.App.Ref\8.0.22\ref\net8.0\Microsoft.Extensions.Hosting.dll" /reference:"C:\Program Files\dotnet\packs\Microsoft.AspNetCore.App.Ref\8.0.22\ref\net8.0\Microsoft.Extensions.Http.dll" /reference:"C:\Program Files\dotnet\packs\Microsoft.AspNetCore.App.Ref\8.0.22\ref\net8.0\Microsoft.Extensions.Identity.Core.dll" /reference:"C:\Program Files\dotnet\packs\Microsoft.AspNetCore.App.Ref\8.0.22\ref\net8.0\Microsoft.Extensions.Identity.Stores.dll" /reference:"C:\Program Files\dotnet\packs\Microsoft.AspNetCore.App.Ref\8.0.22\ref\net8.0\Microsoft.Extensions.Localization.Abstractions.dll" /reference:"C:\Program Files\dotnet\packs\Microsoft.AspNetCore.App.Ref\8.0.22\ref\net8.0\Microsoft.Extensions.Localization.dll" /reference:"C:\Program Files\dotnet\packs\Microsoft.AspNetCore.App.Ref\8.0.22\ref\net8.0\Microsoft.Extensions.Logging.Abstractions.dll" /reference:C:\Users\Niroshana\.nuget\packages\microsoft.extensions.logging.applicationinsights\2.22.0\lib\netstandard2.0\Microsoft.Extensions.Logging.ApplicationInsights.dll /reference:"C:\Program Files\dotnet\packs\Microsoft.AspNetCore.App.Ref\8.0.22\ref\net8.0\Microsoft.Extensions.Logging.Configuration.dll" /reference:"C:\Program Files\dotnet\packs\Microsoft.AspNetCore.App.Ref\8.0.22\ref\net8.0\Microsoft.Extensions.Logging.Console.dll" /reference:"C:\Program Files\dotnet\packs\Microsoft.AspNetCore.App.Ref\8.0.22\ref\net8.0\Microsoft.Extensions.Logging.Debug.dll" /reference:"C:\Program Files\dotnet\packs\Microsoft.AspNetCore.App.Ref\8.0.22\ref\net8.0\Microsoft.Extensions.Logging.dll" /reference:"C:\Program Files\dotnet\packs\Microsoft.AspNetCore.App.Ref\8.0.22\ref\net8.0\Microsoft.Extensions.Logging.EventLog.dll" /reference:"C:\Program Files\dotnet\packs\Microsoft.AspNetCore.App.Ref\8.0.22\ref\net8.0\Microsoft.Extensions.Logging.EventSource.dll" /reference:"C:\Program Files\dotnet\packs\Microsoft.AspNetCore.App.Ref\8.0.22\ref\net8.0\Microsoft.Extensions.Logging.TraceSource.dll" /reference:"C:\Program Files\dotnet\packs\Microsoft.AspNetCore.App.Ref\8.0.22\ref\net8.0\Microsoft.Extensions.ObjectPool.dll" /reference:"C:\Program Files\dotnet\packs\Microsoft.AspNetCore.App.Ref\8.0.22\ref\net8.0\Microsoft.Extensions.Options.ConfigurationExtensions.dll" /reference:"C:\Program Files\dotnet\packs\Microsoft.AspNetCore.App.Ref\8.0.22\ref\net8.0\Microsoft.Extensions.Options.DataAnnotations.dll" /reference:"C:\Program Files\dotnet\packs\Microsoft.AspNetCore.App.Ref\8.0.22\ref\net8.0\Microsoft.Extensions.Options.dll" /reference:"C:\Program Files\dotnet\packs\Microsoft.AspNetCore.App.Ref\8.0.22\ref\net8.0\Microsoft.Extensions.Primitives.dll" /reference:"C:\Program Files\dotnet\packs\Microsoft.AspNetCore.App.Ref\8.0.22\ref\net8.0\Microsoft.Extensions.WebEncoders.dll" /reference:C:\Users\Niroshana\.nuget\packages\microsoft.identity.abstractions\9.0.0\lib\net8.0\Microsoft.Identity.Abstractions.dll /reference:C:\Users\Niroshana\.nuget\packages\microsoft.identity.client\4.70.0\lib\net8.0\Microsoft.Identity.Client.dll /reference:C:\Users\Niroshana\.nuget\packages\microsoft.identity.client.extensions.msal\4.61.3\lib\net6.0\Microsoft.Identity.Client.Extensions.Msal.dll /reference:C:\Users\Niroshana\.nuget\packages\microsoft.identity.web.certificate\3.8.2\lib\net8.0\Microsoft.Identity.Web.Certificate.dll /reference:C:\Users\Niroshana\.nuget\packages\microsoft.identity.web.certificateless\3.8.2\lib\netstandard2.0\Microsoft.Identity.Web.Certificateless.dll /reference:C:\Users\Niroshana\.nuget\packages\microsoft.identity.web.diagnostics\3.8.2\lib\net8.0\Microsoft.Identity.Web.Diagnostics.dll /reference:C:\Users\Niroshana\.nuget\packages\microsoft.identity.web\3.8.2\lib\net8.0\Microsoft.Identity.Web.dll /reference:C:\Users\Niroshana\.nuget\packages\microsoft.identity.web.tokenacquisition\3.8.2\lib\net8.0\Microsoft.Identity.Web.TokenAcquisition.dll /reference:C:\Users\Niroshana\.nuget\packages\microsoft.identity.web.tokencache\3.8.2\lib\net8.0\Microsoft.Identity.Web.TokenCache.dll /reference:C:\Users\Niroshana\.nuget\packages\microsoft.identitymodel.abstractions\8.7.0\lib\net8.0\Microsoft.IdentityModel.Abstractions.dll /reference:C:\Users\Niroshana\.nuget\packages\microsoft.identitymodel.jsonwebtokens\8.7.0\lib\net8.0\Microsoft.IdentityModel.JsonWebTokens.dll /reference:C:\Users\Niroshana\.nuget\packages\microsoft.identitymodel.logging\8.7.0\lib\net8.0\Microsoft.IdentityModel.Logging.dll /reference:C:\Users\Niroshana\.nuget\packages\microsoft.identitymodel.loggingextensions\8.7.0\lib\netstandard2.0\Microsoft.IdentityModel.LoggingExtensions.dll /reference:C:\Users\Niroshana\.nuget\packages\microsoft.identitymodel.protocols\8.7.0\lib\net8.0\Microsoft.IdentityModel.Protocols.dll /reference:C:\Users\Niroshana\.nuget\packages\microsoft.identitymodel.protocols.openidconnect\8.7.0\lib\net8.0\Microsoft.IdentityModel.Protocols.OpenIdConnect.dll /reference:C:\Users\Niroshana\.nuget\packages\microsoft.identitymodel.tokens\8.7.0\lib\net8.0\Microsoft.IdentityModel.Tokens.dll /reference:C:\Users\Niroshana\.nuget\packages\microsoft.identitymodel.validators\8.7.0\lib\net8.0\Microsoft.IdentityModel.Validators.dll /reference:"C:\Program Files\dotnet\packs\Microsoft.AspNetCore.App.Ref\8.0.22\ref\net8.0\Microsoft.JSInterop.dll" /reference:"C:\Program Files\dotnet\packs\Microsoft.AspNetCore.App.Ref\8.0.22\ref\net8.0\Microsoft.Net.Http.Headers.dll" /reference:C:\Users\Niroshana\.nuget\packages\microsoft.testplatform.testhost\17.12.0\lib\netcoreapp3.1\Microsoft.TestPlatform.CommunicationUtilities.dll /reference:C:\Users\Niroshana\.nuget\packages\microsoft.testplatform.testhost\17.12.0\lib\netcoreapp3.1\Microsoft.TestPlatform.CoreUtilities.dll /reference:C:\Users\Niroshana\.nuget\packages\microsoft.testplatform.testhost\17.12.0\lib\netcoreapp3.1\Microsoft.TestPlatform.CrossPlatEngine.dll /reference:C:\Users\Niroshana\.nuget\packages\microsoft.testplatform.testhost\17.12.0\lib\netcoreapp3.1\Microsoft.TestPlatform.PlatformAbstractions.dll /reference:C:\Users\Niroshana\.nuget\packages\microsoft.testplatform.testhost\17.12.0\lib\netcoreapp3.1\Microsoft.TestPlatform.Utilities.dll /reference:"C:\Program Files\dotnet\packs\Microsoft.NETCore.App.Ref\8.0.22\ref\net8.0\Microsoft.VisualBasic.Core.dll" /reference:"C:\Program Files\dotnet\packs\Microsoft.NETCore.App.Ref\8.0.22\ref\net8.0\Microsoft.VisualBasic.dll" /reference:C:\Users\Niroshana\.nuget\packages\microsoft.codecoverage\17.12.0\lib\netcoreapp3.1\Microsoft.VisualStudio.CodeCoverage.Shim.dll /reference:C:\Users\Niroshana\.nuget\packages\microsoft.testplatform.testhost\17.12.0\lib\netcoreapp3.1\Microsoft.VisualStudio.TestPlatform.Common.dll /reference:C:\Users\Niroshana\.nuget\packages\microsoft.testplatform.testhost\17.12.0\lib\netcoreapp3.1\Microsoft.VisualStudio.TestPlatform.ObjectModel.dll /reference:"C:\Program Files\dotnet\packs\Microsoft.NETCore.App.Ref\8.0.22\ref\net8.0\Microsoft.Win32.Primitives.dll" /reference:"C:\Program Files\dotnet\packs\Microsoft.NETCore.App.Ref\8.0.22\ref\net8.0\Microsoft.Win32.Registry.dll" /reference:C:\Users\Niroshana\.nuget\packages\mimekit\4.8.0\lib\net8.0\MimeKit.dll /reference:C:\Users\Niroshana\.nuget\packages\mono.texttemplating\2.2.1\lib\netstandard2.0\Mono.TextTemplating.dll /reference:C:\Users\Niroshana\.nuget\packages\moq\4.20.72\lib\net6.0\Moq.dll /reference:"C:\Program Files\dotnet\packs\Microsoft.NETCore.App.Ref\8.0.22\ref\net8.0\mscorlib.dll" /reference:"C:\Program Files\dotnet\packs\Microsoft.NETCore.App.Ref\8.0.22\ref\net8.0\netstandard.dll" /reference:C:\Users\Niroshana\.nuget\packages\nettopologysuite\2.6.0\lib\netstandard2.1\NetTopologySuite.dll /reference:C:\Users\Niroshana\.nuget\packages\nettopologysuite.io.postgis\2.1.0\lib\netstandard2.1\NetTopologySuite.IO.PostGis.dll /reference:C:\Users\Niroshana\.nuget\packages\newtonsoft.json\13.0.3\lib\net6.0\Newtonsoft.Json.dll /reference:C:\Users\Niroshana\.nuget\packages\npgsql\8.0.6\lib\net8.0\Npgsql.dll /reference:C:\Users\Niroshana\.nuget\packages\npgsql.entityframeworkcore.postgresql\8.0.11\lib\net8.0\Npgsql.EntityFrameworkCore.PostgreSQL.dll /reference:C:\Users\Niroshana\.nuget\packages\npgsql.entityframeworkcore.postgresql.nettopologysuite\8.0.11\lib\net8.0\Npgsql.EntityFrameworkCore.PostgreSQL.NetTopologySuite.dll /reference:C:\Users\Niroshana\.nuget\packages\npgsql.nettopologysuite\8.0.6\lib\netstandard2.0\Npgsql.NetTopologySuite.dll /reference:C:\Users\Niroshana\.nuget\packages\pipelines.sockets.unofficial\2.2.8\lib\net5.0\Pipelines.Sockets.Unofficial.dll /reference:C:\Users\Niroshana\.nuget\packages\qrcoder\1.6.0\lib\net6.0\QRCoder.dll /reference:C:\Users\Niroshana\.nuget\packages\questpdf\2024.10.2\lib\net8.0\QuestPDF.dll /reference:C:\Users\Niroshana\.nuget\packages\ssh.net\2023.0.0\lib\net7.0\Renci.SshNet.dll /reference:C:\Users\Niroshana\.nuget\packages\serilog\4.1.0\lib\net8.0\Serilog.dll /reference:C:\Users\Niroshana\.nuget\packages\serilog.extensions.logging\8.0.0\lib\net8.0\Serilog.Extensions.Logging.dll /reference:C:\Users\Niroshana\.nuget\packages\serilog.sinks.console\6.0.0\lib\net8.0\Serilog.Sinks.Console.dll /reference:C:\Users\Niroshana\.nuget\packages\serilog.sinks.inmemory\0.14.0\lib\netstandard2.1\Serilog.Sinks.InMemory.dll /reference:C:\Users\Niroshana\.nuget\packages\sixlabors.fonts\1.0.0\lib\netcoreapp3.1\SixLabors.Fonts.dll /reference:C:\Users\Niroshana\.nuget\packages\sshnet.security.cryptography\1.3.0\lib\netstandard2.0\SshNet.Security.Cryptography.dll /reference:C:\Users\Niroshana\.nuget\packages\stackexchange.redis\2.8.16\lib\net6.0\StackExchange.Redis.dll /reference:C:\Users\Niroshana\.nuget\packages\stripe.net\47.4.0\lib\net8.0\Stripe.net.dll /reference:"C:\Program Files\dotnet\packs\Microsoft.NETCore.App.Ref\8.0.22\ref\net8.0\System.AppContext.dll" /reference:"C:\Program Files\dotnet\packs\Microsoft.NETCore.App.Ref\8.0.22\ref\net8.0\System.Buffers.dll" /reference:C:\Users\Niroshana\.nuget\packages\system.clientmodel\1.7.0\lib\net8.0\System.ClientModel.dll /reference:C:\Users\Niroshana\.nuget\packages\system.codedom\4.4.0\ref\netstandard2.0\System.CodeDom.dll /reference:"C:\Program Files\dotnet\packs\Microsoft.NETCore.App.Ref\8.0.22\ref\net8.0\System.Collections.Concurrent.dll" /reference:"C:\Program Files\dotnet\packs\Microsoft.NETCore.App.Ref\8.0.22\ref\net8.0\System.Collections.dll" /reference:"C:\Program Files\dotnet\packs\Microsoft.NETCore.App.Ref\8.0.22\ref\net8.0\System.Collections.Immutable.dll" /reference:"C:\Program Files\dotnet\packs\Microsoft.NETCore.App.Ref\8.0.22\ref\net8.0\System.Collections.NonGeneric.dll" /reference:"C:\Program Files\dotnet\packs\Microsoft.NETCore.App.Ref\8.0.22\ref\net8.0\System.Collections.Specialized.dll" /reference:"C:\Program Files\dotnet\packs\Microsoft.NETCore.App.Ref\8.0.22\ref\net8.0\System.ComponentModel.Annotations.dll" /reference:"C:\Program Files\dotnet\packs\Microsoft.NETCore.App.Ref\8.0.22\ref\net8.0\System.ComponentModel.DataAnnotations.dll" /reference:"C:\Program Files\dotnet\packs\Microsoft.NETCore.App.Ref\8.0.22\ref\net8.0\System.ComponentModel.dll" /reference:"C:\Program Files\dotnet\packs\Microsoft.NETCore.App.Ref\8.0.22\ref\net8.0\System.ComponentModel.EventBasedAsync.dll" /reference:"C:\Program Files\dotnet\packs\Microsoft.NETCore.App.Ref\8.0.22\ref\net8.0\System.ComponentModel.Primitives.dll" /reference:"C:\Program Files\dotnet\packs\Microsoft.NETCore.App.Ref\8.0.22\ref\net8.0\System.ComponentModel.TypeConverter.dll" /reference:C:\Users\Niroshana\.nuget\packages\system.composition.attributedmodel\6.0.0\lib\net6.0\System.Composition.AttributedModel.dll /reference:C:\Users\Niroshana\.nuget\packages\system.composition.convention\6.0.0\lib\net6.0\System.Composition.Convention.dll /reference:C:\Users\Niroshana\.nuget\packages\system.composition.hosting\6.0.0\lib\net6.0\System.Composition.Hosting.dll /reference:C:\Users\Niroshana\.nuget\packages\system.composition.runtime\6.0.0\lib\net6.0\System.Composition.Runtime.dll /reference:C:\Users\Niroshana\.nuget\packages\system.composition.typedparts\6.0.0\lib\net6.0\System.Composition.TypedParts.dll /reference:C:\Users\Niroshana\.nuget\packages\system.configuration.configurationmanager\8.0.0\lib\net8.0\System.Configuration.ConfigurationManager.dll /reference:"C:\Program Files\dotnet\packs\Microsoft.NETCore.App.Ref\8.0.22\ref\net8.0\System.Configuration.dll" /reference:"C:\Program Files\dotnet\packs\Microsoft.NETCore.App.Ref\8.0.22\ref\net8.0\System.Console.dll" /reference:"C:\Program Files\dotnet\packs\Microsoft.NETCore.App.Ref\8.0.22\ref\net8.0\System.Core.dll" /reference:"C:\Program Files\dotnet\packs\Microsoft.NETCore.App.Ref\8.0.22\ref\net8.0\System.Data.Common.dll" /reference:"C:\Program Files\dotnet\packs\Microsoft.NETCore.App.Ref\8.0.22\ref\net8.0\System.Data.DataSetExtensions.dll" /reference:"C:\Program Files\dotnet\packs\Microsoft.NETCore.App.Ref\8.0.22\ref\net8.0\System.Data.dll" /reference:"C:\Program Files\dotnet\packs\Microsoft.NETCore.App.Ref\8.0.22\ref\net8.0\System.Diagnostics.Contracts.dll" /reference:"C:\Program Files\dotnet\packs\Microsoft.NETCore.App.Ref\8.0.22\ref\net8.0\System.Diagnostics.Debug.dll" /reference:"C:\Program Files\dotnet\packs\Microsoft.NETCore.App.Ref\8.0.22\ref\net8.0\System.Diagnostics.DiagnosticSource.dll" /reference:"C:\Program Files\dotnet\packs\Microsoft.AspNetCore.App.Ref\8.0.22\ref\net8.0\System.Diagnostics.EventLog.dll" /reference:"C:\Program Files\dotnet\packs\Microsoft.NETCore.App.Ref\8.0.22\ref\net8.0\System.Diagnostics.FileVersionInfo.dll" /reference:C:\Users\Niroshana\.nuget\packages\system.diagnostics.performancecounter\6.0.0\lib\net6.0\System.Diagnostics.PerformanceCounter.dll /reference:"C:\Program Files\dotnet\packs\Microsoft.NETCore.App.Ref\8.0.22\ref\net8.0\System.Diagnostics.Process.dll" /reference:"C:\Program Files\dotnet\packs\Microsoft.NETCore.App.Ref\8.0.22\ref\net8.0\System.Diagnostics.StackTrace.dll" /reference:"C:\Program Files\dotnet\packs\Microsoft.NETCore.App.Ref\8.0.22\ref\net8.0\System.Diagnostics.TextWriterTraceListener.dll" /reference:"C:\Program Files\dotnet\packs\Microsoft.NETCore.App.Ref\8.0.22\ref\net8.0\System.Diagnostics.Tools.dll" /reference:"C:\Program Files\dotnet\packs\Microsoft.NETCore.App.Ref\8.0.22\ref\net8.0\System.Diagnostics.TraceSource.dll" /reference:"C:\Program Files\dotnet\packs\Microsoft.NETCore.App.Ref\8.0.22\ref\net8.0\System.Diagnostics.Tracing.dll" /reference:"C:\Program Files\dotnet\packs\Microsoft.NETCore.App.Ref\8.0.22\ref\net8.0\System.dll" /reference:"C:\Program Files\dotnet\packs\Microsoft.NETCore.App.Ref\8.0.22\ref\net8.0\System.Drawing.dll" /reference:"C:\Program Files\dotnet\packs\Microsoft.NETCore.App.Ref\8.0.22\ref\net8.0\System.Drawing.Primitives.dll" /reference:"C:\Program Files\dotnet\packs\Microsoft.NETCore.App.Ref\8.0.22\ref\net8.0\System.Dynamic.Runtime.dll" /reference:"C:\Program Files\dotnet\packs\Microsoft.NETCore.App.Ref\8.0.22\ref\net8.0\System.Formats.Asn1.dll" /reference:"C:\Program Files\dotnet\packs\Microsoft.NETCore.App.Ref\8.0.22\ref\net8.0\System.Formats.Tar.dll" /reference:"C:\Program Files\dotnet\packs\Microsoft.NETCore.App.Ref\8.0.22\ref\net8.0\System.Globalization.Calendars.dll" /reference:"C:\Program Files\dotnet\packs\Microsoft.NETCore.App.Ref\8.0.22\ref\net8.0\System.Globalization.dll" /reference:"C:\Program Files\dotnet\packs\Microsoft.NETCore.App.Ref\8.0.22\ref\net8.0\System.Globalization.Extensions.dll" /reference:C:\Users\Niroshana\.nuget\packages\system.identitymodel.tokens.jwt\8.7.0\lib\net8.0\System.IdentityModel.Tokens.Jwt.dll /reference:"C:\Program Files\dotnet\packs\Microsoft.NETCore.App.Ref\8.0.22\ref\net8.0\System.IO.Compression.Brotli.dll" /reference:"C:\Program Files\dotnet\packs\Microsoft.NETCore.App.Ref\8.0.22\ref\net8.0\System.IO.Compression.dll" /reference:"C:\Program Files\dotnet\packs\Microsoft.NETCore.App.Ref\8.0.22\ref\net8.0\System.IO.Compression.FileSystem.dll" /reference:"C:\Program Files\dotnet\packs\Microsoft.NETCore.App.Ref\8.0.22\ref\net8.0\System.IO.Compression.ZipFile.dll" /reference:"C:\Program Files\dotnet\packs\Microsoft.NETCore.App.Ref\8.0.22\ref\net8.0\System.IO.dll" /reference:"C:\Program Files\dotnet\packs\Microsoft.NETCore.App.Ref\8.0.22\ref\net8.0\System.IO.FileSystem.AccessControl.dll" /reference:"C:\Program Files\dotnet\packs\Microsoft.NETCore.App.Ref\8.0.22\ref\net8.0\System.IO.FileSystem.dll" /reference:"C:\Program Files\dotnet\packs\Microsoft.NETCore.App.Ref\8.0.22\ref\net8.0\System.IO.FileSystem.DriveInfo.dll" /reference:"C:\Program Files\dotnet\packs\Microsoft.NETCore.App.Ref\8.0.22\ref\net8.0\System.IO.FileSystem.Primitives.dll" /reference:"C:\Program Files\dotnet\packs\Microsoft.NETCore.App.Ref\8.0.22\ref\net8.0\System.IO.FileSystem.Watcher.dll" /reference:C:\Users\Niroshana\.nuget\packages\system.io.hashing\6.0.0\lib\net6.0\System.IO.Hashing.dll /reference:"C:\Program Files\dotnet\packs\Microsoft.NETCore.App.Ref\8.0.22\ref\net8.0\System.IO.IsolatedStorage.dll" /reference:"C:\Program Files\dotnet\packs\Microsoft.NETCore.App.Ref\8.0.22\ref\net8.0\System.IO.MemoryMappedFiles.dll" /reference:C:\Users\Niroshana\.nuget\packages\system.io.packaging\6.0.0\lib\net6.0\System.IO.Packaging.dll /reference:"C:\Program Files\dotnet\packs\Microsoft.AspNetCore.App.Ref\8.0.22\ref\net8.0\System.IO.Pipelines.dll" /reference:"C:\Program Files\dotnet\packs\Microsoft.NETCore.App.Ref\8.0.22\ref\net8.0\System.IO.Pipes.AccessControl.dll" /reference:"C:\Program Files\dotnet\packs\Microsoft.NETCore.App.Ref\8.0.22\ref\net8.0\System.IO.Pipes.dll" /reference:"C:\Program Files\dotnet\packs\Microsoft.NETCore.App.Ref\8.0.22\ref\net8.0\System.IO.UnmanagedMemoryStream.dll" /reference:"C:\Program Files\dotnet\packs\Microsoft.NETCore.App.Ref\8.0.22\ref\net8.0\System.Linq.dll" /reference:"C:\Program Files\dotnet\packs\Microsoft.NETCore.App.Ref\8.0.22\ref\net8.0\System.Linq.Expressions.dll" /reference:"C:\Program Files\dotnet\packs\Microsoft.NETCore.App.Ref\8.0.22\ref\net8.0\System.Linq.Parallel.dll" /reference:"C:\Program Files\dotnet\packs\Microsoft.NETCore.App.Ref\8.0.22\ref\net8.0\System.Linq.Queryable.dll" /reference:C:\Users\Niroshana\.nuget\packages\system.memory.data\8.0.1\lib\net8.0\System.Memory.Data.dll /reference:"C:\Program Files\dotnet\packs\Microsoft.NETCore.App.Ref\8.0.22\ref\net8.0\System.Memory.dll" /reference:"C:\Program Files\dotnet\packs\Microsoft.NETCore.App.Ref\8.0.22\ref\net8.0\System.Net.dll" /reference:"C:\Program Files\dotnet\packs\Microsoft.NETCore.App.Ref\8.0.22\ref\net8.0\System.Net.Http.dll" /reference:"C:\Program Files\dotnet\packs\Microsoft.NETCore.App.Ref\8.0.22\ref\net8.0\System.Net.Http.Json.dll" /reference:"C:\Program Files\dotnet\packs\Microsoft.NETCore.App.Ref\8.0.22\ref\net8.0\System.Net.HttpListener.dll" /reference:"C:\Program Files\dotnet\packs\Microsoft.NETCore.App.Ref\8.0.22\ref\net8.0\System.Net.Mail.dll" /reference:"C:\Program Files\dotnet\packs\Microsoft.NETCore.App.Ref\8.0.22\ref\net8.0\System.Net.NameResolution.dll" /reference:"C:\Program Files\dotnet\packs\Microsoft.NETCore.App.Ref\8.0.22\ref\net8.0\System.Net.NetworkInformation.dll" /reference:"C:\Program Files\dotnet\packs\Microsoft.NETCore.App.Ref\8.0.22\ref\net8.0\System.Net.Ping.dll" /reference:"C:\Program Files\dotnet\packs\Microsoft.NETCore.App.Ref\8.0.22\ref\net8.0\System.Net.Primitives.dll" /reference:"C:\Program Files\dotnet\packs\Microsoft.NETCore.App.Ref\8.0.22\ref\net8.0\System.Net.Quic.dll" /reference:"C:\Program Files\dotnet\packs\Microsoft.NETCore.App.Ref\8.0.22\ref\net8.0\System.Net.Requests.dll" /reference:"C:\Program Files\dotnet\packs\Microsoft.NETCore.App.Ref\8.0.22\ref\net8.0\System.Net.Security.dll" /reference:"C:\Program Files\dotnet\packs\Microsoft.NETCore.App.Ref\8.0.22\ref\net8.0\System.Net.ServicePoint.dll" /reference:"C:\Program Files\dotnet\packs\Microsoft.NETCore.App.Ref\8.0.22\ref\net8.0\System.Net.Sockets.dll" /reference:"C:\Program Files\dotnet\packs\Microsoft.NETCore.App.Ref\8.0.22\ref\net8.0\System.Net.WebClient.dll" /reference:"C:\Program Files\dotnet\packs\Microsoft.NETCore.App.Ref\8.0.22\ref\net8.0\System.Net.WebHeaderCollection.dll" /reference:"C:\Program Files\dotnet\packs\Microsoft.NETCore.App.Ref\8.0.22\ref\net8.0\System.Net.WebProxy.dll" /reference:"C:\Program Files\dotnet\packs\Microsoft.NETCore.App.Ref\8.0.22\ref\net8.0\System.Net.WebSockets.Client.dll" /reference:"C:\Program Files\dotnet\packs\Microsoft.NETCore.App.Ref\8.0.22\ref\net8.0\System.Net.WebSockets.dll" /reference:"C:\Program Files\dotnet\packs\Microsoft.NETCore.App.Ref\8.0.22\ref\net8.0\System.Numerics.dll" /reference:"C:\Program Files\dotnet\packs\Microsoft.NETCore.App.Ref\8.0.22\ref\net8.0\System.Numerics.Vectors.dll" /reference:"C:\Program Files\dotnet\packs\Microsoft.NETCore.App.Ref\8.0.22\ref\net8.0\System.ObjectModel.dll" /reference:"C:\Program Files\dotnet\packs\Microsoft.NETCore.App.Ref\8.0.22\ref\net8.0\System.Reflection.DispatchProxy.dll" /reference:"C:\Program Files\dotnet\packs\Microsoft.NETCore.App.Ref\8.0.22\ref\net8.0\System.Reflection.dll" /reference:"C:\Program Files\dotnet\packs\Microsoft.NETCore.App.Ref\8.0.22\ref\net8.0\System.Reflection.Emit.dll" /reference:"C:\Program Files\dotnet\packs\Microsoft.NETCore.App.Ref\8.0.22\ref\net8.0\System.Reflection.Emit.ILGeneration.dll" /reference:"C:\Program Files\dotnet\packs\Microsoft.NETCore.App.Ref\8.0.22\ref\net8.0\System.Reflection.Emit.Lightweight.dll" /reference:"C:\Program Files\dotnet\packs\Microsoft.NETCore.App.Ref\8.0.22\ref\net8.0\System.Reflection.Extensions.dll" /reference:"C:\Program Files\dotnet\packs\Microsoft.NETCore.App.Ref\8.0.22\ref\net8.0\System.Reflection.Metadata.dll" /reference:"C:\Program Files\dotnet\packs\Microsoft.NETCore.App.Ref\8.0.22\ref\net8.0\System.Reflection.Primitives.dll" /reference:"C:\Program Files\dotnet\packs\Microsoft.NETCore.App.Ref\8.0.22\ref\net8.0\System.Reflection.TypeExtensions.dll" /reference:"C:\Program Files\dotnet\packs\Microsoft.NETCore.App.Ref\8.0.22\ref\net8.0\System.Resources.Reader.dll" /reference:"C:\Program Files\dotnet\packs\Microsoft.NETCore.App.Ref\8.0.22\ref\net8.0\System.Resources.ResourceManager.dll" /reference:"C:\Program Files\dotnet\packs\Microsoft.NETCore.App.Ref\8.0.22\ref\net8.0\System.Resources.Writer.dll" /reference:"C:\Program Files\dotnet\packs\Microsoft.NETCore.App.Ref\8.0.22\ref\net8.0\System.Runtime.CompilerServices.Unsafe.dll" /reference:"C:\Program Files\dotnet\packs\Microsoft.NETCore.App.Ref\8.0.22\ref\net8.0\System.Runtime.CompilerServices.VisualC.dll" /reference:"C:\Program Files\dotnet\packs\Microsoft.NETCore.App.Ref\8.0.22\ref\net8.0\System.Runtime.dll" /reference:"C:\Program Files\dotnet\packs\Microsoft.NETCore.App.Ref\8.0.22\ref\net8.0\System.Runtime.Extensions.dll" /reference:"C:\Program Files\dotnet\packs\Microsoft.NETCore.App.Ref\8.0.22\ref\net8.0\System.Runtime.Handles.dll" /reference:"C:\Program Files\dotnet\packs\Microsoft.NETCore.App.Ref\8.0.22\ref\net8.0\System.Runtime.InteropServices.dll" /reference:"C:\Program Files\dotnet\packs\Microsoft.NETCore.App.Ref\8.0.22\ref\net8.0\System.Runtime.InteropServices.JavaScript.dll" /reference:"C:\Program Files\dotnet\packs\Microsoft.NETCore.App.Ref\8.0.22\ref\net8.0\System.Runtime.InteropServices.RuntimeInformation.dll" /reference:"C:\Program Files\dotnet\packs\Microsoft.NETCore.App.Ref\8.0.22\ref\net8.0\System.Runtime.Intrinsics.dll" /reference:"C:\Program Files\dotnet\packs\Microsoft.NETCore.App.Ref\8.0.22\ref\net8.0\System.Runtime.Loader.dll" /reference:"C:\Program Files\dotnet\packs\Microsoft.NETCore.App.Ref\8.0.22\ref\net8.0\System.Runtime.Numerics.dll" /reference:"C:\Program Files\dotnet\packs\Microsoft.NETCore.App.Ref\8.0.22\ref\net8.0\System.Runtime.Serialization.dll" /reference:"C:\Program Files\dotnet\packs\Microsoft.NETCore.App.Ref\8.0.22\ref\net8.0\System.Runtime.Serialization.Formatters.dll" /reference:"C:\Program Files\dotnet\packs\Microsoft.NETCore.App.Ref\8.0.22\ref\net8.0\System.Runtime.Serialization.Json.dll" /reference:"C:\Program Files\dotnet\packs\Microsoft.NETCore.App.Ref\8.0.22\ref\net8.0\System.Runtime.Serialization.Primitives.dll" /reference:"C:\Program Files\dotnet\packs\Microsoft.NETCore.App.Ref\8.0.22\ref\net8.0\System.Runtime.Serialization.Xml.dll" /reference:"C:\Program Files\dotnet\packs\Microsoft.NETCore.App.Ref\8.0.22\ref\net8.0\System.Security.AccessControl.dll" /reference:"C:\Program Files\dotnet\packs\Microsoft.NETCore.App.Ref\8.0.22\ref\net8.0\System.Security.Claims.dll" /reference:"C:\Program Files\dotnet\packs\Microsoft.NETCore.App.Ref\8.0.22\ref\net8.0\System.Security.Cryptography.Algorithms.dll" /reference:"C:\Program Files\dotnet\packs\Microsoft.NETCore.App.Ref\8.0.22\ref\net8.0\System.Security.Cryptography.Cng.dll" /reference:"C:\Program Files\dotnet\packs\Microsoft.NETCore.App.Ref\8.0.22\ref\net8.0\System.Security.Cryptography.Csp.dll" /reference:"C:\Program Files\dotnet\packs\Microsoft.NETCore.App.Ref\8.0.22\ref\net8.0\System.Security.Cryptography.dll" /reference:"C:\Program Files\dotnet\packs\Microsoft.NETCore.App.Ref\8.0.22\ref\net8.0\System.Security.Cryptography.Encoding.dll" /reference:"C:\Program Files\dotnet\packs\Microsoft.NETCore.App.Ref\8.0.22\ref\net8.0\System.Security.Cryptography.OpenSsl.dll" /reference:C:\Users\Niroshana\.nuget\packages\system.security.cryptography.pkcs\8.0.0\lib\net8.0\System.Security.Cryptography.Pkcs.dll /reference:"C:\Program Files\dotnet\packs\Microsoft.NETCore.App.Ref\8.0.22\ref\net8.0\System.Security.Cryptography.Primitives.dll" /reference:C:\Users\Niroshana\.nuget\packages\system.security.cryptography.protecteddata\8.0.0\lib\net8.0\System.Security.Cryptography.ProtectedData.dll /reference:"C:\Program Files\dotnet\packs\Microsoft.NETCore.App.Ref\8.0.22\ref\net8.0\System.Security.Cryptography.X509Certificates.dll" /reference:"C:\Program Files\dotnet\packs\Microsoft.AspNetCore.App.Ref\8.0.22\ref\net8.0\System.Security.Cryptography.Xml.dll" /reference:"C:\Program Files\dotnet\packs\Microsoft.NETCore.App.Ref\8.0.22\ref\net8.0\System.Security.dll" /reference:"C:\Program Files\dotnet\packs\Microsoft.NETCore.App.Ref\8.0.22\ref\net8.0\System.Security.Principal.dll" /reference:"C:\Program Files\dotnet\packs\Microsoft.NETCore.App.Ref\8.0.22\ref\net8.0\System.Security.Principal.Windows.dll" /reference:"C:\Program Files\dotnet\packs\Microsoft.NETCore.App.Ref\8.0.22\ref\net8.0\System.Security.SecureString.dll" /reference:"C:\Program Files\dotnet\packs\Microsoft.NETCore.App.Ref\8.0.22\ref\net8.0\System.ServiceModel.Web.dll" /reference:"C:\Program Files\dotnet\packs\Microsoft.NETCore.App.Ref\8.0.22\ref\net8.0\System.ServiceProcess.dll" /reference:"C:\Program Files\dotnet\packs\Microsoft.NETCore.App.Ref\8.0.22\ref\net8.0\System.Text.Encoding.CodePages.dll" /reference:"C:\Program Files\dotnet\packs\Microsoft.NETCore.App.Ref\8.0.22\ref\net8.0\System.Text.Encoding.dll" /reference:"C:\Program Files\dotnet\packs\Microsoft.NETCore.App.Ref\8.0.22\ref\net8.0\System.Text.Encoding.Extensions.dll" /reference:"C:\Program Files\dotnet\packs\Microsoft.NETCore.App.Ref\8.0.22\ref\net8.0\System.Text.Encodings.Web.dll" /reference:"C:\Program Files\dotnet\packs\Microsoft.NETCore.App.Ref\8.0.22\ref\net8.0\System.Text.Json.dll" /reference:"C:\Program Files\dotnet\packs\Microsoft.NETCore.App.Ref\8.0.22\ref\net8.0\System.Text.RegularExpressions.dll" /reference:"C:\Program Files\dotnet\packs\Microsoft.NETCore.App.Ref\8.0.22\ref\net8.0\System.Threading.Channels.dll" /reference:"C:\Program Files\dotnet\packs\Microsoft.NETCore.App.Ref\8.0.22\ref\net8.0\System.Threading.dll" /reference:"C:\Program Files\dotnet\packs\Microsoft.NETCore.App.Ref\8.0.22\ref\net8.0\System.Threading.Overlapped.dll" /reference:"C:\Program Files\dotnet\packs\Microsoft.AspNetCore.App.Ref\8.0.22\ref\net8.0\System.Threading.RateLimiting.dll" /reference:"C:\Program Files\dotnet\packs\Microsoft.NETCore.App.Ref\8.0.22\ref\net8.0\System.Threading.Tasks.Dataflow.dll" /reference:"C:\Program Files\dotnet\packs\Microsoft.NETCore.App.Ref\8.0.22\ref\net8.0\System.Threading.Tasks.dll" /reference:"C:\Program Files\dotnet\packs\Microsoft.NETCore.App.Ref\8.0.22\ref\net8.0\System.Threading.Tasks.Extensions.dll" /reference:"C:\Program Files\dotnet\packs\Microsoft.NETCore.App.Ref\8.0.22\ref\net8.0\System.Threading.Tasks.Parallel.dll" /reference:"C:\Program Files\dotnet\packs\Microsoft.NETCore.App.Ref\8.0.22\ref\net8.0\System.Threading.Thread.dll" /reference:"C:\Program Files\dotnet\packs\Microsoft.NETCore.App.Ref\8.0.22\ref\net8.0\System.Threading.ThreadPool.dll" /reference:"C:\Program Files\dotnet\packs\Microsoft.NETCore.App.Ref\8.0.22\ref\net8.0\System.Threading.Timer.dll" /reference:"C:\Program Files\dotnet\packs\Microsoft.NETCore.App.Ref\8.0.22\ref\net8.0\System.Transactions.dll" /reference:"C:\Program Files\dotnet\packs\Microsoft.NETCore.App.Ref\8.0.22\ref\net8.0\System.Transactions.Local.dll" /reference:"C:\Program Files\dotnet\packs\Microsoft.NETCore.App.Ref\8.0.22\ref\net8.0\System.ValueTuple.dll" /reference:"C:\Program Files\dotnet\packs\Microsoft.NETCore.App.Ref\8.0.22\ref\net8.0\System.Web.dll" /reference:"C:\Program Files\dotnet\packs\Microsoft.NETCore.App.Ref\8.0.22\ref\net8.0\System.Web.HttpUtility.dll" /reference:"C:\Program Files\dotnet\packs\Microsoft.NETCore.App.Ref\8.0.22\ref\net8.0\System.Windows.dll" /reference:"C:\Program Files\dotnet\packs\Microsoft.NETCore.App.Ref\8.0.22\ref\net8.0\System.Xml.dll" /reference:"C:\Program Files\dotnet\packs\Microsoft.NETCore.App.Ref\8.0.22\ref\net8.0\System.Xml.Linq.dll" /reference:"C:\Program Files\dotnet\packs\Microsoft.NETCore.App.Ref\8.0.22\ref\net8.0\System.Xml.ReaderWriter.dll" /reference:"C:\Program Files\dotnet\packs\Microsoft.NETCore.App.Ref\8.0.22\ref\net8.0\System.Xml.Serialization.dll" /reference:"C:\Program Files\dotnet\packs\Microsoft.NETCore.App.Ref\8.0.22\ref\net8.0\System.Xml.XDocument.dll" /reference:"C:\Program Files\dotnet\packs\Microsoft.NETCore.App.Ref\8.0.22\ref\net8.0\System.Xml.XmlDocument.dll" /reference:"C:\Program Files\dotnet\packs\Microsoft.NETCore.App.Ref\8.0.22\ref\net8.0\System.Xml.XmlSerializer.dll" /reference:"C:\Program Files\dotnet\packs\Microsoft.NETCore.App.Ref\8.0.22\ref\net8.0\System.Xml.XPath.dll" /reference:"C:\Program Files\dotnet\packs\Microsoft.NETCore.App.Ref\8.0.22\ref\net8.0\System.Xml.XPath.XDocument.dll" /reference:C:\Users\Niroshana\.nuget\packages\testcontainers\3.9.0\lib\net8.0\Testcontainers.dll /reference:C:\Users\Niroshana\.nuget\packages\testcontainers.postgresql\3.9.0\lib\net8.0\Testcontainers.PostgreSql.dll /reference:C:\Users\Niroshana\.nuget\packages\microsoft.testplatform.testhost\17.12.0\lib\netcoreapp3.1\testhost.dll /reference:"C:\Program Files\dotnet\packs\Microsoft.NETCore.App.Ref\8.0.22\ref\net8.0\WindowsBase.dll" /reference:C:\Users\Niroshana\.nuget\packages\xlparser\1.5.2\lib\netstandard1.6\XLParser.dll /reference:C:\Users\Niroshana\.nuget\packages\xunit.abstractions\2.0.3\lib\netstandard2.0\xunit.abstractions.dll /reference:C:\Users\Niroshana\.nuget\packages\xunit.assert\2.5.3\lib\netstandard1.1\xunit.assert.dll /reference:C:\Users\Niroshana\.nuget\packages\xunit.extensibility.core\2.5.3\lib\netstandard1.1\xunit.core.dll /reference:C:\Users\Niroshana\.nuget\packages\xunit.extensibility.execution\2.5.3\lib\netstandard1.1\xunit.execution.dotnet.dll /debug+ /debug:portable /filealign:512 /optimize- /out:obj\Debug\net8.0\LankaConnect.Infrastructure.Tests.dll /refout:obj\Debug\net8.0\refint\LankaConnect.Infrastructure.Tests.dll /target:exe /warnaserror+ /utf8output /deterministic+ /sourcelink:obj\Debug\net8.0\LankaConnect.Infrastructure.Tests.sourcelink.json /langversion:12.0 /embed:C:\Users\Niroshana\.nuget\packages\microsoft.net.test.sdk\17.12.0\build\netcoreapp3.1\Microsoft.NET.Test.Sdk.Program.cs /embed:obj\Debug\net8.0\LankaConnect.Infrastructure.Tests.GlobalUsings.g.cs /embed:"obj\Debug\net8.0\.NETCoreApp,Version=v8.0.AssemblyAttributes.cs" /embed:obj\Debug\net8.0\LankaConnect.Infrastructure.Tests.AssemblyInfo.cs /analyzerconfig:C:\Work\LankaConnect\.editorconfig /analyzerconfig:obj\Debug\net8.0\LankaConnect.Infrastructure.Tests.GeneratedMSBuildEditorConfig.editorconfig /analyzerconfig:"C:\Program Files\dotnet\sdk\8.0.416\Sdks\Microsoft.NET.Sdk\analyzers\build\config\analysislevel_8_default.globalconfig" /analyzer:"C:\Program Files\dotnet\sdk\8.0.416\Sdks\Microsoft.NET.Sdk\targets\..\analyzers\Microsoft.CodeAnalysis.CSharp.NetAnalyzers.dll" /analyzer:"C:\Program Files\dotnet\sdk\8.0.416\Sdks\Microsoft.NET.Sdk\targets\..\analyzers\Microsoft.CodeAnalysis.NetAnalyzers.dll" /analyzer:"C:\Program Files\dotnet\sdk\8.0.416\Sdks\Microsoft.NET.Sdk\targets\..\codestyle\cs\Microsoft.CodeAnalysis.CodeStyle.dll" /analyzer:"C:\Program Files\dotnet\sdk\8.0.416\Sdks\Microsoft.NET.Sdk\targets\..\codestyle\cs\Microsoft.CodeAnalysis.CodeStyle.Fixes.dll" /analyzer:"C:\Program Files\dotnet\sdk\8.0.416\Sdks\Microsoft.NET.Sdk\targets\..\codestyle\cs\Microsoft.CodeAnalysis.CSharp.CodeStyle.dll" /analyzer:"C:\Program Files\dotnet\sdk\8.0.416\Sdks\Microsoft.NET.Sdk\targets\..\codestyle\cs\Microsoft.CodeAnalysis.CSharp.CodeStyle.Fixes.dll" /analyzer:C:\Users\Niroshana\.nuget\packages\microsoft.codeanalysis.analyzers\3.3.3\analyzers\dotnet\cs\Microsoft.CodeAnalysis.Analyzers.dll /analyzer:C:\Users\Niroshana\.nuget\packages\microsoft.codeanalysis.analyzers\3.3.3\analyzers\dotnet\cs\Microsoft.CodeAnalysis.CSharp.Analyzers.dll /analyzer:C:\Users\Niroshana\.nuget\packages\microsoft.entityframeworkcore.analyzers\8.0.19\analyzers\dotnet\cs\Microsoft.EntityFrameworkCore.Analyzers.dll /analyzer:C:\Users\Niroshana\.nuget\packages\system.clientmodel\1.7.0\analyzers\dotnet\cs\System.ClientModel.SourceGeneration.dll /analyzer:C:\Users\Niroshana\.nuget\packages\xunit.analyzers\1.4.0\analyzers\dotnet\cs\xunit.analyzers.dll /analyzer:C:\Users\Niroshana\.nuget\packages\xunit.analyzers\1.4.0\analyzers\dotnet\cs\xunit.analyzers.fixes.dll /analyzer:"C:\Program Files\dotnet\packs\Microsoft.NETCore.App.Ref\8.0.22\analyzers/dotnet/cs/Microsoft.Interop.ComInterfaceGenerator.dll" /analyzer:"C:\Program Files\dotnet\packs\Microsoft.NETCore.App.Ref\8.0.22\analyzers/dotnet/cs/Microsoft.Interop.JavaScript.JSImportGenerator.dll" /analyzer:"C:\Program Files\dotnet\packs\Microsoft.NETCore.App.Ref\8.0.22\analyzers/dotnet/cs/Microsoft.Interop.LibraryImportGenerator.dll" /analyzer:"C:\Program Files\dotnet\packs\Microsoft.NETCore.App.Ref\8.0.22\analyzers/dotnet/cs/Microsoft.Interop.SourceGeneration.dll" /analyzer:"C:\Program Files\dotnet\packs\Microsoft.NETCore.App.Ref\8.0.22\analyzers/dotnet/cs/System.Text.Json.SourceGeneration.dll" /analyzer:"C:\Program Files\dotnet\packs\Microsoft.NETCore.App.Ref\8.0.22\analyzers/dotnet/cs/System.Text.RegularExpressions.Generator.dll" /analyzer:"C:\Program Files\dotnet\packs\Microsoft.AspNetCore.App.Ref\8.0.22\analyzers/dotnet/cs/Microsoft.AspNetCore.App.Analyzers.dll" /analyzer:"C:\Program Files\dotnet\packs\Microsoft.AspNetCore.App.Ref\8.0.22\analyzers/dotnet/cs/Microsoft.AspNetCore.App.CodeFixes.dll" /analyzer:"C:\Program Files\dotnet\packs\Microsoft.AspNetCore.App.Ref\8.0.22\analyzers/dotnet/cs/Microsoft.AspNetCore.Components.Analyzers.dll" /analyzer:"C:\Program Files\dotnet\packs\Microsoft.AspNetCore.App.Ref\8.0.22\analyzers/dotnet/roslyn4.4/cs/Microsoft.Extensions.Logging.Generators.dll" /analyzer:"C:\Program Files\dotnet\packs\Microsoft.AspNetCore.App.Ref\8.0.22\analyzers/dotnet/roslyn4.4/cs/Microsoft.Extensions.Options.SourceGeneration.dll" Domain\Events\ValueObjects\AttendeeInfoTests.cs Domain\Events\ValueObjects\USStateHelperTests.cs Services\Export\CsvExportServiceLineEndingTests.cs C:\Users\Niroshana\.nuget\packages\microsoft.net.test.sdk\17.12.0\build\netcoreapp3.1\Microsoft.NET.Test.Sdk.Program.cs obj\Debug\net8.0\LankaConnect.Infrastructure.Tests.GlobalUsings.g.cs "obj\Debug\net8.0\.NETCoreApp,Version=v8.0.AssemblyAttributes.cs" obj\Debug\net8.0\LankaConnect.Infrastructure.Tests.AssemblyInfo.cs /warnaserror+:NU1605,SYSLIB0011 /warnaserror-:CS1591,NU1902,NU1605
     1>C:\Work\LankaConnect\tests\LankaConnect.Infrastructure.Tests\Services\Export\CsvExportServiceLineEndingTests.cs(21,6): error CS0246: The type or namespace name 'FactAttribute' could not be found (are you missing a using directive or an assembly reference?) [C:\Work\LankaConnect\tests\LankaConnect.Infrastructure.Tests\LankaConnect.Infrastructure.Tests.csproj]
     1>C:\Work\LankaConnect\tests\LankaConnect.Infrastructure.Tests\Services\Export\CsvExportServiceLineEndingTests.cs(21,6): error CS0246: The type or namespace name 'Fact' could not be found (are you missing a using directive or an assembly reference?) [C:\Work\LankaConnect\tests\LankaConnect.Infrastructure.Tests\LankaConnect.Infrastructure.Tests.csproj]
     1>C:\Work\LankaConnect\tests\LankaConnect.Infrastructure.Tests\Services\Export\CsvExportServiceLineEndingTests.cs(123,6): error CS0246: The type or namespace name 'FactAttribute' could not be found (are you missing a using directive or an assembly reference?) [C:\Work\LankaConnect\tests\LankaConnect.Infrastructure.Tests\LankaConnect.Infrastructure.Tests.csproj]
     1>C:\Work\LankaConnect\tests\LankaConnect.Infrastructure.Tests\Services\Export\CsvExportServiceLineEndingTests.cs(123,6): error CS0246: The type or namespace name 'Fact' could not be found (are you missing a using directive or an assembly reference?) [C:\Work\LankaConnect\tests\LankaConnect.Infrastructure.Tests\LankaConnect.Infrastructure.Tests.csproj]
     1>C:\Work\LankaConnect\tests\LankaConnect.Infrastructure.Tests\Services\Export\CsvExportServiceLineEndingTests.cs(170,6): error CS0246: The type or namespace name 'FactAttribute' could not be found (are you missing a using directive or an assembly reference?) [C:\Work\LankaConnect\tests\LankaConnect.Infrastructure.Tests\LankaConnect.Infrastructure.Tests.csproj]
     1>C:\Work\LankaConnect\tests\LankaConnect.Infrastructure.Tests\Services\Export\CsvExportServiceLineEndingTests.cs(170,6): error CS0246: The type or namespace name 'Fact' could not be found (are you missing a using directive or an assembly reference?) [C:\Work\LankaConnect\tests\LankaConnect.Infrastructure.Tests\LankaConnect.Infrastructure.Tests.csproj]
     1>C:\Work\LankaConnect\tests\LankaConnect.Infrastructure.Tests\Services\Export\CsvExportServiceLineEndingTests.cs(240,6): error CS0246: The type or namespace name 'FactAttribute' could not be found (are you missing a using directive or an assembly reference?) [C:\Work\LankaConnect\tests\LankaConnect.Infrastructure.Tests\LankaConnect.Infrastructure.Tests.csproj]
     1>C:\Work\LankaConnect\tests\LankaConnect.Infrastructure.Tests\Services\Export\CsvExportServiceLineEndingTests.cs(240,6): error CS0246: The type or namespace name 'Fact' could not be found (are you missing a using directive or an assembly reference?) [C:\Work\LankaConnect\tests\LankaConnect.Infrastructure.Tests\LankaConnect.Infrastructure.Tests.csproj]
         CompilerServer: server - server processed compilation - LankaConnect.Infrastructure.Tests (net8.0)
     1>Done Building Project "C:\Work\LankaConnect\tests\LankaConnect.Infrastructure.Tests\LankaConnect.Infrastructure.Tests.csproj" (default targets) -- FAILED.
     1>Done Building Project "C:\Work\LankaConnect\tests\LankaConnect.Infrastructure.Tests\LankaConnect.Infrastructure.Tests.csproj" (VSTest target(s)) -- FAILED.

Build FAILED.

       "C:\Work\LankaConnect\tests\LankaConnect.Infrastructure.Tests\LankaConnect.Infrastructure.Tests.csproj" (VSTest target) (1:7) ->
       "C:\Work\LankaConnect\tests\LankaConnect.Infrastructure.Tests\LankaConnect.Infrastructure.Tests.csproj" (default target) (1:8) ->
       (CoreCompile target) -> 
         C:\Work\LankaConnect\tests\LankaConnect.Infrastructure.Tests\Services\Export\CsvExportServiceLineEndingTests.cs(21,6): error CS0246: The type or namespace name 'FactAttribute' could not be found (are you missing a using directive or an assembly reference?) [C:\Work\LankaConnect\tests\LankaConnect.Infrastructure.Tests\LankaConnect.Infrastructure.Tests.csproj]
         C:\Work\LankaConnect\tests\LankaConnect.Infrastructure.Tests\Services\Export\CsvExportServiceLineEndingTests.cs(21,6): error CS0246: The type or namespace name 'Fact' could not be found (are you missing a using directive or an assembly reference?) [C:\Work\LankaConnect\tests\LankaConnect.Infrastructure.Tests\LankaConnect.Infrastructure.Tests.csproj]
         C:\Work\LankaConnect\tests\LankaConnect.Infrastructure.Tests\Services\Export\CsvExportServiceLineEndingTests.cs(123,6): error CS0246: The type or namespace name 'FactAttribute' could not be found (are you missing a using directive or an assembly reference?) [C:\Work\LankaConnect\tests\LankaConnect.Infrastructure.Tests\LankaConnect.Infrastructure.Tests.csproj]
         C:\Work\LankaConnect\tests\LankaConnect.Infrastructure.Tests\Services\Export\CsvExportServiceLineEndingTests.cs(123,6): error CS0246: The type or namespace name 'Fact' could not be found (are you missing a using directive or an assembly reference?) [C:\Work\LankaConnect\tests\LankaConnect.Infrastructure.Tests\LankaConnect.Infrastructure.Tests.csproj]
         C:\Work\LankaConnect\tests\LankaConnect.Infrastructure.Tests\Services\Export\CsvExportServiceLineEndingTests.cs(170,6): error CS0246: The type or namespace name 'FactAttribute' could not be found (are you missing a using directive or an assembly reference?) [C:\Work\LankaConnect\tests\LankaConnect.Infrastructure.Tests\LankaConnect.Infrastructure.Tests.csproj]
         C:\Work\LankaConnect\tests\LankaConnect.Infrastructure.Tests\Services\Export\CsvExportServiceLineEndingTests.cs(170,6): error CS0246: The type or namespace name 'Fact' could not be found (are you missing a using directive or an assembly reference?) [C:\Work\LankaConnect\tests\LankaConnect.Infrastructure.Tests\LankaConnect.Infrastructure.Tests.csproj]
         C:\Work\LankaConnect\tests\LankaConnect.Infrastructure.Tests\Services\Export\CsvExportServiceLineEndingTests.cs(240,6): error CS0246: The type or namespace name 'FactAttribute' could not be found (are you missing a using directive or an assembly reference?) [C:\Work\LankaConnect\tests\LankaConnect.Infrastructure.Tests\LankaConnect.Infrastructure.Tests.csproj]
         C:\Work\LankaConnect\tests\LankaConnect.Infrastructure.Tests\Services\Export\CsvExportServiceLineEndingTests.cs(240,6): error CS0246: The type or namespace name 'Fact' could not be found (are you missing a using directive or an assembly reference?) [C:\Work\LankaConnect\tests\LankaConnect.Infrastructure.Tests\LankaConnect.Infrastructure.Tests.csproj]

    0 Warning(s)
    8 Error(s)

Time Elapsed 00:00:49.70
